Defaulted container "builder" out of: builder, bootstrap (init)
[clickhouse-builder-0.clickhouse-builder.ch-builder.svc.cluster.local] 2026.05.13 01:31:27 [ 0 ] Query: 1 (increment)
[clickhouse-builder-0.clickhouse-builder.ch-builder.svc.cluster.local] 2026.05.13 01:31:27 [ 0 ] SelectQuery: 1 (increment)
[clickhouse-builder-0.clickhouse-builder.ch-builder.svc.cluster.local] 2026.05.13 01:31:27 [ 0 ] InitialQuery: 1 (increment)
[clickhouse-builder-0.clickhouse-builder.ch-builder.svc.cluster.local] 2026.05.13 01:31:27 [ 0 ] InitialSelectQuery: 1 (increment)
[clickhouse-builder-0.clickhouse-builder.ch-builder.svc.cluster.local] 2026.05.13 01:31:27 [ 0 ] QueriesWithSubqueries: 1 (increment)
[clickhouse-builder-0.clickhouse-builder.ch-builder.svc.cluster.local] 2026.05.13 01:31:27 [ 0 ] SelectQueriesWithSubqueries: 1 (increment)
[clickhouse-builder-0.clickhouse-builder.ch-builder.svc.cluster.local] 2026.05.13 01:31:27 [ 0 ] FileOpen: 310 (increment)
[clickhouse-builder-0.clickhouse-builder.ch-builder.svc.cluster.local] 2026.05.13 01:31:27 [ 0 ] ReadBufferFromFileDescriptorRead: 700 (increment)
[clickhouse-builder-0.clickhouse-builder.ch-builder.svc.cluster.local] 2026.05.13 01:31:27 [ 0 ] ReadBufferFromFileDescriptorReadBytes: 25810 (increment)
[clickhouse-builder-0.clickhouse-builder.ch-builder.svc.cluster.local] 2026.05.13 01:31:27 [ 0 ] ReadCompressedBytes: 126636 (increment)
[clickhouse-builder-0.clickhouse-builder.ch-builder.svc.cluster.local] 2026.05.13 01:31:27 [ 0 ] CompressedReadBufferBlocks: 3 (increment)
[clickhouse-builder-0.clickhouse-builder.ch-builder.svc.cluster.local] 2026.05.13 01:31:27 [ 0 ] CompressedReadBufferBytes: 196608 (increment)
[clickhouse-builder-0.clickhouse-builder.ch-builder.svc.cluster.local] 2026.05.13 01:31:27 [ 0 ] OpenedFileCacheHits: 40 (increment)
[clickhouse-builder-0.clickhouse-builder.ch-builder.svc.cluster.local] 2026.05.13 01:31:27 [ 0 ] OpenedFileCacheMisses: 310 (increment)
[clickhouse-builder-0.clickhouse-builder.ch-builder.svc.cluster.local] 2026.05.13 01:31:27 [ 0 ] OpenedFileCacheMicroseconds: 143 (increment)
[clickhouse-builder-0.clickhouse-builder.ch-builder.svc.cluster.local] 2026.05.13 01:31:27 [ 0 ] IOBufferAllocs: 1053 (increment)
[clickhouse-builder-0.clickhouse-builder.ch-builder.svc.cluster.local] 2026.05.13 01:31:27 [ 0 ] IOBufferAllocBytes: 371260555 (increment)
[clickhouse-builder-0.clickhouse-builder.ch-builder.svc.cluster.local] 2026.05.13 01:31:27 [ 0 ] MarkCacheHits: 350 (increment)
[clickhouse-builder-0.clickhouse-builder.ch-builder.svc.cluster.local] 2026.05.13 01:31:27 [ 0 ] CreatedReadBufferOrdinary: 350 (increment)
[clickhouse-builder-0.clickhouse-builder.ch-builder.svc.cluster.local] 2026.05.13 01:31:27 [ 0 ] DiskReadElapsedMicroseconds: 604 (increment)
[clickhouse-builder-0.clickhouse-builder.ch-builder.svc.cluster.local] 2026.05.13 01:31:27 [ 0 ] NetworkReceiveElapsedMicroseconds: 2 (increment)
[clickhouse-builder-0.clickhouse-builder.ch-builder.svc.cluster.local] 2026.05.13 01:31:27 [ 0 ] NetworkSendElapsedMicroseconds: 42 (increment)
[clickhouse-builder-0.clickhouse-builder.ch-builder.svc.cluster.local] 2026.05.13 01:31:27 [ 0 ] NetworkSendBytes: 69 (increment)
[clickhouse-builder-0.clickhouse-builder.ch-builder.svc.cluster.local] 2026.05.13 01:31:27 [ 0 ] GlobalThreadPoolLockWaitMicroseconds: 61 (increment)
[clickhouse-builder-0.clickhouse-builder.ch-builder.svc.cluster.local] 2026.05.13 01:31:27 [ 0 ] GlobalThreadPoolJobs: 54 (increment)
[clickhouse-builder-0.clickhouse-builder.ch-builder.svc.cluster.local] 2026.05.13 01:31:27 [ 0 ] LocalThreadPoolExpansions: 53 (increment)
[clickhouse-builder-0.clickhouse-builder.ch-builder.svc.cluster.local] 2026.05.13 01:31:27 [ 0 ] LocalThreadPoolShrinks: 5 (increment)
[clickhouse-builder-0.clickhouse-builder.ch-builder.svc.cluster.local] 2026.05.13 01:31:27 [ 0 ] LocalThreadPoolThreadCreationMicroseconds: 312 (increment)
[clickhouse-builder-0.clickhouse-builder.ch-builder.svc.cluster.local] 2026.05.13 01:31:27 [ 0 ] LocalThreadPoolLockWaitMicroseconds: 641 (increment)
[clickhouse-builder-0.clickhouse-builder.ch-builder.svc.cluster.local] 2026.05.13 01:31:27 [ 0 ] LocalThreadPoolJobs: 453 (increment)
[clickhouse-builder-0.clickhouse-builder.ch-builder.svc.cluster.local] 2026.05.13 01:31:27 [ 0 ] QueryPlanOptimizeMicroseconds: 70 (increment)
[clickhouse-builder-0.clickhouse-builder.ch-builder.svc.cluster.local] 2026.05.13 01:31:27 [ 0 ] IndexAnalysisRounds: 1 (increment)
[clickhouse-builder-0.clickhouse-builder.ch-builder.svc.cluster.local] 2026.05.13 01:31:27 [ 0 ] SelectedParts: 5 (increment)
[clickhouse-builder-0.clickhouse-builder.ch-builder.svc.cluster.local] 2026.05.13 01:31:27 [ 0 ] SelectedPartsTotal: 5 (increment)
[clickhouse-builder-0.clickhouse-builder.ch-builder.svc.cluster.local] 2026.05.13 01:31:27 [ 0 ] SelectedRanges: 5 (increment)
[clickhouse-builder-0.clickhouse-builder.ch-builder.svc.cluster.local] 2026.05.13 01:31:27 [ 0 ] SelectedMarks: 612 (increment)
[clickhouse-builder-0.clickhouse-builder.ch-builder.svc.cluster.local] 2026.05.13 01:31:27 [ 0 ] SelectedMarksTotal: 612 (increment)
[clickhouse-builder-0.clickhouse-builder.ch-builder.svc.cluster.local] 2026.05.13 01:31:27 [ 0 ] FilteringMarksWithPrimaryKeyProcessedMarks: 612 (increment)
[clickhouse-builder-0.clickhouse-builder.ch-builder.svc.cluster.local] 2026.05.13 01:31:27 [ 0 ] FilteringMarksWithPrimaryKeyMicroseconds: 14 (increment)
[clickhouse-builder-0.clickhouse-builder.ch-builder.svc.cluster.local] 2026.05.13 01:31:27 [ 0 ] WaitMarksLoadMicroseconds: 1195 (increment)
[clickhouse-builder-0.clickhouse-builder.ch-builder.svc.cluster.local] 2026.05.13 01:31:27 [ 0 ] ContextLock: 382 (increment)
[clickhouse-builder-0.clickhouse-builder.ch-builder.svc.cluster.local] 2026.05.13 01:31:27 [ 0 ] RWLockAcquiredReadLocks: 1 (increment)
[clickhouse-builder-0.clickhouse-builder.ch-builder.svc.cluster.local] 2026.05.13 01:31:27 [ 0 ] SharedPartsLockHoldMicroseconds: 1 (increment)
[clickhouse-builder-0.clickhouse-builder.ch-builder.svc.cluster.local] 2026.05.13 01:31:27 [ 0 ] SharedPartsLocks: 2 (increment)
[clickhouse-builder-0.clickhouse-builder.ch-builder.svc.cluster.local] 2026.05.13 01:31:27 [ 0 ] RealTimeMicroseconds: 288352 (increment)
[clickhouse-builder-0.clickhouse-builder.ch-builder.svc.cluster.local] 2026.05.13 01:31:27 [ 0 ] UserTimeMicroseconds: 5493 (increment)
[clickhouse-builder-0.clickhouse-builder.ch-builder.svc.cluster.local] 2026.05.13 01:31:27 [ 0 ] SystemTimeMicroseconds: 5181 (increment)
[clickhouse-builder-0.clickhouse-builder.ch-builder.svc.cluster.local] 2026.05.13 01:31:27 [ 0 ] SoftPageFaults: 148 (increment)
[clickhouse-builder-0.clickhouse-builder.ch-builder.svc.cluster.local] 2026.05.13 01:31:27 [ 0 ] OSCPUWaitMicroseconds: 356 (increment)
[clickhouse-builder-0.clickhouse-builder.ch-builder.svc.cluster.local] 2026.05.13 01:31:27 [ 0 ] OSCPUVirtualTimeMicroseconds: 10627 (increment)
[clickhouse-builder-0.clickhouse-builder.ch-builder.svc.cluster.local] 2026.05.13 01:31:27 [ 0 ] OSReadChars: 45316 (increment)
[clickhouse-builder-0.clickhouse-builder.ch-builder.svc.cluster.local] 2026.05.13 01:31:27 [ 0 ] GCSReadMicroseconds: 523287 (increment)
[clickhouse-builder-0.clickhouse-builder.ch-builder.svc.cluster.local] 2026.05.13 01:31:27 [ 0 ] GCSReadRequestsCount: 253 (increment)
[clickhouse-builder-0.clickhouse-builder.ch-builder.svc.cluster.local] 2026.05.13 01:31:27 [ 0 ] GCSReadRequestAttempts: 253 (increment)
[clickhouse-builder-0.clickhouse-builder.ch-builder.svc.cluster.local] 2026.05.13 01:31:27 [ 0 ] DiskGCSReadMicroseconds: 523287 (increment)
[clickhouse-builder-0.clickhouse-builder.ch-builder.svc.cluster.local] 2026.05.13 01:31:27 [ 0 ] DiskGCSReadRequestsCount: 253 (increment)
[clickhouse-builder-0.clickhouse-builder.ch-builder.svc.cluster.local] 2026.05.13 01:31:27 [ 0 ] DiskGCSReadRequestAttempts: 253 (increment)
[clickhouse-builder-0.clickhouse-builder.ch-builder.svc.cluster.local] 2026.05.13 01:31:27 [ 0 ] GCSReadObject: 253 (increment)
[clickhouse-builder-0.clickhouse-builder.ch-builder.svc.cluster.local] 2026.05.13 01:31:27 [ 0 ] DiskGCSReadObject: 253 (increment)
[clickhouse-builder-0.clickhouse-builder.ch-builder.svc.cluster.local] 2026.05.13 01:31:27 [ 0 ] ReadBufferFromGCSMicroseconds: 273253 (increment)
[clickhouse-builder-0.clickhouse-builder.ch-builder.svc.cluster.local] 2026.05.13 01:31:27 [ 0 ] ReadBufferFromGCSInitMicroseconds: 524988 (increment)
[clickhouse-builder-0.clickhouse-builder.ch-builder.svc.cluster.local] 2026.05.13 01:31:27 [ 0 ] ReadBufferFromGCSBytes: 253398 (increment)
[clickhouse-builder-0.clickhouse-builder.ch-builder.svc.cluster.local] 2026.05.13 01:31:27 [ 0 ] MemoryAllocatedWithoutCheck: 361 (increment)
[clickhouse-builder-0.clickhouse-builder.ch-builder.svc.cluster.local] 2026.05.13 01:31:27 [ 0 ] MemoryAllocatedWithoutCheckBytes: 402457208 (increment)
[clickhouse-builder-0.clickhouse-builder.ch-builder.svc.cluster.local] 2026.05.13 01:31:27 [ 0 ] RemoteFSSeeks: 325 (increment)
[clickhouse-builder-0.clickhouse-builder.ch-builder.svc.cluster.local] 2026.05.13 01:31:27 [ 0 ] RemoteFSPrefetches: 350 (increment)
[clickhouse-builder-0.clickhouse-builder.ch-builder.svc.cluster.local] 2026.05.13 01:31:27 [ 0 ] RemoteFSPrefetchedReads: 3 (increment)
[clickhouse-builder-0.clickhouse-builder.ch-builder.svc.cluster.local] 2026.05.13 01:31:27 [ 0 ] RemoteFSPrefetchedBytes: 253398 (increment)
[clickhouse-builder-0.clickhouse-builder.ch-builder.svc.cluster.local] 2026.05.13 01:31:27 [ 0 ] RemoteFSBuffers: 350 (increment)
[clickhouse-builder-0.clickhouse-builder.ch-builder.svc.cluster.local] 2026.05.13 01:31:27 [ 0 ] WaitPrefetchTaskMicroseconds: 29 (increment)
[clickhouse-builder-0.clickhouse-builder.ch-builder.svc.cluster.local] 2026.05.13 01:31:27 [ 0 ] ThreadpoolReaderTaskMicroseconds: 273258 (increment)
[clickhouse-builder-0.clickhouse-builder.ch-builder.svc.cluster.local] 2026.05.13 01:31:27 [ 0 ] ThreadpoolReaderReadBytes: 253398 (increment)
[clickhouse-builder-0.clickhouse-builder.ch-builder.svc.cluster.local] 2026.05.13 01:31:27 [ 0 ] ThreadpoolReaderSubmit: 3409 (increment)
[clickhouse-builder-0.clickhouse-builder.ch-builder.svc.cluster.local] 2026.05.13 01:31:27 [ 0 ] ThreadpoolReaderSubmitLookupInCacheMicroseconds: 620 (increment)
[clickhouse-builder-0.clickhouse-builder.ch-builder.svc.cluster.local] 2026.05.13 01:31:27 [ 0 ] AsynchronousRemoteReadWaitMicroseconds: 269082 (increment)
[clickhouse-builder-0.clickhouse-builder.ch-builder.svc.cluster.local] 2026.05.13 01:31:27 [ 0 ] LogTrace: 9 (increment)
[clickhouse-builder-0.clickhouse-builder.ch-builder.svc.cluster.local] 2026.05.13 01:31:27 [ 0 ] LogDebug: 6 (increment)
[clickhouse-builder-0.clickhouse-builder.ch-builder.svc.cluster.local] 2026.05.13 01:31:27 [ 0 ] LoggerElapsedNanoseconds: 106023 (increment)
[clickhouse-builder-0.clickhouse-builder.ch-builder.svc.cluster.local] 2026.05.13 01:31:27 [ 0 ] InterfaceNativeSendBytes: 69 (increment)
[clickhouse-builder-0.clickhouse-builder.ch-builder.svc.cluster.local] 2026.05.13 01:31:27 [ 0 ] ConcurrencyControlSlotsGranted: 1 (increment)
[clickhouse-builder-0.clickhouse-builder.ch-builder.svc.cluster.local] 2026.05.13 01:31:27 [ 0 ] ConcurrencyControlSlotsAcquired: 47 (increment)
[clickhouse-builder-0.clickhouse-builder.ch-builder.svc.cluster.local] 2026.05.13 01:31:27 [ 0 ] ConcurrencyControlSlotsAcquiredNonCompeting: 1 (increment)
[clickhouse-builder-0.clickhouse-builder.ch-builder.svc.cluster.local] 2026.05.13 01:31:27 [ 0 ] AsyncLoggingConsoleTotalMessages: 15 (increment)
[clickhouse-builder-0.clickhouse-builder.ch-builder.svc.cluster.local] 2026.05.13 01:31:27 [ 0 ] MemoryTrackerUsage: 327208932 (gauge)
[clickhouse-builder-0.clickhouse-builder.ch-builder.svc.cluster.local] 2026.05.13 01:31:27 [ 0 ] MemoryTrackerPeakUsage: 327448972 (gauge)
[clickhouse-builder-0.clickhouse-builder.ch-builder.svc.cluster.local] 2026.05.13 01:31:27 [ 0 ] ReadCompressedBytes: 758646 (increment)
[clickhouse-builder-0.clickhouse-builder.ch-builder.svc.cluster.local] 2026.05.13 01:31:27 [ 0 ] CompressedReadBufferBlocks: 13 (increment)
[clickhouse-builder-0.clickhouse-builder.ch-builder.svc.cluster.local] 2026.05.13 01:31:27 [ 0 ] CompressedReadBufferBytes: 851968 (increment)
[clickhouse-builder-0.clickhouse-builder.ch-builder.svc.cluster.local] 2026.05.13 01:31:27 [ 0 ] IOBufferAllocs: 7 (increment)
[clickhouse-builder-0.clickhouse-builder.ch-builder.svc.cluster.local] 2026.05.13 01:31:27 [ 0 ] IOBufferAllocBytes: 459449 (increment)
[clickhouse-builder-0.clickhouse-builder.ch-builder.svc.cluster.local] 2026.05.13 01:31:27 [ 0 ] NetworkReceiveElapsedMicroseconds: 1 (increment)
[clickhouse-builder-0.clickhouse-builder.ch-builder.svc.cluster.local] 2026.05.13 01:31:27 [ 0 ] NetworkSendElapsedMicroseconds: 29 (increment)
[clickhouse-builder-0.clickhouse-builder.ch-builder.svc.cluster.local] 2026.05.13 01:31:27 [ 0 ] NetworkSendBytes: 9848 (increment)
[clickhouse-builder-0.clickhouse-builder.ch-builder.svc.cluster.local] 2026.05.13 01:31:27 [ 0 ] RealTimeMicroseconds: 1930635 (increment)
[clickhouse-builder-0.clickhouse-builder.ch-builder.svc.cluster.local] 2026.05.13 01:31:27 [ 0 ] UserTimeMicroseconds: 3716 (increment)
[clickhouse-builder-0.clickhouse-builder.ch-builder.svc.cluster.local] 2026.05.13 01:31:27 [ 0 ] SystemTimeMicroseconds: 1759 (increment)
[clickhouse-builder-0.clickhouse-builder.ch-builder.svc.cluster.local] 2026.05.13 01:31:27 [ 0 ] SoftPageFaults: 291 (increment)
[clickhouse-builder-0.clickhouse-builder.ch-builder.svc.cluster.local] 2026.05.13 01:31:27 [ 0 ] OSCPUWaitMicroseconds: 251 (increment)
[clickhouse-builder-0.clickhouse-builder.ch-builder.svc.cluster.local] 2026.05.13 01:31:27 [ 0 ] OSCPUVirtualTimeMicroseconds: 5468 (increment)
[clickhouse-builder-0.clickhouse-builder.ch-builder.svc.cluster.local] 2026.05.13 01:31:27 [ 0 ] OSReadChars: 6081 (increment)
[clickhouse-builder-0.clickhouse-builder.ch-builder.svc.cluster.local] 2026.05.13 01:31:27 [ 0 ] GCSReadMicroseconds: 1488 (increment)
[clickhouse-builder-0.clickhouse-builder.ch-builder.svc.cluster.local] 2026.05.13 01:31:27 [ 0 ] GCSReadRequestsCount: 13 (increment)
[clickhouse-builder-0.clickhouse-builder.ch-builder.svc.cluster.local] 2026.05.13 01:31:27 [ 0 ] GCSReadRequestAttempts: 13 (increment)
[clickhouse-builder-0.clickhouse-builder.ch-builder.svc.cluster.local] 2026.05.13 01:31:27 [ 0 ] DiskGCSReadMicroseconds: 1488 (increment)
[clickhouse-builder-0.clickhouse-builder.ch-builder.svc.cluster.local] 2026.05.13 01:31:27 [ 0 ] DiskGCSReadRequestsCount: 13 (increment)
[clickhouse-builder-0.clickhouse-builder.ch-builder.svc.cluster.local] 2026.05.13 01:31:27 [ 0 ] DiskGCSReadRequestAttempts: 13 (increment)
[clickhouse-builder-0.clickhouse-builder.ch-builder.svc.cluster.local] 2026.05.13 01:31:27 [ 0 ] GCSReadObject: 13 (increment)
[clickhouse-builder-0.clickhouse-builder.ch-builder.svc.cluster.local] 2026.05.13 01:31:27 [ 0 ] DiskGCSReadObject: 13 (increment)
[clickhouse-builder-0.clickhouse-builder.ch-builder.svc.cluster.local] 2026.05.13 01:31:27 [ 0 ] ReadBufferFromGCSMicroseconds: 1930377 (increment)
[clickhouse-builder-0.clickhouse-builder.ch-builder.svc.cluster.local] 2026.05.13 01:31:27 [ 0 ] ReadBufferFromGCSInitMicroseconds: 1546 (increment)
[clickhouse-builder-0.clickhouse-builder.ch-builder.svc.cluster.local] 2026.05.13 01:31:27 [ 0 ] ReadBufferFromGCSBytes: 4439768 (increment)
[clickhouse-builder-0.clickhouse-builder.ch-builder.svc.cluster.local] 2026.05.13 01:31:27 [ 0 ] RemoteFSPrefetchedReads: 13 (increment)
[clickhouse-builder-0.clickhouse-builder.ch-builder.svc.cluster.local] 2026.05.13 01:31:27 [ 0 ] RemoteFSPrefetchedBytes: 4439768 (increment)
[clickhouse-builder-0.clickhouse-builder.ch-builder.svc.cluster.local] 2026.05.13 01:31:27 [ 0 ] ThreadpoolReaderTaskMicroseconds: 1930402 (increment)
[clickhouse-builder-0.clickhouse-builder.ch-builder.svc.cluster.local] 2026.05.13 01:31:27 [ 0 ] ThreadpoolReaderReadBytes: 4439768 (increment)
[clickhouse-builder-0.clickhouse-builder.ch-builder.svc.cluster.local] 2026.05.13 01:31:27 [ 0 ] AsynchronousRemoteReadWaitMicroseconds: 886096 (increment)
[clickhouse-builder-0.clickhouse-builder.ch-builder.svc.cluster.local] 2026.05.13 01:31:27 [ 0 ] InterfaceNativeSendBytes: 9848 (increment)
[clickhouse-builder-0.clickhouse-builder.ch-builder.svc.cluster.local] 2026.05.13 01:31:27 [ 0 ] MemoryTrackerUsage: 321959724 (gauge)
[clickhouse-builder-0.clickhouse-builder.ch-builder.svc.cluster.local] 2026.05.13 01:31:27 [ 0 ] MemoryTrackerPeakUsage: 327448972 (gauge)
[clickhouse-builder-0.clickhouse-builder.ch-builder.svc.cluster.local] 2026.05.13 01:31:27 [ 0 ] ReadCompressedBytes: 890060 (increment)
[clickhouse-builder-0.clickhouse-builder.ch-builder.svc.cluster.local] 2026.05.13 01:31:27 [ 0 ] CompressedReadBufferBlocks: 20 (increment)
[clickhouse-builder-0.clickhouse-builder.ch-builder.svc.cluster.local] 2026.05.13 01:31:27 [ 0 ] CompressedReadBufferBytes: 1310720 (increment)
[clickhouse-builder-0.clickhouse-builder.ch-builder.svc.cluster.local] 2026.05.13 01:31:27 [ 0 ] IOBufferAllocs: 20 (increment)
[clickhouse-builder-0.clickhouse-builder.ch-builder.svc.cluster.local] 2026.05.13 01:31:27 [ 0 ] IOBufferAllocBytes: 1313132 (increment)
[clickhouse-builder-0.clickhouse-builder.ch-builder.svc.cluster.local] 2026.05.13 01:31:27 [ 0 ] NetworkReceiveElapsedMicroseconds: 2 (increment)
[clickhouse-builder-0.clickhouse-builder.ch-builder.svc.cluster.local] 2026.05.13 01:31:27 [ 0 ] NetworkSendElapsedMicroseconds: 35 (increment)
[clickhouse-builder-0.clickhouse-builder.ch-builder.svc.cluster.local] 2026.05.13 01:31:27 [ 0 ] NetworkSendBytes: 4016 (increment)
[clickhouse-builder-0.clickhouse-builder.ch-builder.svc.cluster.local] 2026.05.13 01:31:27 [ 0 ] RealTimeMicroseconds: 17025814 (increment)
[clickhouse-builder-0.clickhouse-builder.ch-builder.svc.cluster.local] 2026.05.13 01:31:27 [ 0 ] UserTimeMicroseconds: 13045 (increment)
[clickhouse-builder-0.clickhouse-builder.ch-builder.svc.cluster.local] 2026.05.13 01:31:27 [ 0 ] SystemTimeMicroseconds: 10953 (increment)
[clickhouse-builder-0.clickhouse-builder.ch-builder.svc.cluster.local] 2026.05.13 01:31:27 [ 0 ] SoftPageFaults: 801 (increment)
[clickhouse-builder-0.clickhouse-builder.ch-builder.svc.cluster.local] 2026.05.13 01:31:27 [ 0 ] OSCPUWaitMicroseconds: 748 (increment)
[clickhouse-builder-0.clickhouse-builder.ch-builder.svc.cluster.local] 2026.05.13 01:31:27 [ 0 ] OSCPUVirtualTimeMicroseconds: 23759 (increment)
[clickhouse-builder-0.clickhouse-builder.ch-builder.svc.cluster.local] 2026.05.13 01:31:27 [ 0 ] OSReadChars: 29906 (increment)
[clickhouse-builder-0.clickhouse-builder.ch-builder.svc.cluster.local] 2026.05.13 01:31:27 [ 0 ] GCSReadMicroseconds: 1267 (increment)
[clickhouse-builder-0.clickhouse-builder.ch-builder.svc.cluster.local] 2026.05.13 01:31:27 [ 0 ] GCSReadRequestsCount: 63 (increment)
[clickhouse-builder-0.clickhouse-builder.ch-builder.svc.cluster.local] 2026.05.13 01:31:27 [ 0 ] GCSReadRequestAttempts: 63 (increment)
[clickhouse-builder-0.clickhouse-builder.ch-builder.svc.cluster.local] 2026.05.13 01:31:27 [ 0 ] DiskGCSReadMicroseconds: 1267 (increment)
[clickhouse-builder-0.clickhouse-builder.ch-builder.svc.cluster.local] 2026.05.13 01:31:27 [ 0 ] DiskGCSReadRequestsCount: 63 (increment)
[clickhouse-builder-0.clickhouse-builder.ch-builder.svc.cluster.local] 2026.05.13 01:31:27 [ 0 ] DiskGCSReadRequestAttempts: 63 (increment)
[clickhouse-builder-0.clickhouse-builder.ch-builder.svc.cluster.local] 2026.05.13 01:31:27 [ 0 ] GCSReadObject: 63 (increment)
[clickhouse-builder-0.clickhouse-builder.ch-builder.svc.cluster.local] 2026.05.13 01:31:27 [ 0 ] DiskGCSReadObject: 63 (increment)
[clickhouse-builder-0.clickhouse-builder.ch-builder.svc.cluster.local] 2026.05.13 01:31:27 [ 0 ] ReadBufferFromGCSMicroseconds: 17024585 (increment)
[clickhouse-builder-0.clickhouse-builder.ch-builder.svc.cluster.local] 2026.05.13 01:31:27 [ 0 ] ReadBufferFromGCSInitMicroseconds: 1325 (increment)
[clickhouse-builder-0.clickhouse-builder.ch-builder.svc.cluster.local] 2026.05.13 01:31:27 [ 0 ] ReadBufferFromGCSBytes: 10264232 (increment)
[clickhouse-builder-0.clickhouse-builder.ch-builder.svc.cluster.local] 2026.05.13 01:31:27 [ 0 ] MemoryAllocatedWithoutCheck: 20 (increment)
[clickhouse-builder-0.clickhouse-builder.ch-builder.svc.cluster.local] 2026.05.13 01:31:27 [ 0 ] MemoryAllocatedWithoutCheckBytes: 311232 (increment)
[clickhouse-builder-0.clickhouse-builder.ch-builder.svc.cluster.local] 2026.05.13 01:31:27 [ 0 ] RemoteFSPrefetchedReads: 20 (increment)
[clickhouse-builder-0.clickhouse-builder.ch-builder.svc.cluster.local] 2026.05.13 01:31:27 [ 0 ] RemoteFSPrefetchedBytes: 2465661 (increment)
[clickhouse-builder-0.clickhouse-builder.ch-builder.svc.cluster.local] 2026.05.13 01:31:27 [ 0 ] ThreadpoolReaderTaskMicroseconds: 17024710 (increment)
[clickhouse-builder-0.clickhouse-builder.ch-builder.svc.cluster.local] 2026.05.13 01:31:27 [ 0 ] ThreadpoolReaderReadBytes: 10264232 (increment)
[clickhouse-builder-0.clickhouse-builder.ch-builder.svc.cluster.local] 2026.05.13 01:31:27 [ 0 ] AsynchronousRemoteReadWaitMicroseconds: 4458489 (increment)
[clickhouse-builder-0.clickhouse-builder.ch-builder.svc.cluster.local] 2026.05.13 01:31:27 [ 0 ] InterfaceNativeSendBytes: 4016 (increment)
[clickhouse-builder-0.clickhouse-builder.ch-builder.svc.cluster.local] 2026.05.13 01:31:27 [ 0 ] MemoryTrackerUsage: 312653644 (gauge)
[clickhouse-builder-0.clickhouse-builder.ch-builder.svc.cluster.local] 2026.05.13 01:31:27 [ 0 ] MemoryTrackerPeakUsage: 327448972 (gauge)
[clickhouse-builder-0.clickhouse-builder.ch-builder.svc.cluster.local] 2026.05.13 01:31:27 [ 0 ] ReadCompressedBytes: 8353410 (increment)
[clickhouse-builder-0.clickhouse-builder.ch-builder.svc.cluster.local] 2026.05.13 01:31:27 [ 0 ] CompressedReadBufferBlocks: 86 (increment)
[clickhouse-builder-0.clickhouse-builder.ch-builder.svc.cluster.local] 2026.05.13 01:31:27 [ 0 ] CompressedReadBufferBytes: 8585216 (increment)
[clickhouse-builder-0.clickhouse-builder.ch-builder.svc.cluster.local] 2026.05.13 01:31:27 [ 0 ] IOBufferAllocs: 33 (increment)
[clickhouse-builder-0.clickhouse-builder.ch-builder.svc.cluster.local] 2026.05.13 01:31:27 [ 0 ] IOBufferAllocBytes: 5114463 (increment)
[clickhouse-builder-0.clickhouse-builder.ch-builder.svc.cluster.local] 2026.05.13 01:31:27 [ 0 ] NetworkReceiveElapsedMicroseconds: 3 (increment)
[clickhouse-builder-0.clickhouse-builder.ch-builder.svc.cluster.local] 2026.05.13 01:31:27 [ 0 ] NetworkSendElapsedMicroseconds: 40 (increment)
[clickhouse-builder-0.clickhouse-builder.ch-builder.svc.cluster.local] 2026.05.13 01:31:27 [ 0 ] NetworkSendBytes: 4262 (increment)
[clickhouse-builder-0.clickhouse-builder.ch-builder.svc.cluster.local] 2026.05.13 01:31:27 [ 0 ] LocalThreadPoolJobs: 3 (increment)
[clickhouse-builder-0.clickhouse-builder.ch-builder.svc.cluster.local] 2026.05.13 01:31:27 [ 0 ] SelectedRows: 24576 (increment)
[clickhouse-builder-0.clickhouse-builder.ch-builder.svc.cluster.local] 2026.05.13 01:31:27 [ 0 ] SelectedBytes: 3563520 (increment)
[clickhouse-builder-0.clickhouse-builder.ch-builder.svc.cluster.local] 2026.05.13 01:31:27 [ 0 ] RowsReadByMainReader: 24576 (increment)
[clickhouse-builder-0.clickhouse-builder.ch-builder.svc.cluster.local] 2026.05.13 01:31:27 [ 0 ] RealTimeMicroseconds: 42904447 (increment)
[clickhouse-builder-0.clickhouse-builder.ch-builder.svc.cluster.local] 2026.05.13 01:31:27 [ 0 ] UserTimeMicroseconds: 27264 (increment)
[clickhouse-builder-0.clickhouse-builder.ch-builder.svc.cluster.local] 2026.05.13 01:31:27 [ 0 ] SystemTimeMicroseconds: 21919 (increment)
[clickhouse-builder-0.clickhouse-builder.ch-builder.svc.cluster.local] 2026.05.13 01:31:27 [ 0 ] SoftPageFaults: 5111 (increment)
[clickhouse-builder-0.clickhouse-builder.ch-builder.svc.cluster.local] 2026.05.13 01:31:27 [ 0 ] OSCPUWaitMicroseconds: 768 (increment)
[clickhouse-builder-0.clickhouse-builder.ch-builder.svc.cluster.local] 2026.05.13 01:31:27 [ 0 ] OSCPUVirtualTimeMicroseconds: 49442 (increment)
[clickhouse-builder-0.clickhouse-builder.ch-builder.svc.cluster.local] 2026.05.13 01:31:27 [ 0 ] OSReadChars: 61700 (increment)
[clickhouse-builder-0.clickhouse-builder.ch-builder.svc.cluster.local] 2026.05.13 01:31:27 [ 0 ] GCSReadMicroseconds: 1940726 (increment)
[clickhouse-builder-0.clickhouse-builder.ch-builder.svc.cluster.local] 2026.05.13 01:31:27 [ 0 ] GCSReadRequestsCount: 21 (increment)
[clickhouse-builder-0.clickhouse-builder.ch-builder.svc.cluster.local] 2026.05.13 01:31:27 [ 0 ] GCSReadRequestAttempts: 21 (increment)
[clickhouse-builder-0.clickhouse-builder.ch-builder.svc.cluster.local] 2026.05.13 01:31:27 [ 0 ] DiskGCSReadMicroseconds: 1940726 (increment)
[clickhouse-builder-0.clickhouse-builder.ch-builder.svc.cluster.local] 2026.05.13 01:31:27 [ 0 ] DiskGCSReadRequestsCount: 21 (increment)
[clickhouse-builder-0.clickhouse-builder.ch-builder.svc.cluster.local] 2026.05.13 01:31:27 [ 0 ] DiskGCSReadRequestAttempts: 21 (increment)
[clickhouse-builder-0.clickhouse-builder.ch-builder.svc.cluster.local] 2026.05.13 01:31:27 [ 0 ] GCSReadObject: 21 (increment)
[clickhouse-builder-0.clickhouse-builder.ch-builder.svc.cluster.local] 2026.05.13 01:31:27 [ 0 ] DiskGCSReadObject: 21 (increment)
[clickhouse-builder-0.clickhouse-builder.ch-builder.svc.cluster.local] 2026.05.13 01:31:27 [ 0 ] ReadBufferFromGCSMicroseconds: 41712678 (increment)
[clickhouse-builder-0.clickhouse-builder.ch-builder.svc.cluster.local] 2026.05.13 01:31:27 [ 0 ] ReadBufferFromGCSInitMicroseconds: 1940862 (increment)
[clickhouse-builder-0.clickhouse-builder.ch-builder.svc.cluster.local] 2026.05.13 01:31:27 [ 0 ] ReadBufferFromGCSBytes: 54126550 (increment)
[clickhouse-builder-0.clickhouse-builder.ch-builder.svc.cluster.local] 2026.05.13 01:31:27 [ 0 ] MemoryAllocatedWithoutCheck: 8 (increment)
[clickhouse-builder-0.clickhouse-builder.ch-builder.svc.cluster.local] 2026.05.13 01:31:27 [ 0 ] MemoryAllocatedWithoutCheckBytes: 119168 (increment)
[clickhouse-builder-0.clickhouse-builder.ch-builder.svc.cluster.local] 2026.05.13 01:31:27 [ 0 ] RemoteFSPrefetches: 3 (increment)
[clickhouse-builder-0.clickhouse-builder.ch-builder.svc.cluster.local] 2026.05.13 01:31:27 [ 0 ] RemoteFSPrefetchedReads: 78 (increment)
[clickhouse-builder-0.clickhouse-builder.ch-builder.svc.cluster.local] 2026.05.13 01:31:27 [ 0 ] RemoteFSPrefetchedBytes: 32719011 (increment)
[clickhouse-builder-0.clickhouse-builder.ch-builder.svc.cluster.local] 2026.05.13 01:31:27 [ 0 ] RemoteFSUnprefetchedReads: 3 (increment)
[clickhouse-builder-0.clickhouse-builder.ch-builder.svc.cluster.local] 2026.05.13 01:31:27 [ 0 ] RemoteFSUnprefetchedBytes: 3145728 (increment)
[clickhouse-builder-0.clickhouse-builder.ch-builder.svc.cluster.local] 2026.05.13 01:31:27 [ 0 ] ThreadpoolReaderTaskMicroseconds: 41712856 (increment)
[clickhouse-builder-0.clickhouse-builder.ch-builder.svc.cluster.local] 2026.05.13 01:31:27 [ 0 ] ThreadpoolReaderReadBytes: 54126550 (increment)
[clickhouse-builder-0.clickhouse-builder.ch-builder.svc.cluster.local] 2026.05.13 01:31:27 [ 0 ] ThreadpoolReaderSubmit: 24 (increment)
[clickhouse-builder-0.clickhouse-builder.ch-builder.svc.cluster.local] 2026.05.13 01:31:27 [ 0 ] AsynchronousRemoteReadWaitMicroseconds: 5982199 (increment)
[clickhouse-builder-0.clickhouse-builder.ch-builder.svc.cluster.local] 2026.05.13 01:31:27 [ 0 ] SynchronousRemoteReadWaitMicroseconds: 89 (increment)
[clickhouse-builder-0.clickhouse-builder.ch-builder.svc.cluster.local] 2026.05.13 01:31:27 [ 0 ] InterfaceNativeSendBytes: 4262 (increment)
[clickhouse-builder-0.clickhouse-builder.ch-builder.svc.cluster.local] 2026.05.13 01:31:27 [ 0 ] MemoryTrackerUsage: 274442686 (gauge)
[clickhouse-builder-0.clickhouse-builder.ch-builder.svc.cluster.local] 2026.05.13 01:31:27 [ 0 ] MemoryTrackerPeakUsage: 327448972 (gauge)
[clickhouse-builder-0.clickhouse-builder.ch-builder.svc.cluster.local] 2026.05.13 01:31:27 [ 0 ] ReadCompressedBytes: 22148586 (increment)
[clickhouse-builder-0.clickhouse-builder.ch-builder.svc.cluster.local] 2026.05.13 01:31:27 [ 0 ] CompressedReadBufferBlocks: 84 (increment)
[clickhouse-builder-0.clickhouse-builder.ch-builder.svc.cluster.local] 2026.05.13 01:31:27 [ 0 ] CompressedReadBufferBytes: 22216704 (increment)
[clickhouse-builder-0.clickhouse-builder.ch-builder.svc.cluster.local] 2026.05.13 01:31:27 [ 0 ] IOBufferAllocs: 23 (increment)
[clickhouse-builder-0.clickhouse-builder.ch-builder.svc.cluster.local] 2026.05.13 01:31:27 [ 0 ] IOBufferAllocBytes: 16254441 (increment)
[clickhouse-builder-0.clickhouse-builder.ch-builder.svc.cluster.local] 2026.05.13 01:31:27 [ 0 ] NetworkReceiveElapsedMicroseconds: 2 (increment)
[clickhouse-builder-0.clickhouse-builder.ch-builder.svc.cluster.local] 2026.05.13 01:31:27 [ 0 ] NetworkSendElapsedMicroseconds: 43 (increment)
[clickhouse-builder-0.clickhouse-builder.ch-builder.svc.cluster.local] 2026.05.13 01:31:27 [ 0 ] NetworkSendBytes: 5275 (increment)
[clickhouse-builder-0.clickhouse-builder.ch-builder.svc.cluster.local] 2026.05.13 01:31:27 [ 0 ] LocalThreadPoolJobs: 17 (increment)
[clickhouse-builder-0.clickhouse-builder.ch-builder.svc.cluster.local] 2026.05.13 01:31:27 [ 0 ] SelectedRows: 139264 (increment)
[clickhouse-builder-0.clickhouse-builder.ch-builder.svc.cluster.local] 2026.05.13 01:31:27 [ 0 ] SelectedBytes: 20193280 (increment)
[clickhouse-builder-0.clickhouse-builder.ch-builder.svc.cluster.local] 2026.05.13 01:31:27 [ 0 ] RowsReadByMainReader: 139264 (increment)
[clickhouse-builder-0.clickhouse-builder.ch-builder.svc.cluster.local] 2026.05.13 01:31:27 [ 0 ] RealTimeMicroseconds: 25969718 (increment)
[clickhouse-builder-0.clickhouse-builder.ch-builder.svc.cluster.local] 2026.05.13 01:31:27 [ 0 ] UserTimeMicroseconds: 17578 (increment)
[clickhouse-builder-0.clickhouse-builder.ch-builder.svc.cluster.local] 2026.05.13 01:31:27 [ 0 ] SystemTimeMicroseconds: 14429 (increment)
[clickhouse-builder-0.clickhouse-builder.ch-builder.svc.cluster.local] 2026.05.13 01:31:27 [ 0 ] SoftPageFaults: 9180 (increment)
[clickhouse-builder-0.clickhouse-builder.ch-builder.svc.cluster.local] 2026.05.13 01:31:27 [ 0 ] OSCPUWaitMicroseconds: 729 (increment)
[clickhouse-builder-0.clickhouse-builder.ch-builder.svc.cluster.local] 2026.05.13 01:31:27 [ 0 ] OSCPUVirtualTimeMicroseconds: 31972 (increment)
[clickhouse-builder-0.clickhouse-builder.ch-builder.svc.cluster.local] 2026.05.13 01:31:27 [ 0 ] OSReadChars: 29891 (increment)
[clickhouse-builder-0.clickhouse-builder.ch-builder.svc.cluster.local] 2026.05.13 01:31:27 [ 0 ] GCSReadMicroseconds: 687428 (increment)
[clickhouse-builder-0.clickhouse-builder.ch-builder.svc.cluster.local] 2026.05.13 01:31:27 [ 0 ] DiskGCSReadMicroseconds: 687428 (increment)
[clickhouse-builder-0.clickhouse-builder.ch-builder.svc.cluster.local] 2026.05.13 01:31:27 [ 0 ] ReadBufferFromGCSMicroseconds: 18946569 (increment)
[clickhouse-builder-0.clickhouse-builder.ch-builder.svc.cluster.local] 2026.05.13 01:31:27 [ 0 ] ReadBufferFromGCSInitMicroseconds: 687451 (increment)
[clickhouse-builder-0.clickhouse-builder.ch-builder.svc.cluster.local] 2026.05.13 01:31:27 [ 0 ] ReadBufferFromGCSBytes: 53523790 (increment)
[clickhouse-builder-0.clickhouse-builder.ch-builder.svc.cluster.local] 2026.05.13 01:31:27 [ 0 ] MemoryAllocatedWithoutCheck: 8 (increment)
[clickhouse-builder-0.clickhouse-builder.ch-builder.svc.cluster.local] 2026.05.13 01:31:27 [ 0 ] MemoryAllocatedWithoutCheckBytes: 2384416 (increment)
[clickhouse-builder-0.clickhouse-builder.ch-builder.svc.cluster.local] 2026.05.13 01:31:27 [ 0 ] RemoteFSPrefetches: 17 (increment)
[clickhouse-builder-0.clickhouse-builder.ch-builder.svc.cluster.local] 2026.05.13 01:31:27 [ 0 ] RemoteFSPrefetchedReads: 39 (increment)
[clickhouse-builder-0.clickhouse-builder.ch-builder.svc.cluster.local] 2026.05.13 01:31:27 [ 0 ] RemoteFSPrefetchedBytes: 27327462 (increment)
[clickhouse-builder-0.clickhouse-builder.ch-builder.svc.cluster.local] 2026.05.13 01:31:27 [ 0 ] RemoteFSUnprefetchedReads: 15 (increment)
[clickhouse-builder-0.clickhouse-builder.ch-builder.svc.cluster.local] 2026.05.13 01:31:27 [ 0 ] RemoteFSUnprefetchedBytes: 15728640 (increment)
[clickhouse-builder-0.clickhouse-builder.ch-builder.svc.cluster.local] 2026.05.13 01:31:27 [ 0 ] ThreadpoolReaderTaskMicroseconds: 18946657 (increment)
[clickhouse-builder-0.clickhouse-builder.ch-builder.svc.cluster.local] 2026.05.13 01:31:27 [ 0 ] ThreadpoolReaderReadBytes: 53523790 (increment)
[clickhouse-builder-0.clickhouse-builder.ch-builder.svc.cluster.local] 2026.05.13 01:31:27 [ 0 ] ThreadpoolReaderSubmit: 141 (increment)
[clickhouse-builder-0.clickhouse-builder.ch-builder.svc.cluster.local] 2026.05.13 01:31:27 [ 0 ] ThreadpoolReaderSubmitLookupInCacheMicroseconds: 57 (increment)
[clickhouse-builder-0.clickhouse-builder.ch-builder.svc.cluster.local] 2026.05.13 01:31:27 [ 0 ] AsynchronousRemoteReadWaitMicroseconds: 3371391 (increment)
[clickhouse-builder-0.clickhouse-builder.ch-builder.svc.cluster.local] 2026.05.13 01:31:27 [ 0 ] SynchronousRemoteReadWaitMicroseconds: 488 (increment)
[clickhouse-builder-0.clickhouse-builder.ch-builder.svc.cluster.local] 2026.05.13 01:31:27 [ 0 ] InterfaceNativeSendBytes: 5275 (increment)
[clickhouse-builder-0.clickhouse-builder.ch-builder.svc.cluster.local] 2026.05.13 01:31:27 [ 0 ] MemoryTrackerUsage: 302522211 (gauge)
[clickhouse-builder-0.clickhouse-builder.ch-builder.svc.cluster.local] 2026.05.13 01:31:27 [ 0 ] MemoryTrackerPeakUsage: 327448972 (gauge)
[clickhouse-builder-0.clickhouse-builder.ch-builder.svc.cluster.local] 2026.05.13 01:31:27 [ 0 ] ReadCompressedBytes: 40509028 (increment)
[clickhouse-builder-0.clickhouse-builder.ch-builder.svc.cluster.local] 2026.05.13 01:31:27 [ 0 ] CompressedReadBufferBlocks: 127 (increment)
[clickhouse-builder-0.clickhouse-builder.ch-builder.svc.cluster.local] 2026.05.13 01:31:27 [ 0 ] CompressedReadBufferBytes: 40763392 (increment)
[clickhouse-builder-0.clickhouse-builder.ch-builder.svc.cluster.local] 2026.05.13 01:31:27 [ 0 ] IOBufferAllocs: 13 (increment)
[clickhouse-builder-0.clickhouse-builder.ch-builder.svc.cluster.local] 2026.05.13 01:31:27 [ 0 ] IOBufferAllocBytes: 9700339 (increment)
[clickhouse-builder-0.clickhouse-builder.ch-builder.svc.cluster.local] 2026.05.13 01:31:27 [ 0 ] NetworkReceiveElapsedMicroseconds: 2 (increment)
[clickhouse-builder-0.clickhouse-builder.ch-builder.svc.cluster.local] 2026.05.13 01:31:27 [ 0 ] NetworkSendElapsedMicroseconds: 45 (increment)
[clickhouse-builder-0.clickhouse-builder.ch-builder.svc.cluster.local] 2026.05.13 01:31:27 [ 0 ] NetworkSendBytes: 4742 (increment)
[clickhouse-builder-0.clickhouse-builder.ch-builder.svc.cluster.local] 2026.05.13 01:31:27 [ 0 ] LocalThreadPoolJobs: 31 (increment)
[clickhouse-builder-0.clickhouse-builder.ch-builder.svc.cluster.local] 2026.05.13 01:31:27 [ 0 ] SelectedRows: 270336 (increment)
[clickhouse-builder-0.clickhouse-builder.ch-builder.svc.cluster.local] 2026.05.13 01:31:27 [ 0 ] SelectedBytes: 39198720 (increment)
[clickhouse-builder-0.clickhouse-builder.ch-builder.svc.cluster.local] 2026.05.13 01:31:27 [ 0 ] RowsReadByMainReader: 270336 (increment)
[clickhouse-builder-0.clickhouse-builder.ch-builder.svc.cluster.local] 2026.05.13 01:31:27 [ 0 ] RealTimeMicroseconds: 16766336 (increment)
[clickhouse-builder-0.clickhouse-builder.ch-builder.svc.cluster.local] 2026.05.13 01:31:27 [ 0 ] UserTimeMicroseconds: 16079 (increment)
[clickhouse-builder-0.clickhouse-builder.ch-builder.svc.cluster.local] 2026.05.13 01:31:27 [ 0 ] SystemTimeMicroseconds: 10244 (increment)
[clickhouse-builder-0.clickhouse-builder.ch-builder.svc.cluster.local] 2026.05.13 01:31:27 [ 0 ] SoftPageFaults: 6839 (increment)
[clickhouse-builder-0.clickhouse-builder.ch-builder.svc.cluster.local] 2026.05.13 01:31:27 [ 0 ] OSCPUWaitMicroseconds: 14 (increment)
[clickhouse-builder-0.clickhouse-builder.ch-builder.svc.cluster.local] 2026.05.13 01:31:27 [ 0 ] OSCPUVirtualTimeMicroseconds: 26285 (increment)
[clickhouse-builder-0.clickhouse-builder.ch-builder.svc.cluster.local] 2026.05.13 01:31:27 [ 0 ] OSReadChars: 29901 (increment)
[clickhouse-builder-0.clickhouse-builder.ch-builder.svc.cluster.local] 2026.05.13 01:31:27 [ 0 ] GCSReadMicroseconds: 2520195 (increment)
[clickhouse-builder-0.clickhouse-builder.ch-builder.svc.cluster.local] 2026.05.13 01:31:27 [ 0 ] GCSReadRequestsErrors: 4 (increment)
[clickhouse-builder-0.clickhouse-builder.ch-builder.svc.cluster.local] 2026.05.13 01:31:27 [ 0 ] DiskGCSReadMicroseconds: 2520195 (increment)
[clickhouse-builder-0.clickhouse-builder.ch-builder.svc.cluster.local] 2026.05.13 01:31:27 [ 0 ] DiskGCSReadRequestsErrors: 4 (increment)
[clickhouse-builder-0.clickhouse-builder.ch-builder.svc.cluster.local] 2026.05.13 01:31:27 [ 0 ] ReadBufferFromGCSMicroseconds: 10963602 (increment)
[clickhouse-builder-0.clickhouse-builder.ch-builder.svc.cluster.local] 2026.05.13 01:31:27 [ 0 ] ReadBufferFromGCSInitMicroseconds: 2520246 (increment)
[clickhouse-builder-0.clickhouse-builder.ch-builder.svc.cluster.local] 2026.05.13 01:31:27 [ 0 ] ReadBufferFromGCSBytes: 49495048 (increment)
[clickhouse-builder-0.clickhouse-builder.ch-builder.svc.cluster.local] 2026.05.13 01:31:27 [ 0 ] MemoryAllocatedWithoutCheck: 40 (increment)
[clickhouse-builder-0.clickhouse-builder.ch-builder.svc.cluster.local] 2026.05.13 01:31:27 [ 0 ] MemoryAllocatedWithoutCheckBytes: 2567712 (increment)
[clickhouse-builder-0.clickhouse-builder.ch-builder.svc.cluster.local] 2026.05.13 01:31:27 [ 0 ] RemoteFSPrefetches: 31 (increment)
[clickhouse-builder-0.clickhouse-builder.ch-builder.svc.cluster.local] 2026.05.13 01:31:27 [ 0 ] RemoteFSPrefetchedReads: 41 (increment)
[clickhouse-builder-0.clickhouse-builder.ch-builder.svc.cluster.local] 2026.05.13 01:31:27 [ 0 ] RemoteFSPrefetchedBytes: 34702448 (increment)
[clickhouse-builder-0.clickhouse-builder.ch-builder.svc.cluster.local] 2026.05.13 01:31:27 [ 0 ] RemoteFSUnprefetchedReads: 9 (increment)
[clickhouse-builder-0.clickhouse-builder.ch-builder.svc.cluster.local] 2026.05.13 01:31:27 [ 0 ] RemoteFSUnprefetchedBytes: 9437184 (increment)
[clickhouse-builder-0.clickhouse-builder.ch-builder.svc.cluster.local] 2026.05.13 01:31:27 [ 0 ] WaitPrefetchTaskMicroseconds: 4 (increment)
[clickhouse-builder-0.clickhouse-builder.ch-builder.svc.cluster.local] 2026.05.13 01:31:27 [ 0 ] ThreadpoolReaderTaskMicroseconds: 10963687 (increment)
[clickhouse-builder-0.clickhouse-builder.ch-builder.svc.cluster.local] 2026.05.13 01:31:27 [ 0 ] ThreadpoolReaderReadBytes: 49495048 (increment)
[clickhouse-builder-0.clickhouse-builder.ch-builder.svc.cluster.local] 2026.05.13 01:31:27 [ 0 ] ThreadpoolReaderSubmit: 184 (increment)
[clickhouse-builder-0.clickhouse-builder.ch-builder.svc.cluster.local] 2026.05.13 01:31:27 [ 0 ] AsynchronousRemoteReadWaitMicroseconds: 4225516 (increment)
[clickhouse-builder-0.clickhouse-builder.ch-builder.svc.cluster.local] 2026.05.13 01:31:27 [ 0 ] SynchronousRemoteReadWaitMicroseconds: 283 (increment)
[clickhouse-builder-0.clickhouse-builder.ch-builder.svc.cluster.local] 2026.05.13 01:31:27 [ 0 ] InterfaceNativeSendBytes: 4742 (increment)
[clickhouse-builder-0.clickhouse-builder.ch-builder.svc.cluster.local] 2026.05.13 01:31:27 [ 0 ] MemoryTrackerUsage: 293644032 (gauge)
[clickhouse-builder-0.clickhouse-builder.ch-builder.svc.cluster.local] 2026.05.13 01:31:27 [ 0 ] MemoryTrackerPeakUsage: 327448972 (gauge)
[clickhouse-builder-0.clickhouse-builder.ch-builder.svc.cluster.local] 2026.05.13 01:31:28 [ 0 ] ReadCompressedBytes: 68065599 (increment)
[clickhouse-builder-0.clickhouse-builder.ch-builder.svc.cluster.local] 2026.05.13 01:31:28 [ 0 ] CompressedReadBufferBlocks: 221 (increment)
[clickhouse-builder-0.clickhouse-builder.ch-builder.svc.cluster.local] 2026.05.13 01:31:28 [ 0 ] CompressedReadBufferBytes: 68550656 (increment)
[clickhouse-builder-0.clickhouse-builder.ch-builder.svc.cluster.local] 2026.05.13 01:31:28 [ 0 ] IOBufferAllocs: 27 (increment)
[clickhouse-builder-0.clickhouse-builder.ch-builder.svc.cluster.local] 2026.05.13 01:31:28 [ 0 ] IOBufferAllocBytes: 12373203 (increment)
[clickhouse-builder-0.clickhouse-builder.ch-builder.svc.cluster.local] 2026.05.13 01:31:28 [ 0 ] NetworkReceiveElapsedMicroseconds: 2 (increment)
[clickhouse-builder-0.clickhouse-builder.ch-builder.svc.cluster.local] 2026.05.13 01:31:28 [ 0 ] NetworkSendElapsedMicroseconds: 43 (increment)
[clickhouse-builder-0.clickhouse-builder.ch-builder.svc.cluster.local] 2026.05.13 01:31:28 [ 0 ] NetworkSendBytes: 4951 (increment)
[clickhouse-builder-0.clickhouse-builder.ch-builder.svc.cluster.local] 2026.05.13 01:31:28 [ 0 ] LocalThreadPoolLockWaitMicroseconds: 1 (increment)
[clickhouse-builder-0.clickhouse-builder.ch-builder.svc.cluster.local] 2026.05.13 01:31:28 [ 0 ] LocalThreadPoolJobs: 55 (increment)
[clickhouse-builder-0.clickhouse-builder.ch-builder.svc.cluster.local] 2026.05.13 01:31:28 [ 0 ] SelectedRows: 450560 (increment)
[clickhouse-builder-0.clickhouse-builder.ch-builder.svc.cluster.local] 2026.05.13 01:31:28 [ 0 ] SelectedBytes: 65331200 (increment)
[clickhouse-builder-0.clickhouse-builder.ch-builder.svc.cluster.local] 2026.05.13 01:31:28 [ 0 ] RowsReadByMainReader: 450560 (increment)
[clickhouse-builder-0.clickhouse-builder.ch-builder.svc.cluster.local] 2026.05.13 01:31:28 [ 0 ] RealTimeMicroseconds: 19096005 (increment)
[clickhouse-builder-0.clickhouse-builder.ch-builder.svc.cluster.local] 2026.05.13 01:31:28 [ 0 ] UserTimeMicroseconds: 30348 (increment)
[clickhouse-builder-0.clickhouse-builder.ch-builder.svc.cluster.local] 2026.05.13 01:31:28 [ 0 ] SystemTimeMicroseconds: 14097 (increment)
[clickhouse-builder-0.clickhouse-builder.ch-builder.svc.cluster.local] 2026.05.13 01:31:28 [ 0 ] SoftPageFaults: 9327 (increment)
[clickhouse-builder-0.clickhouse-builder.ch-builder.svc.cluster.local] 2026.05.13 01:31:28 [ 0 ] OSCPUWaitMicroseconds: 44 (increment)
[clickhouse-builder-0.clickhouse-builder.ch-builder.svc.cluster.local] 2026.05.13 01:31:28 [ 0 ] OSCPUVirtualTimeMicroseconds: 44387 (increment)
[clickhouse-builder-0.clickhouse-builder.ch-builder.svc.cluster.local] 2026.05.13 01:31:28 [ 0 ] OSReadChars: 48626 (increment)
[clickhouse-builder-0.clickhouse-builder.ch-builder.svc.cluster.local] 2026.05.13 01:31:28 [ 0 ] GCSReadMicroseconds: 3938025 (increment)
[clickhouse-builder-0.clickhouse-builder.ch-builder.svc.cluster.local] 2026.05.13 01:31:28 [ 0 ] GCSReadRequestsErrors: 20 (increment)
[clickhouse-builder-0.clickhouse-builder.ch-builder.svc.cluster.local] 2026.05.13 01:31:28 [ 0 ] DiskGCSReadMicroseconds: 3938025 (increment)
[clickhouse-builder-0.clickhouse-builder.ch-builder.svc.cluster.local] 2026.05.13 01:31:28 [ 0 ] DiskGCSReadRequestsErrors: 20 (increment)
[clickhouse-builder-0.clickhouse-builder.ch-builder.svc.cluster.local] 2026.05.13 01:31:28 [ 0 ] ReadBufferFromGCSMicroseconds: 13461142 (increment)
[clickhouse-builder-0.clickhouse-builder.ch-builder.svc.cluster.local] 2026.05.13 01:31:28 [ 0 ] ReadBufferFromGCSInitMicroseconds: 3938071 (increment)
[clickhouse-builder-0.clickhouse-builder.ch-builder.svc.cluster.local] 2026.05.13 01:31:28 [ 0 ] ReadBufferFromGCSBytes: 69121375 (increment)
[clickhouse-builder-0.clickhouse-builder.ch-builder.svc.cluster.local] 2026.05.13 01:31:28 [ 0 ] MemoryAllocatedWithoutCheck: 92 (increment)
[clickhouse-builder-0.clickhouse-builder.ch-builder.svc.cluster.local] 2026.05.13 01:31:28 [ 0 ] MemoryAllocatedWithoutCheckBytes: 9875584 (increment)
[clickhouse-builder-0.clickhouse-builder.ch-builder.svc.cluster.local] 2026.05.13 01:31:28 [ 0 ] RemoteFSPrefetches: 55 (increment)
[clickhouse-builder-0.clickhouse-builder.ch-builder.svc.cluster.local] 2026.05.13 01:31:28 [ 0 ] RemoteFSPrefetchedReads: 80 (increment)
[clickhouse-builder-0.clickhouse-builder.ch-builder.svc.cluster.local] 2026.05.13 01:31:28 [ 0 ] RemoteFSPrefetchedBytes: 59685969 (increment)
[clickhouse-builder-0.clickhouse-builder.ch-builder.svc.cluster.local] 2026.05.13 01:31:28 [ 0 ] RemoteFSUnprefetchedReads: 10 (increment)
[clickhouse-builder-0.clickhouse-builder.ch-builder.svc.cluster.local] 2026.05.13 01:31:28 [ 0 ] RemoteFSUnprefetchedBytes: 10485760 (increment)
[clickhouse-builder-0.clickhouse-builder.ch-builder.svc.cluster.local] 2026.05.13 01:31:28 [ 0 ] WaitPrefetchTaskMicroseconds: 8 (increment)
[clickhouse-builder-0.clickhouse-builder.ch-builder.svc.cluster.local] 2026.05.13 01:31:28 [ 0 ] ThreadpoolReaderTaskMicroseconds: 13461250 (increment)
[clickhouse-builder-0.clickhouse-builder.ch-builder.svc.cluster.local] 2026.05.13 01:31:28 [ 0 ] ThreadpoolReaderReadBytes: 69121375 (increment)
[clickhouse-builder-0.clickhouse-builder.ch-builder.svc.cluster.local] 2026.05.13 01:31:28 [ 0 ] ThreadpoolReaderSubmit: 419 (increment)
[clickhouse-builder-0.clickhouse-builder.ch-builder.svc.cluster.local] 2026.05.13 01:31:28 [ 0 ] AsynchronousRemoteReadWaitMicroseconds: 5457011 (increment)
[clickhouse-builder-0.clickhouse-builder.ch-builder.svc.cluster.local] 2026.05.13 01:31:28 [ 0 ] SynchronousRemoteReadWaitMicroseconds: 488 (increment)
[clickhouse-builder-0.clickhouse-builder.ch-builder.svc.cluster.local] 2026.05.13 01:31:28 [ 0 ] InterfaceNativeSendBytes: 4951 (increment)
[clickhouse-builder-0.clickhouse-builder.ch-builder.svc.cluster.local] 2026.05.13 01:31:28 [ 0 ] MemoryTrackerUsage: 226878497 (gauge)
[clickhouse-builder-0.clickhouse-builder.ch-builder.svc.cluster.local] 2026.05.13 01:31:28 [ 0 ] MemoryTrackerPeakUsage: 327448972 (gauge)
[clickhouse-builder-0.clickhouse-builder.ch-builder.svc.cluster.local] 2026.05.13 01:31:28 [ 0 ] FileOpen: 5 (increment)
[clickhouse-builder-0.clickhouse-builder.ch-builder.svc.cluster.local] 2026.05.13 01:31:28 [ 0 ] ReadBufferFromFileDescriptorRead: 10 (increment)
[clickhouse-builder-0.clickhouse-builder.ch-builder.svc.cluster.local] 2026.05.13 01:31:28 [ 0 ] ReadBufferFromFileDescriptorReadBytes: 369 (increment)
[clickhouse-builder-0.clickhouse-builder.ch-builder.svc.cluster.local] 2026.05.13 01:31:28 [ 0 ] ReadCompressedBytes: 162829758 (increment)
[clickhouse-builder-0.clickhouse-builder.ch-builder.svc.cluster.local] 2026.05.13 01:31:28 [ 0 ] CompressedReadBufferBlocks: 510 (increment)
[clickhouse-builder-0.clickhouse-builder.ch-builder.svc.cluster.local] 2026.05.13 01:31:28 [ 0 ] CompressedReadBufferBytes: 163843830 (increment)
[clickhouse-builder-0.clickhouse-builder.ch-builder.svc.cluster.local] 2026.05.13 01:31:28 [ 0 ] OpenedFileCacheMisses: 5 (increment)
[clickhouse-builder-0.clickhouse-builder.ch-builder.svc.cluster.local] 2026.05.13 01:31:28 [ 0 ] OpenedFileCacheMicroseconds: 1 (increment)
[clickhouse-builder-0.clickhouse-builder.ch-builder.svc.cluster.local] 2026.05.13 01:31:28 [ 0 ] IOBufferAllocs: 85 (increment)
[clickhouse-builder-0.clickhouse-builder.ch-builder.svc.cluster.local] 2026.05.13 01:31:28 [ 0 ] IOBufferAllocBytes: 29673873 (increment)
[clickhouse-builder-0.clickhouse-builder.ch-builder.svc.cluster.local] 2026.05.13 01:31:28 [ 0 ] MarkCacheHits: 5 (increment)
[clickhouse-builder-0.clickhouse-builder.ch-builder.svc.cluster.local] 2026.05.13 01:31:28 [ 0 ] CreatedReadBufferOrdinary: 5 (increment)
[clickhouse-builder-0.clickhouse-builder.ch-builder.svc.cluster.local] 2026.05.13 01:31:28 [ 0 ] DiskReadElapsedMicroseconds: 10 (increment)
[clickhouse-builder-0.clickhouse-builder.ch-builder.svc.cluster.local] 2026.05.13 01:31:28 [ 0 ] NetworkReceiveElapsedMicroseconds: 2 (increment)
[clickhouse-builder-0.clickhouse-builder.ch-builder.svc.cluster.local] 2026.05.13 01:31:28 [ 0 ] NetworkSendElapsedMicroseconds: 39 (increment)
[clickhouse-builder-0.clickhouse-builder.ch-builder.svc.cluster.local] 2026.05.13 01:31:28 [ 0 ] NetworkSendBytes: 5077 (increment)
[clickhouse-builder-0.clickhouse-builder.ch-builder.svc.cluster.local] 2026.05.13 01:31:28 [ 0 ] LocalThreadPoolJobs: 131 (increment)
[clickhouse-builder-0.clickhouse-builder.ch-builder.svc.cluster.local] 2026.05.13 01:31:28 [ 0 ] SelectedRows: 1087377 (increment)
[clickhouse-builder-0.clickhouse-builder.ch-builder.svc.cluster.local] 2026.05.13 01:31:28 [ 0 ] SelectedBytes: 157669665 (increment)
[clickhouse-builder-0.clickhouse-builder.ch-builder.svc.cluster.local] 2026.05.13 01:31:28 [ 0 ] RowsReadByMainReader: 1087377 (increment)
[clickhouse-builder-0.clickhouse-builder.ch-builder.svc.cluster.local] 2026.05.13 01:31:28 [ 0 ] WaitMarksLoadMicroseconds: 19 (increment)
[clickhouse-builder-0.clickhouse-builder.ch-builder.svc.cluster.local] 2026.05.13 01:31:28 [ 0 ] ContextLock: 5 (increment)
[clickhouse-builder-0.clickhouse-builder.ch-builder.svc.cluster.local] 2026.05.13 01:31:28 [ 0 ] RealTimeMicroseconds: 14379056 (increment)
[clickhouse-builder-0.clickhouse-builder.ch-builder.svc.cluster.local] 2026.05.13 01:31:28 [ 0 ] UserTimeMicroseconds: 60004 (increment)
[clickhouse-builder-0.clickhouse-builder.ch-builder.svc.cluster.local] 2026.05.13 01:31:28 [ 0 ] SystemTimeMicroseconds: 17872 (increment)
[clickhouse-builder-0.clickhouse-builder.ch-builder.svc.cluster.local] 2026.05.13 01:31:28 [ 0 ] SoftPageFaults: 14945 (increment)
[clickhouse-builder-0.clickhouse-builder.ch-builder.svc.cluster.local] 2026.05.13 01:31:28 [ 0 ] OSCPUVirtualTimeMicroseconds: 79476 (increment)
[clickhouse-builder-0.clickhouse-builder.ch-builder.svc.cluster.local] 2026.05.13 01:31:28 [ 0 ] OSReadChars: 87147 (increment)
[clickhouse-builder-0.clickhouse-builder.ch-builder.svc.cluster.local] 2026.05.13 01:31:28 [ 0 ] GCSReadMicroseconds: 6968217 (increment)
[clickhouse-builder-0.clickhouse-builder.ch-builder.svc.cluster.local] 2026.05.13 01:31:28 [ 0 ] GCSReadRequestsCount: 16 (increment)
[clickhouse-builder-0.clickhouse-builder.ch-builder.svc.cluster.local] 2026.05.13 01:31:28 [ 0 ] GCSReadRequestsErrors: 73 (increment)
[clickhouse-builder-0.clickhouse-builder.ch-builder.svc.cluster.local] 2026.05.13 01:31:28 [ 0 ] GCSReadRequestAttempts: 16 (increment)
[clickhouse-builder-0.clickhouse-builder.ch-builder.svc.cluster.local] 2026.05.13 01:31:28 [ 0 ] DiskGCSReadMicroseconds: 6968217 (increment)
[clickhouse-builder-0.clickhouse-builder.ch-builder.svc.cluster.local] 2026.05.13 01:31:28 [ 0 ] DiskGCSReadRequestsCount: 16 (increment)
[clickhouse-builder-0.clickhouse-builder.ch-builder.svc.cluster.local] 2026.05.13 01:31:28 [ 0 ] DiskGCSReadRequestsErrors: 73 (increment)
[clickhouse-builder-0.clickhouse-builder.ch-builder.svc.cluster.local] 2026.05.13 01:31:28 [ 0 ] DiskGCSReadRequestAttempts: 16 (increment)
[clickhouse-builder-0.clickhouse-builder.ch-builder.svc.cluster.local] 2026.05.13 01:31:28 [ 0 ] GCSReadObject: 16 (increment)
[clickhouse-builder-0.clickhouse-builder.ch-builder.svc.cluster.local] 2026.05.13 01:31:28 [ 0 ] DiskGCSReadObject: 16 (increment)
[clickhouse-builder-0.clickhouse-builder.ch-builder.svc.cluster.local] 2026.05.13 01:31:28 [ 0 ] ReadBufferFromGCSMicroseconds: 10517787 (increment)
[clickhouse-builder-0.clickhouse-builder.ch-builder.svc.cluster.local] 2026.05.13 01:31:28 [ 0 ] ReadBufferFromGCSInitMicroseconds: 6968359 (increment)
[clickhouse-builder-0.clickhouse-builder.ch-builder.svc.cluster.local] 2026.05.13 01:31:28 [ 0 ] ReadBufferFromGCSBytes: 126976285 (increment)
[clickhouse-builder-0.clickhouse-builder.ch-builder.svc.cluster.local] 2026.05.13 01:31:28 [ 0 ] MemoryAllocatedWithoutCheck: 148 (increment)
[clickhouse-builder-0.clickhouse-builder.ch-builder.svc.cluster.local] 2026.05.13 01:31:28 [ 0 ] MemoryAllocatedWithoutCheckBytes: 14208 (increment)
[clickhouse-builder-0.clickhouse-builder.ch-builder.svc.cluster.local] 2026.05.13 01:31:28 [ 0 ] RemoteFSSeeks: 13 (increment)
[clickhouse-builder-0.clickhouse-builder.ch-builder.svc.cluster.local] 2026.05.13 01:31:28 [ 0 ] RemoteFSPrefetches: 131 (increment)
[clickhouse-builder-0.clickhouse-builder.ch-builder.svc.cluster.local] 2026.05.13 01:31:28 [ 0 ] RemoteFSPrefetchedReads: 202 (increment)
[clickhouse-builder-0.clickhouse-builder.ch-builder.svc.cluster.local] 2026.05.13 01:31:28 [ 0 ] RemoteFSPrefetchedBytes: 134722281 (increment)
[clickhouse-builder-0.clickhouse-builder.ch-builder.svc.cluster.local] 2026.05.13 01:31:28 [ 0 ] RemoteFSUnprefetchedReads: 14 (increment)
[clickhouse-builder-0.clickhouse-builder.ch-builder.svc.cluster.local] 2026.05.13 01:31:28 [ 0 ] RemoteFSUnprefetchedBytes: 14680064 (increment)
[clickhouse-builder-0.clickhouse-builder.ch-builder.svc.cluster.local] 2026.05.13 01:31:28 [ 0 ] RemoteFSBuffers: 5 (increment)
[clickhouse-builder-0.clickhouse-builder.ch-builder.svc.cluster.local] 2026.05.13 01:31:28 [ 0 ] WaitPrefetchTaskMicroseconds: 23 (increment)
[clickhouse-builder-0.clickhouse-builder.ch-builder.svc.cluster.local] 2026.05.13 01:31:28 [ 0 ] ThreadpoolReaderTaskMicroseconds: 10517987 (increment)
[clickhouse-builder-0.clickhouse-builder.ch-builder.svc.cluster.local] 2026.05.13 01:31:28 [ 0 ] ThreadpoolReaderReadBytes: 126976285 (increment)
[clickhouse-builder-0.clickhouse-builder.ch-builder.svc.cluster.local] 2026.05.13 01:31:28 [ 0 ] ThreadpoolReaderSubmit: 797 (increment)
[clickhouse-builder-0.clickhouse-builder.ch-builder.svc.cluster.local] 2026.05.13 01:31:28 [ 0 ] ThreadpoolReaderSubmitLookupInCacheMicroseconds: 33 (increment)
[clickhouse-builder-0.clickhouse-builder.ch-builder.svc.cluster.local] 2026.05.13 01:31:28 [ 0 ] AsynchronousRemoteReadWaitMicroseconds: 4811070 (increment)
[clickhouse-builder-0.clickhouse-builder.ch-builder.svc.cluster.local] 2026.05.13 01:31:28 [ 0 ] SynchronousRemoteReadWaitMicroseconds: 719 (increment)
[clickhouse-builder-0.clickhouse-builder.ch-builder.svc.cluster.local] 2026.05.13 01:31:28 [ 0 ] InterfaceNativeSendBytes: 5077 (increment)
[clickhouse-builder-0.clickhouse-builder.ch-builder.svc.cluster.local] 2026.05.13 01:31:28 [ 0 ] MemoryTrackerUsage: 0 (gauge)
[clickhouse-builder-0.clickhouse-builder.ch-builder.svc.cluster.local] 2026.05.13 01:31:28 [ 0 ] MemoryTrackerPeakUsage: 327448972 (gauge)
[clickhouse-builder-0.clickhouse-builder.ch-builder.svc.cluster.local] 2026.05.13 01:31:28 [ 0 ] FileOpen: 75 (increment)
[clickhouse-builder-0.clickhouse-builder.ch-builder.svc.cluster.local] 2026.05.13 01:31:28 [ 0 ] ReadBufferFromFileDescriptorRead: 160 (increment)
[clickhouse-builder-0.clickhouse-builder.ch-builder.svc.cluster.local] 2026.05.13 01:31:28 [ 0 ] ReadBufferFromFileDescriptorReadBytes: 5884 (increment)
[clickhouse-builder-0.clickhouse-builder.ch-builder.svc.cluster.local] 2026.05.13 01:31:28 [ 0 ] ReadCompressedBytes: 158779007 (increment)
[clickhouse-builder-0.clickhouse-builder.ch-builder.svc.cluster.local] 2026.05.13 01:31:28 [ 0 ] CompressedReadBufferBlocks: 445 (increment)
[clickhouse-builder-0.clickhouse-builder.ch-builder.svc.cluster.local] 2026.05.13 01:31:28 [ 0 ] CompressedReadBufferBytes: 159583990 (increment)
[clickhouse-builder-0.clickhouse-builder.ch-builder.svc.cluster.local] 2026.05.13 01:31:28 [ 0 ] OpenedFileCacheHits: 5 (increment)
[clickhouse-builder-0.clickhouse-builder.ch-builder.svc.cluster.local] 2026.05.13 01:31:28 [ 0 ] OpenedFileCacheMisses: 75 (increment)
[clickhouse-builder-0.clickhouse-builder.ch-builder.svc.cluster.local] 2026.05.13 01:31:28 [ 0 ] OpenedFileCacheMicroseconds: 34 (increment)
[clickhouse-builder-0.clickhouse-builder.ch-builder.svc.cluster.local] 2026.05.13 01:31:28 [ 0 ] IOBufferAllocs: 269 (increment)
[clickhouse-builder-0.clickhouse-builder.ch-builder.svc.cluster.local] 2026.05.13 01:31:28 [ 0 ] IOBufferAllocBytes: 84368833 (increment)
[clickhouse-builder-0.clickhouse-builder.ch-builder.svc.cluster.local] 2026.05.13 01:31:28 [ 0 ] MarkCacheHits: 80 (increment)
[clickhouse-builder-0.clickhouse-builder.ch-builder.svc.cluster.local] 2026.05.13 01:31:28 [ 0 ] CreatedReadBufferOrdinary: 80 (increment)
[clickhouse-builder-0.clickhouse-builder.ch-builder.svc.cluster.local] 2026.05.13 01:31:28 [ 0 ] DiskReadElapsedMicroseconds: 130 (increment)
[clickhouse-builder-0.clickhouse-builder.ch-builder.svc.cluster.local] 2026.05.13 01:31:28 [ 0 ] NetworkReceiveElapsedMicroseconds: 6 (increment)
[clickhouse-builder-0.clickhouse-builder.ch-builder.svc.cluster.local] 2026.05.13 01:31:28 [ 0 ] NetworkSendElapsedMicroseconds: 39 (increment)
[clickhouse-builder-0.clickhouse-builder.ch-builder.svc.cluster.local] 2026.05.13 01:31:28 [ 0 ] NetworkSendBytes: 6991 (increment)
[clickhouse-builder-0.clickhouse-builder.ch-builder.svc.cluster.local] 2026.05.13 01:31:28 [ 0 ] LocalThreadPoolJobs: 189 (increment)
[clickhouse-builder-0.clickhouse-builder.ch-builder.svc.cluster.local] 2026.05.13 01:31:28 [ 0 ] SelectedRows: 1087377 (increment)
[clickhouse-builder-0.clickhouse-builder.ch-builder.svc.cluster.local] 2026.05.13 01:31:28 [ 0 ] SelectedBytes: 157669665 (increment)
[clickhouse-builder-0.clickhouse-builder.ch-builder.svc.cluster.local] 2026.05.13 01:31:28 [ 0 ] RowsReadByMainReader: 1087377 (increment)
[clickhouse-builder-0.clickhouse-builder.ch-builder.svc.cluster.local] 2026.05.13 01:31:28 [ 0 ] WaitMarksLoadMicroseconds: 212 (increment)
[clickhouse-builder-0.clickhouse-builder.ch-builder.svc.cluster.local] 2026.05.13 01:31:28 [ 0 ] ContextLock: 80 (increment)
[clickhouse-builder-0.clickhouse-builder.ch-builder.svc.cluster.local] 2026.05.13 01:31:28 [ 0 ] RealTimeMicroseconds: 18447778 (increment)
[clickhouse-builder-0.clickhouse-builder.ch-builder.svc.cluster.local] 2026.05.13 01:31:28 [ 0 ] UserTimeMicroseconds: 43723 (increment)
[clickhouse-builder-0.clickhouse-builder.ch-builder.svc.cluster.local] 2026.05.13 01:31:28 [ 0 ] SystemTimeMicroseconds: 12748 (increment)
[clickhouse-builder-0.clickhouse-builder.ch-builder.svc.cluster.local] 2026.05.13 01:31:28 [ 0 ] SoftPageFaults: 6717 (increment)
[clickhouse-builder-0.clickhouse-builder.ch-builder.svc.cluster.local] 2026.05.13 01:31:28 [ 0 ] OSCPUVirtualTimeMicroseconds: 55711 (increment)
[clickhouse-builder-0.clickhouse-builder.ch-builder.svc.cluster.local] 2026.05.13 01:31:28 [ 0 ] OSReadChars: 93870 (increment)
[clickhouse-builder-0.clickhouse-builder.ch-builder.svc.cluster.local] 2026.05.13 01:31:28 [ 0 ] GCSReadMicroseconds: 4413306 (increment)
[clickhouse-builder-0.clickhouse-builder.ch-builder.svc.cluster.local] 2026.05.13 01:31:28 [ 0 ] GCSReadRequestsCount: 84 (increment)
[clickhouse-builder-0.clickhouse-builder.ch-builder.svc.cluster.local] 2026.05.13 01:31:28 [ 0 ] GCSReadRequestsErrors: 111 (increment)
[clickhouse-builder-0.clickhouse-builder.ch-builder.svc.cluster.local] 2026.05.13 01:31:28 [ 0 ] GCSReadRequestAttempts: 84 (increment)
[clickhouse-builder-0.clickhouse-builder.ch-builder.svc.cluster.local] 2026.05.13 01:31:28 [ 0 ] DiskGCSReadMicroseconds: 4413306 (increment)
[clickhouse-builder-0.clickhouse-builder.ch-builder.svc.cluster.local] 2026.05.13 01:31:28 [ 0 ] DiskGCSReadRequestsCount: 84 (increment)
[clickhouse-builder-0.clickhouse-builder.ch-builder.svc.cluster.local] 2026.05.13 01:31:28 [ 0 ] DiskGCSReadRequestsErrors: 111 (increment)
[clickhouse-builder-0.clickhouse-builder.ch-builder.svc.cluster.local] 2026.05.13 01:31:28 [ 0 ] DiskGCSReadRequestAttempts: 84 (increment)
[clickhouse-builder-0.clickhouse-builder.ch-builder.svc.cluster.local] 2026.05.13 01:31:28 [ 0 ] GCSReadObject: 84 (increment)
[clickhouse-builder-0.clickhouse-builder.ch-builder.svc.cluster.local] 2026.05.13 01:31:28 [ 0 ] DiskGCSReadObject: 84 (increment)
[clickhouse-builder-0.clickhouse-builder.ch-builder.svc.cluster.local] 2026.05.13 01:31:28 [ 0 ] ReadBufferFromGCSMicroseconds: 12543510 (increment)
[clickhouse-builder-0.clickhouse-builder.ch-builder.svc.cluster.local] 2026.05.13 01:31:28 [ 0 ] ReadBufferFromGCSInitMicroseconds: 4413890 (increment)
[clickhouse-builder-0.clickhouse-builder.ch-builder.svc.cluster.local] 2026.05.13 01:31:28 [ 0 ] ReadBufferFromGCSBytes: 117508071 (increment)
[clickhouse-builder-0.clickhouse-builder.ch-builder.svc.cluster.local] 2026.05.13 01:31:28 [ 0 ] MemoryAllocatedWithoutCheck: 180 (increment)
[clickhouse-builder-0.clickhouse-builder.ch-builder.svc.cluster.local] 2026.05.13 01:31:28 [ 0 ] MemoryAllocatedWithoutCheckBytes: 17389056 (increment)
[clickhouse-builder-0.clickhouse-builder.ch-builder.svc.cluster.local] 2026.05.13 01:31:28 [ 0 ] RemoteFSSeeks: 84 (increment)
[clickhouse-builder-0.clickhouse-builder.ch-builder.svc.cluster.local] 2026.05.13 01:31:28 [ 0 ] RemoteFSPrefetches: 189 (increment)
[clickhouse-builder-0.clickhouse-builder.ch-builder.svc.cluster.local] 2026.05.13 01:31:28 [ 0 ] RemoteFSPrefetchedReads: 163 (increment)
[clickhouse-builder-0.clickhouse-builder.ch-builder.svc.cluster.local] 2026.05.13 01:31:28 [ 0 ] RemoteFSPrefetchedBytes: 119094320 (increment)
[clickhouse-builder-0.clickhouse-builder.ch-builder.svc.cluster.local] 2026.05.13 01:31:28 [ 0 ] RemoteFSUnprefetchedReads: 5 (increment)
[clickhouse-builder-0.clickhouse-builder.ch-builder.svc.cluster.local] 2026.05.13 01:31:28 [ 0 ] RemoteFSUnprefetchedBytes: 5242880 (increment)
[clickhouse-builder-0.clickhouse-builder.ch-builder.svc.cluster.local] 2026.05.13 01:31:28 [ 0 ] RemoteFSBuffers: 80 (increment)
[clickhouse-builder-0.clickhouse-builder.ch-builder.svc.cluster.local] 2026.05.13 01:31:28 [ 0 ] ThreadpoolReaderTaskMicroseconds: 12543681 (increment)
[clickhouse-builder-0.clickhouse-builder.ch-builder.svc.cluster.local] 2026.05.13 01:31:28 [ 0 ] ThreadpoolReaderReadBytes: 117508071 (increment)
[clickhouse-builder-0.clickhouse-builder.ch-builder.svc.cluster.local] 2026.05.13 01:31:28 [ 0 ] ThreadpoolReaderSubmit: 1094 (increment)
[clickhouse-builder-0.clickhouse-builder.ch-builder.svc.cluster.local] 2026.05.13 01:31:28 [ 0 ] ThreadpoolReaderSubmitLookupInCacheMicroseconds: 88 (increment)
[clickhouse-builder-0.clickhouse-builder.ch-builder.svc.cluster.local] 2026.05.13 01:31:28 [ 0 ] AsynchronousRemoteReadWaitMicroseconds: 10572754 (increment)
[clickhouse-builder-0.clickhouse-builder.ch-builder.svc.cluster.local] 2026.05.13 01:31:28 [ 0 ] SynchronousRemoteReadWaitMicroseconds: 233 (increment)
[clickhouse-builder-0.clickhouse-builder.ch-builder.svc.cluster.local] 2026.05.13 01:31:28 [ 0 ] InterfaceNativeSendBytes: 6991 (increment)
[clickhouse-builder-0.clickhouse-builder.ch-builder.svc.cluster.local] 2026.05.13 01:31:28 [ 0 ] MemoryTrackerUsage: 4820254 (gauge)
[clickhouse-builder-0.clickhouse-builder.ch-builder.svc.cluster.local] 2026.05.13 01:31:28 [ 0 ] MemoryTrackerPeakUsage: 327448972 (gauge)
[clickhouse-builder-0.clickhouse-builder.ch-builder.svc.cluster.local] 2026.05.13 01:31:28 [ 0 ] ReadCompressedBytes: 28262162 (increment)
[clickhouse-builder-0.clickhouse-builder.ch-builder.svc.cluster.local] 2026.05.13 01:31:28 [ 0 ] CompressedReadBufferBlocks: 88 (increment)
[clickhouse-builder-0.clickhouse-builder.ch-builder.svc.cluster.local] 2026.05.13 01:31:28 [ 0 ] CompressedReadBufferBytes: 28377088 (increment)
[clickhouse-builder-0.clickhouse-builder.ch-builder.svc.cluster.local] 2026.05.13 01:31:28 [ 0 ] IOBufferAllocs: 8 (increment)
[clickhouse-builder-0.clickhouse-builder.ch-builder.svc.cluster.local] 2026.05.13 01:31:28 [ 0 ] IOBufferAllocBytes: 3473976 (increment)
[clickhouse-builder-0.clickhouse-builder.ch-builder.svc.cluster.local] 2026.05.13 01:31:28 [ 0 ] NetworkReceiveElapsedMicroseconds: 1 (increment)
[clickhouse-builder-0.clickhouse-builder.ch-builder.svc.cluster.local] 2026.05.13 01:31:28 [ 0 ] NetworkSendElapsedMicroseconds: 30 (increment)
[clickhouse-builder-0.clickhouse-builder.ch-builder.svc.cluster.local] 2026.05.13 01:31:28 [ 0 ] NetworkSendBytes: 6982 (increment)
[clickhouse-builder-0.clickhouse-builder.ch-builder.svc.cluster.local] 2026.05.13 01:31:28 [ 0 ] LocalThreadPoolJobs: 20 (increment)
[clickhouse-builder-0.clickhouse-builder.ch-builder.svc.cluster.local] 2026.05.13 01:31:28 [ 0 ] SelectedRows: 188416 (increment)
[clickhouse-builder-0.clickhouse-builder.ch-builder.svc.cluster.local] 2026.05.13 01:31:28 [ 0 ] SelectedBytes: 27320320 (increment)
[clickhouse-builder-0.clickhouse-builder.ch-builder.svc.cluster.local] 2026.05.13 01:31:28 [ 0 ] RowsReadByMainReader: 188416 (increment)
[clickhouse-builder-0.clickhouse-builder.ch-builder.svc.cluster.local] 2026.05.13 01:31:28 [ 0 ] RealTimeMicroseconds: 8561164 (increment)
[clickhouse-builder-0.clickhouse-builder.ch-builder.svc.cluster.local] 2026.05.13 01:31:28 [ 0 ] UserTimeMicroseconds: 7007 (increment)
[clickhouse-builder-0.clickhouse-builder.ch-builder.svc.cluster.local] 2026.05.13 01:31:28 [ 0 ] SystemTimeMicroseconds: 2586 (increment)
[clickhouse-builder-0.clickhouse-builder.ch-builder.svc.cluster.local] 2026.05.13 01:31:28 [ 0 ] SoftPageFaults: 1832 (increment)
[clickhouse-builder-0.clickhouse-builder.ch-builder.svc.cluster.local] 2026.05.13 01:31:28 [ 0 ] OSCPUVirtualTimeMicroseconds: 9581 (increment)
[clickhouse-builder-0.clickhouse-builder.ch-builder.svc.cluster.local] 2026.05.13 01:31:28 [ 0 ] OSReadChars: 19825 (increment)
[clickhouse-builder-0.clickhouse-builder.ch-builder.svc.cluster.local] 2026.05.13 01:31:28 [ 0 ] GCSReadRequestsErrors: 12 (increment)
[clickhouse-builder-0.clickhouse-builder.ch-builder.svc.cluster.local] 2026.05.13 01:31:28 [ 0 ] DiskGCSReadRequestsErrors: 12 (increment)
[clickhouse-builder-0.clickhouse-builder.ch-builder.svc.cluster.local] 2026.05.13 01:31:28 [ 0 ] ReadBufferFromGCSMicroseconds: 5540668 (increment)
[clickhouse-builder-0.clickhouse-builder.ch-builder.svc.cluster.local] 2026.05.13 01:31:28 [ 0 ] ReadBufferFromGCSBytes: 26227723 (increment)
[clickhouse-builder-0.clickhouse-builder.ch-builder.svc.cluster.local] 2026.05.13 01:31:28 [ 0 ] MemoryAllocatedWithoutCheck: 28 (increment)
[clickhouse-builder-0.clickhouse-builder.ch-builder.svc.cluster.local] 2026.05.13 01:31:28 [ 0 ] MemoryAllocatedWithoutCheckBytes: 16935168 (increment)
[clickhouse-builder-0.clickhouse-builder.ch-builder.svc.cluster.local] 2026.05.13 01:31:28 [ 0 ] RemoteFSPrefetches: 20 (increment)
[clickhouse-builder-0.clickhouse-builder.ch-builder.svc.cluster.local] 2026.05.13 01:31:28 [ 0 ] RemoteFSPrefetchedReads: 37 (increment)
[clickhouse-builder-0.clickhouse-builder.ch-builder.svc.cluster.local] 2026.05.13 01:31:28 [ 0 ] RemoteFSPrefetchedBytes: 26031440 (increment)
[clickhouse-builder-0.clickhouse-builder.ch-builder.svc.cluster.local] 2026.05.13 01:31:28 [ 0 ] RemoteFSUnprefetchedReads: 3 (increment)
[clickhouse-builder-0.clickhouse-builder.ch-builder.svc.cluster.local] 2026.05.13 01:31:28 [ 0 ] RemoteFSUnprefetchedBytes: 3145728 (increment)
[clickhouse-builder-0.clickhouse-builder.ch-builder.svc.cluster.local] 2026.05.13 01:31:28 [ 0 ] ThreadpoolReaderTaskMicroseconds: 5540716 (increment)
[clickhouse-builder-0.clickhouse-builder.ch-builder.svc.cluster.local] 2026.05.13 01:31:28 [ 0 ] ThreadpoolReaderReadBytes: 26227723 (increment)
[clickhouse-builder-0.clickhouse-builder.ch-builder.svc.cluster.local] 2026.05.13 01:31:28 [ 0 ] ThreadpoolReaderSubmit: 133 (increment)
[clickhouse-builder-0.clickhouse-builder.ch-builder.svc.cluster.local] 2026.05.13 01:31:28 [ 0 ] AsynchronousRemoteReadWaitMicroseconds: 1114990 (increment)
[clickhouse-builder-0.clickhouse-builder.ch-builder.svc.cluster.local] 2026.05.13 01:31:28 [ 0 ] SynchronousRemoteReadWaitMicroseconds: 125 (increment)
[clickhouse-builder-0.clickhouse-builder.ch-builder.svc.cluster.local] 2026.05.13 01:31:28 [ 0 ] InterfaceNativeSendBytes: 6982 (increment)
[clickhouse-builder-0.clickhouse-builder.ch-builder.svc.cluster.local] 2026.05.13 01:31:28 [ 0 ] MemoryTrackerUsage: 3672910 (gauge)
[clickhouse-builder-0.clickhouse-builder.ch-builder.svc.cluster.local] 2026.05.13 01:31:28 [ 0 ] MemoryTrackerPeakUsage: 327448972 (gauge)
[clickhouse-builder-0.clickhouse-builder.ch-builder.svc.cluster.local] 2026.05.13 01:31:28 [ 0 ] ReadCompressedBytes: 48314649 (increment)
[clickhouse-builder-0.clickhouse-builder.ch-builder.svc.cluster.local] 2026.05.13 01:31:28 [ 0 ] CompressedReadBufferBlocks: 175 (increment)
[clickhouse-builder-0.clickhouse-builder.ch-builder.svc.cluster.local] 2026.05.13 01:31:28 [ 0 ] CompressedReadBufferBytes: 48824320 (increment)
[clickhouse-builder-0.clickhouse-builder.ch-builder.svc.cluster.local] 2026.05.13 01:31:28 [ 0 ] IOBufferAllocs: 28 (increment)
[clickhouse-builder-0.clickhouse-builder.ch-builder.svc.cluster.local] 2026.05.13 01:31:28 [ 0 ] IOBufferAllocBytes: 7735908 (increment)
[clickhouse-builder-0.clickhouse-builder.ch-builder.svc.cluster.local] 2026.05.13 01:31:28 [ 0 ] NetworkReceiveElapsedMicroseconds: 2 (increment)
[clickhouse-builder-0.clickhouse-builder.ch-builder.svc.cluster.local] 2026.05.13 01:31:28 [ 0 ] NetworkSendElapsedMicroseconds: 39 (increment)
[clickhouse-builder-0.clickhouse-builder.ch-builder.svc.cluster.local] 2026.05.13 01:31:28 [ 0 ] NetworkSendBytes: 4372 (increment)
[clickhouse-builder-0.clickhouse-builder.ch-builder.svc.cluster.local] 2026.05.13 01:31:28 [ 0 ] LocalThreadPoolJobs: 34 (increment)
[clickhouse-builder-0.clickhouse-builder.ch-builder.svc.cluster.local] 2026.05.13 01:31:28 [ 0 ] SelectedRows: 311296 (increment)
[clickhouse-builder-0.clickhouse-builder.ch-builder.svc.cluster.local] 2026.05.13 01:31:28 [ 0 ] SelectedBytes: 45137920 (increment)
[clickhouse-builder-0.clickhouse-builder.ch-builder.svc.cluster.local] 2026.05.13 01:31:28 [ 0 ] RowsReadByMainReader: 311296 (increment)
[clickhouse-builder-0.clickhouse-builder.ch-builder.svc.cluster.local] 2026.05.13 01:31:28 [ 0 ] RealTimeMicroseconds: 22748360 (increment)
[clickhouse-builder-0.clickhouse-builder.ch-builder.svc.cluster.local] 2026.05.13 01:31:28 [ 0 ] UserTimeMicroseconds: 12304 (increment)
[clickhouse-builder-0.clickhouse-builder.ch-builder.svc.cluster.local] 2026.05.13 01:31:28 [ 0 ] SystemTimeMicroseconds: 5576 (increment)
[clickhouse-builder-0.clickhouse-builder.ch-builder.svc.cluster.local] 2026.05.13 01:31:28 [ 0 ] SoftPageFaults: 2703 (increment)
[clickhouse-builder-0.clickhouse-builder.ch-builder.svc.cluster.local] 2026.05.13 01:31:28 [ 0 ] OSCPUVirtualTimeMicroseconds: 18083 (increment)
[clickhouse-builder-0.clickhouse-builder.ch-builder.svc.cluster.local] 2026.05.13 01:31:28 [ 0 ] OSReadChars: 44320 (increment)
[clickhouse-builder-0.clickhouse-builder.ch-builder.svc.cluster.local] 2026.05.13 01:31:28 [ 0 ] GCSReadRequestsErrors: 16 (increment)
[clickhouse-builder-0.clickhouse-builder.ch-builder.svc.cluster.local] 2026.05.13 01:31:28 [ 0 ] DiskGCSReadRequestsErrors: 16 (increment)
[clickhouse-builder-0.clickhouse-builder.ch-builder.svc.cluster.local] 2026.05.13 01:31:28 [ 0 ] ReadBufferFromGCSMicroseconds: 16712210 (increment)
[clickhouse-builder-0.clickhouse-builder.ch-builder.svc.cluster.local] 2026.05.13 01:31:28 [ 0 ] ReadBufferFromGCSBytes: 50199884 (increment)
[clickhouse-builder-0.clickhouse-builder.ch-builder.svc.cluster.local] 2026.05.13 01:31:28 [ 0 ] MemoryAllocatedWithoutCheck: 56 (increment)
[clickhouse-builder-0.clickhouse-builder.ch-builder.svc.cluster.local] 2026.05.13 01:31:28 [ 0 ] MemoryAllocatedWithoutCheckBytes: 26496 (increment)
[clickhouse-builder-0.clickhouse-builder.ch-builder.svc.cluster.local] 2026.05.13 01:31:28 [ 0 ] RemoteFSPrefetches: 34 (increment)
[clickhouse-builder-0.clickhouse-builder.ch-builder.svc.cluster.local] 2026.05.13 01:31:28 [ 0 ] RemoteFSPrefetchedReads: 81 (increment)
[clickhouse-builder-0.clickhouse-builder.ch-builder.svc.cluster.local] 2026.05.13 01:31:28 [ 0 ] RemoteFSPrefetchedBytes: 47578644 (increment)
[clickhouse-builder-0.clickhouse-builder.ch-builder.svc.cluster.local] 2026.05.13 01:31:28 [ 0 ] RemoteFSUnprefetchedReads: 6 (increment)
[clickhouse-builder-0.clickhouse-builder.ch-builder.svc.cluster.local] 2026.05.13 01:31:28 [ 0 ] RemoteFSUnprefetchedBytes: 6291456 (increment)
[clickhouse-builder-0.clickhouse-builder.ch-builder.svc.cluster.local] 2026.05.13 01:31:28 [ 0 ] ThreadpoolReaderTaskMicroseconds: 16712324 (increment)
[clickhouse-builder-0.clickhouse-builder.ch-builder.svc.cluster.local] 2026.05.13 01:31:28 [ 0 ] ThreadpoolReaderReadBytes: 50199884 (increment)
[clickhouse-builder-0.clickhouse-builder.ch-builder.svc.cluster.local] 2026.05.13 01:31:28 [ 0 ] ThreadpoolReaderSubmit: 200 (increment)
[clickhouse-builder-0.clickhouse-builder.ch-builder.svc.cluster.local] 2026.05.13 01:31:28 [ 0 ] AsynchronousRemoteReadWaitMicroseconds: 6533263 (increment)
[clickhouse-builder-0.clickhouse-builder.ch-builder.svc.cluster.local] 2026.05.13 01:31:28 [ 0 ] SynchronousRemoteReadWaitMicroseconds: 237 (increment)
[clickhouse-builder-0.clickhouse-builder.ch-builder.svc.cluster.local] 2026.05.13 01:31:28 [ 0 ] InterfaceNativeSendBytes: 4372 (increment)
[clickhouse-builder-0.clickhouse-builder.ch-builder.svc.cluster.local] 2026.05.13 01:31:28 [ 0 ] MemoryTrackerUsage: 2296230 (gauge)
[clickhouse-builder-0.clickhouse-builder.ch-builder.svc.cluster.local] 2026.05.13 01:31:28 [ 0 ] MemoryTrackerPeakUsage: 327448972 (gauge)
[clickhouse-builder-0.clickhouse-builder.ch-builder.svc.cluster.local] 2026.05.13 01:31:28 [ 0 ] ReadCompressedBytes: 48547447 (increment)
[clickhouse-builder-0.clickhouse-builder.ch-builder.svc.cluster.local] 2026.05.13 01:31:28 [ 0 ] CompressedReadBufferBlocks: 175 (increment)
[clickhouse-builder-0.clickhouse-builder.ch-builder.svc.cluster.local] 2026.05.13 01:31:28 [ 0 ] CompressedReadBufferBytes: 48824320 (increment)
[clickhouse-builder-0.clickhouse-builder.ch-builder.svc.cluster.local] 2026.05.13 01:31:28 [ 0 ] IOBufferAllocs: 30 (increment)
[clickhouse-builder-0.clickhouse-builder.ch-builder.svc.cluster.local] 2026.05.13 01:31:28 [ 0 ] IOBufferAllocBytes: 15518668 (increment)
[clickhouse-builder-0.clickhouse-builder.ch-builder.svc.cluster.local] 2026.05.13 01:31:28 [ 0 ] NetworkReceiveElapsedMicroseconds: 2 (increment)
[clickhouse-builder-0.clickhouse-builder.ch-builder.svc.cluster.local] 2026.05.13 01:31:28 [ 0 ] NetworkSendElapsedMicroseconds: 39 (increment)
[clickhouse-builder-0.clickhouse-builder.ch-builder.svc.cluster.local] 2026.05.13 01:31:28 [ 0 ] NetworkSendBytes: 4372 (increment)
[clickhouse-builder-0.clickhouse-builder.ch-builder.svc.cluster.local] 2026.05.13 01:31:28 [ 0 ] LocalThreadPoolLockWaitMicroseconds: 23 (increment)
[clickhouse-builder-0.clickhouse-builder.ch-builder.svc.cluster.local] 2026.05.13 01:31:28 [ 0 ] LocalThreadPoolJobs: 38 (increment)
[clickhouse-builder-0.clickhouse-builder.ch-builder.svc.cluster.local] 2026.05.13 01:31:28 [ 0 ] SelectedRows: 311296 (increment)
[clickhouse-builder-0.clickhouse-builder.ch-builder.svc.cluster.local] 2026.05.13 01:31:28 [ 0 ] SelectedBytes: 45137920 (increment)
[clickhouse-builder-0.clickhouse-builder.ch-builder.svc.cluster.local] 2026.05.13 01:31:28 [ 0 ] RowsReadByMainReader: 311296 (increment)
[clickhouse-builder-0.clickhouse-builder.ch-builder.svc.cluster.local] 2026.05.13 01:31:28 [ 0 ] RealTimeMicroseconds: 25020145 (increment)
[clickhouse-builder-0.clickhouse-builder.ch-builder.svc.cluster.local] 2026.05.13 01:31:28 [ 0 ] UserTimeMicroseconds: 29860 (increment)
[clickhouse-builder-0.clickhouse-builder.ch-builder.svc.cluster.local] 2026.05.13 01:31:28 [ 0 ] SystemTimeMicroseconds: 7197 (increment)
[clickhouse-builder-0.clickhouse-builder.ch-builder.svc.cluster.local] 2026.05.13 01:31:28 [ 0 ] SoftPageFaults: 3319 (increment)
[clickhouse-builder-0.clickhouse-builder.ch-builder.svc.cluster.local] 2026.05.13 01:31:28 [ 0 ] OSCPUVirtualTimeMicroseconds: 37253 (increment)
[clickhouse-builder-0.clickhouse-builder.ch-builder.svc.cluster.local] 2026.05.13 01:31:28 [ 0 ] OSReadChars: 46971 (increment)
[clickhouse-builder-0.clickhouse-builder.ch-builder.svc.cluster.local] 2026.05.13 01:31:28 [ 0 ] GCSReadRequestsErrors: 16 (increment)
[clickhouse-builder-0.clickhouse-builder.ch-builder.svc.cluster.local] 2026.05.13 01:31:28 [ 0 ] DiskGCSReadRequestsErrors: 16 (increment)
[clickhouse-builder-0.clickhouse-builder.ch-builder.svc.cluster.local] 2026.05.13 01:31:28 [ 0 ] ReadBufferFromGCSMicroseconds: 16214397 (increment)
[clickhouse-builder-0.clickhouse-builder.ch-builder.svc.cluster.local] 2026.05.13 01:31:28 [ 0 ] ReadBufferFromGCSBytes: 59067681 (increment)
[clickhouse-builder-0.clickhouse-builder.ch-builder.svc.cluster.local] 2026.05.13 01:31:28 [ 0 ] MemoryAllocatedWithoutCheck: 36 (increment)
[clickhouse-builder-0.clickhouse-builder.ch-builder.svc.cluster.local] 2026.05.13 01:31:28 [ 0 ] MemoryAllocatedWithoutCheckBytes: 2034848 (increment)
[clickhouse-builder-0.clickhouse-builder.ch-builder.svc.cluster.local] 2026.05.13 01:31:28 [ 0 ] RemoteFSPrefetches: 38 (increment)
[clickhouse-builder-0.clickhouse-builder.ch-builder.svc.cluster.local] 2026.05.13 01:31:28 [ 0 ] RemoteFSPrefetchedReads: 80 (increment)
[clickhouse-builder-0.clickhouse-builder.ch-builder.svc.cluster.local] 2026.05.13 01:31:28 [ 0 ] RemoteFSPrefetchedBytes: 48289727 (increment)
[clickhouse-builder-0.clickhouse-builder.ch-builder.svc.cluster.local] 2026.05.13 01:31:28 [ 0 ] RemoteFSUnprefetchedReads: 14 (increment)
[clickhouse-builder-0.clickhouse-builder.ch-builder.svc.cluster.local] 2026.05.13 01:31:28 [ 0 ] RemoteFSUnprefetchedBytes: 14680064 (increment)
[clickhouse-builder-0.clickhouse-builder.ch-builder.svc.cluster.local] 2026.05.13 01:31:28 [ 0 ] ThreadpoolReaderTaskMicroseconds: 16214506 (increment)
[clickhouse-builder-0.clickhouse-builder.ch-builder.svc.cluster.local] 2026.05.13 01:31:28 [ 0 ] ThreadpoolReaderReadBytes: 59067681 (increment)
[clickhouse-builder-0.clickhouse-builder.ch-builder.svc.cluster.local] 2026.05.13 01:31:28 [ 0 ] ThreadpoolReaderSubmit: 254 (increment)
[clickhouse-builder-0.clickhouse-builder.ch-builder.svc.cluster.local] 2026.05.13 01:31:28 [ 0 ] AsynchronousRemoteReadWaitMicroseconds: 3868425 (increment)
[clickhouse-builder-0.clickhouse-builder.ch-builder.svc.cluster.local] 2026.05.13 01:31:28 [ 0 ] SynchronousRemoteReadWaitMicroseconds: 466 (increment)
[clickhouse-builder-0.clickhouse-builder.ch-builder.svc.cluster.local] 2026.05.13 01:31:28 [ 0 ] InterfaceNativeSendBytes: 4372 (increment)
[clickhouse-builder-0.clickhouse-builder.ch-builder.svc.cluster.local] 2026.05.13 01:31:28 [ 0 ] MemoryTrackerUsage: 28976813 (gauge)
[clickhouse-builder-0.clickhouse-builder.ch-builder.svc.cluster.local] 2026.05.13 01:31:28 [ 0 ] MemoryTrackerPeakUsage: 327448972 (gauge)
[clickhouse-builder-0.clickhouse-builder.ch-builder.svc.cluster.local] 2026.05.13 01:31:28 [ 0 ] ReadCompressedBytes: 89701440 (increment)
[clickhouse-builder-0.clickhouse-builder.ch-builder.svc.cluster.local] 2026.05.13 01:31:28 [ 0 ] CompressedReadBufferBlocks: 249 (increment)
[clickhouse-builder-0.clickhouse-builder.ch-builder.svc.cluster.local] 2026.05.13 01:31:28 [ 0 ] CompressedReadBufferBytes: 90046464 (increment)
[clickhouse-builder-0.clickhouse-builder.ch-builder.svc.cluster.local] 2026.05.13 01:31:28 [ 0 ] IOBufferAllocs: 12 (increment)
[clickhouse-builder-0.clickhouse-builder.ch-builder.svc.cluster.local] 2026.05.13 01:31:28 [ 0 ] IOBufferAllocBytes: 10290233 (increment)
[clickhouse-builder-0.clickhouse-builder.ch-builder.svc.cluster.local] 2026.05.13 01:31:28 [ 0 ] NetworkReceiveElapsedMicroseconds: 2 (increment)
[clickhouse-builder-0.clickhouse-builder.ch-builder.svc.cluster.local] 2026.05.13 01:31:28 [ 0 ] NetworkSendElapsedMicroseconds: 40 (increment)
[clickhouse-builder-0.clickhouse-builder.ch-builder.svc.cluster.local] 2026.05.13 01:31:28 [ 0 ] NetworkSendBytes: 4498 (increment)
[clickhouse-builder-0.clickhouse-builder.ch-builder.svc.cluster.local] 2026.05.13 01:31:28 [ 0 ] LocalThreadPoolJobs: 68 (increment)
[clickhouse-builder-0.clickhouse-builder.ch-builder.svc.cluster.local] 2026.05.13 01:31:28 [ 0 ] SelectedRows: 614400 (increment)
[clickhouse-builder-0.clickhouse-builder.ch-builder.svc.cluster.local] 2026.05.13 01:31:28 [ 0 ] SelectedBytes: 89088000 (increment)
[clickhouse-builder-0.clickhouse-builder.ch-builder.svc.cluster.local] 2026.05.13 01:31:28 [ 0 ] RowsReadByMainReader: 614400 (increment)
[clickhouse-builder-0.clickhouse-builder.ch-builder.svc.cluster.local] 2026.05.13 01:31:28 [ 0 ] RealTimeMicroseconds: 15312428 (increment)
[clickhouse-builder-0.clickhouse-builder.ch-builder.svc.cluster.local] 2026.05.13 01:31:28 [ 0 ] UserTimeMicroseconds: 30829 (increment)
[clickhouse-builder-0.clickhouse-builder.ch-builder.svc.cluster.local] 2026.05.13 01:31:28 [ 0 ] SystemTimeMicroseconds: 8619 (increment)
[clickhouse-builder-0.clickhouse-builder.ch-builder.svc.cluster.local] 2026.05.13 01:31:28 [ 0 ] SoftPageFaults: 5271 (increment)
[clickhouse-builder-0.clickhouse-builder.ch-builder.svc.cluster.local] 2026.05.13 01:31:28 [ 0 ] OSCPUWaitMicroseconds: 4 (increment)
[clickhouse-builder-0.clickhouse-builder.ch-builder.svc.cluster.local] 2026.05.13 01:31:28 [ 0 ] OSCPUVirtualTimeMicroseconds: 39840 (increment)
[clickhouse-builder-0.clickhouse-builder.ch-builder.svc.cluster.local] 2026.05.13 01:31:28 [ 0 ] OSReadChars: 59122 (increment)
[clickhouse-builder-0.clickhouse-builder.ch-builder.svc.cluster.local] 2026.05.13 01:31:28 [ 0 ] GCSReadRequestsErrors: 51 (increment)
[clickhouse-builder-0.clickhouse-builder.ch-builder.svc.cluster.local] 2026.05.13 01:31:28 [ 0 ] DiskGCSReadRequestsErrors: 51 (increment)
[clickhouse-builder-0.clickhouse-builder.ch-builder.svc.cluster.local] 2026.05.13 01:31:28 [ 0 ] ReadBufferFromGCSMicroseconds: 7334111 (increment)
[clickhouse-builder-0.clickhouse-builder.ch-builder.svc.cluster.local] 2026.05.13 01:31:28 [ 0 ] ReadBufferFromGCSBytes: 77325212 (increment)
[clickhouse-builder-0.clickhouse-builder.ch-builder.svc.cluster.local] 2026.05.13 01:31:28 [ 0 ] MemoryAllocatedWithoutCheck: 84 (increment)
[clickhouse-builder-0.clickhouse-builder.ch-builder.svc.cluster.local] 2026.05.13 01:31:28 [ 0 ] MemoryAllocatedWithoutCheckBytes: 18610688 (increment)
[clickhouse-builder-0.clickhouse-builder.ch-builder.svc.cluster.local] 2026.05.13 01:31:28 [ 0 ] RemoteFSPrefetches: 68 (increment)
[clickhouse-builder-0.clickhouse-builder.ch-builder.svc.cluster.local] 2026.05.13 01:31:28 [ 0 ] RemoteFSPrefetchedReads: 76 (increment)
[clickhouse-builder-0.clickhouse-builder.ch-builder.svc.cluster.local] 2026.05.13 01:31:28 [ 0 ] RemoteFSPrefetchedBytes: 65144684 (increment)
[clickhouse-builder-0.clickhouse-builder.ch-builder.svc.cluster.local] 2026.05.13 01:31:28 [ 0 ] RemoteFSUnprefetchedReads: 11 (increment)
[clickhouse-builder-0.clickhouse-builder.ch-builder.svc.cluster.local] 2026.05.13 01:31:28 [ 0 ] RemoteFSUnprefetchedBytes: 11534336 (increment)
[clickhouse-builder-0.clickhouse-builder.ch-builder.svc.cluster.local] 2026.05.13 01:31:28 [ 0 ] ThreadpoolReaderTaskMicroseconds: 7334268 (increment)
[clickhouse-builder-0.clickhouse-builder.ch-builder.svc.cluster.local] 2026.05.13 01:31:28 [ 0 ] ThreadpoolReaderReadBytes: 77325212 (increment)
[clickhouse-builder-0.clickhouse-builder.ch-builder.svc.cluster.local] 2026.05.13 01:31:28 [ 0 ] ThreadpoolReaderSubmit: 419 (increment)
[clickhouse-builder-0.clickhouse-builder.ch-builder.svc.cluster.local] 2026.05.13 01:31:28 [ 0 ] AsynchronousRemoteReadWaitMicroseconds: 3063369 (increment)
[clickhouse-builder-0.clickhouse-builder.ch-builder.svc.cluster.local] 2026.05.13 01:31:28 [ 0 ] SynchronousRemoteReadWaitMicroseconds: 433 (increment)
[clickhouse-builder-0.clickhouse-builder.ch-builder.svc.cluster.local] 2026.05.13 01:31:28 [ 0 ] InterfaceNativeSendBytes: 4498 (increment)
[clickhouse-builder-0.clickhouse-builder.ch-builder.svc.cluster.local] 2026.05.13 01:31:28 [ 0 ] MemoryTrackerUsage: 0 (gauge)
[clickhouse-builder-0.clickhouse-builder.ch-builder.svc.cluster.local] 2026.05.13 01:31:28 [ 0 ] MemoryTrackerPeakUsage: 327448972 (gauge)
[clickhouse-builder-0.clickhouse-builder.ch-builder.svc.cluster.local] 2026.05.13 01:31:28 [ 0 ] ReadCompressedBytes: 56171753 (increment)
[clickhouse-builder-0.clickhouse-builder.ch-builder.svc.cluster.local] 2026.05.13 01:31:28 [ 0 ] CompressedReadBufferBlocks: 151 (increment)
[clickhouse-builder-0.clickhouse-builder.ch-builder.svc.cluster.local] 2026.05.13 01:31:28 [ 0 ] CompressedReadBufferBytes: 56351656 (increment)
[clickhouse-builder-0.clickhouse-builder.ch-builder.svc.cluster.local] 2026.05.13 01:31:28 [ 0 ] NetworkReceiveElapsedMicroseconds: 2 (increment)
[clickhouse-builder-0.clickhouse-builder.ch-builder.svc.cluster.local] 2026.05.13 01:31:28 [ 0 ] NetworkSendElapsedMicroseconds: 30 (increment)
[clickhouse-builder-0.clickhouse-builder.ch-builder.svc.cluster.local] 2026.05.13 01:31:28 [ 0 ] NetworkSendBytes: 4484 (increment)
[clickhouse-builder-0.clickhouse-builder.ch-builder.svc.cluster.local] 2026.05.13 01:31:28 [ 0 ] LocalThreadPoolJobs: 38 (increment)
[clickhouse-builder-0.clickhouse-builder.ch-builder.svc.cluster.local] 2026.05.13 01:31:28 [ 0 ] SelectedRows: 388348 (increment)
[clickhouse-builder-0.clickhouse-builder.ch-builder.svc.cluster.local] 2026.05.13 01:31:28 [ 0 ] SelectedBytes: 56310460 (increment)
[clickhouse-builder-0.clickhouse-builder.ch-builder.svc.cluster.local] 2026.05.13 01:31:28 [ 0 ] RowsReadByMainReader: 388348 (increment)
[clickhouse-builder-0.clickhouse-builder.ch-builder.svc.cluster.local] 2026.05.13 01:31:28 [ 0 ] RealTimeMicroseconds: 2281949 (increment)
[clickhouse-builder-0.clickhouse-builder.ch-builder.svc.cluster.local] 2026.05.13 01:31:28 [ 0 ] UserTimeMicroseconds: 12414 (increment)
[clickhouse-builder-0.clickhouse-builder.ch-builder.svc.cluster.local] 2026.05.13 01:31:28 [ 0 ] SystemTimeMicroseconds: 3091 (increment)
[clickhouse-builder-0.clickhouse-builder.ch-builder.svc.cluster.local] 2026.05.13 01:31:28 [ 0 ] SoftPageFaults: 1552 (increment)
[clickhouse-builder-0.clickhouse-builder.ch-builder.svc.cluster.local] 2026.05.13 01:31:28 [ 0 ] OSCPUVirtualTimeMicroseconds: 15232 (increment)
[clickhouse-builder-0.clickhouse-builder.ch-builder.svc.cluster.local] 2026.05.13 01:31:28 [ 0 ] OSReadChars: 30513 (increment)
[clickhouse-builder-0.clickhouse-builder.ch-builder.svc.cluster.local] 2026.05.13 01:31:28 [ 0 ] GCSReadRequestsErrors: 29 (increment)
[clickhouse-builder-0.clickhouse-builder.ch-builder.svc.cluster.local] 2026.05.13 01:31:28 [ 0 ] DiskGCSReadRequestsErrors: 29 (increment)
[clickhouse-builder-0.clickhouse-builder.ch-builder.svc.cluster.local] 2026.05.13 01:31:28 [ 0 ] ReadBufferFromGCSMicroseconds: 1136982 (increment)
[clickhouse-builder-0.clickhouse-builder.ch-builder.svc.cluster.local] 2026.05.13 01:31:28 [ 0 ] ReadBufferFromGCSBytes: 40272710 (increment)
[clickhouse-builder-0.clickhouse-builder.ch-builder.svc.cluster.local] 2026.05.13 01:31:28 [ 0 ] MemoryAllocatedWithoutCheck: 68 (increment)
[clickhouse-builder-0.clickhouse-builder.ch-builder.svc.cluster.local] 2026.05.13 01:31:28 [ 0 ] MemoryAllocatedWithoutCheckBytes: 6528 (increment)
[clickhouse-builder-0.clickhouse-builder.ch-builder.svc.cluster.local] 2026.05.13 01:31:28 [ 0 ] RemoteFSSeeks: 2 (increment)
[clickhouse-builder-0.clickhouse-builder.ch-builder.svc.cluster.local] 2026.05.13 01:31:28 [ 0 ] RemoteFSPrefetches: 38 (increment)
[clickhouse-builder-0.clickhouse-builder.ch-builder.svc.cluster.local] 2026.05.13 01:31:28 [ 0 ] RemoteFSPrefetchedReads: 54 (increment)
[clickhouse-builder-0.clickhouse-builder.ch-builder.svc.cluster.local] 2026.05.13 01:31:28 [ 0 ] RemoteFSPrefetchedBytes: 41519941 (increment)
[clickhouse-builder-0.clickhouse-builder.ch-builder.svc.cluster.local] 2026.05.13 01:31:28 [ 0 ] ThreadpoolReaderTaskMicroseconds: 1137040 (increment)
[clickhouse-builder-0.clickhouse-builder.ch-builder.svc.cluster.local] 2026.05.13 01:31:28 [ 0 ] ThreadpoolReaderReadBytes: 40272710 (increment)
[clickhouse-builder-0.clickhouse-builder.ch-builder.svc.cluster.local] 2026.05.13 01:31:28 [ 0 ] ThreadpoolReaderSubmit: 223 (increment)
[clickhouse-builder-0.clickhouse-builder.ch-builder.svc.cluster.local] 2026.05.13 01:31:28 [ 0 ] AsynchronousRemoteReadWaitMicroseconds: 1135140 (increment)
[clickhouse-builder-0.clickhouse-builder.ch-builder.svc.cluster.local] 2026.05.13 01:31:28 [ 0 ] InterfaceNativeSendBytes: 4484 (increment)
[clickhouse-builder-0.clickhouse-builder.ch-builder.svc.cluster.local] 2026.05.13 01:31:28 [ 0 ] MemoryTrackerUsage: 0 (gauge)
[clickhouse-builder-0.clickhouse-builder.ch-builder.svc.cluster.local] 2026.05.13 01:31:28 [ 0 ] MemoryTrackerPeakUsage: 327448972 (gauge)
[clickhouse-builder-0.clickhouse-builder.ch-builder.svc.cluster.local] 2026.05.13 01:31:28 [ 0 ] ReadCompressedBytes: 15203443 (increment)
[clickhouse-builder-0.clickhouse-builder.ch-builder.svc.cluster.local] 2026.05.13 01:31:28 [ 0 ] CompressedReadBufferBlocks: 43 (increment)
[clickhouse-builder-0.clickhouse-builder.ch-builder.svc.cluster.local] 2026.05.13 01:31:28 [ 0 ] CompressedReadBufferBytes: 15269400 (increment)
[clickhouse-builder-0.clickhouse-builder.ch-builder.svc.cluster.local] 2026.05.13 01:31:28 [ 0 ] NetworkReceiveElapsedMicroseconds: 2 (increment)
[clickhouse-builder-0.clickhouse-builder.ch-builder.svc.cluster.local] 2026.05.13 01:31:28 [ 0 ] NetworkSendElapsedMicroseconds: 38 (increment)
[clickhouse-builder-0.clickhouse-builder.ch-builder.svc.cluster.local] 2026.05.13 01:31:28 [ 0 ] NetworkSendBytes: 3902 (increment)
[clickhouse-builder-0.clickhouse-builder.ch-builder.svc.cluster.local] 2026.05.13 01:31:28 [ 0 ] LocalThreadPoolJobs: 10 (increment)
[clickhouse-builder-0.clickhouse-builder.ch-builder.svc.cluster.local] 2026.05.13 01:31:28 [ 0 ] SelectedRows: 104337 (increment)
[clickhouse-builder-0.clickhouse-builder.ch-builder.svc.cluster.local] 2026.05.13 01:31:28 [ 0 ] SelectedBytes: 15128865 (increment)
[clickhouse-builder-0.clickhouse-builder.ch-builder.svc.cluster.local] 2026.05.13 01:31:28 [ 0 ] RowsReadByMainReader: 104337 (increment)
[clickhouse-builder-0.clickhouse-builder.ch-builder.svc.cluster.local] 2026.05.13 01:31:28 [ 0 ] RealTimeMicroseconds: 534752 (increment)
[clickhouse-builder-0.clickhouse-builder.ch-builder.svc.cluster.local] 2026.05.13 01:31:28 [ 0 ] UserTimeMicroseconds: 2908 (increment)
[clickhouse-builder-0.clickhouse-builder.ch-builder.svc.cluster.local] 2026.05.13 01:31:28 [ 0 ] SystemTimeMicroseconds: 1195 (increment)
[clickhouse-builder-0.clickhouse-builder.ch-builder.svc.cluster.local] 2026.05.13 01:31:28 [ 0 ] SoftPageFaults: 29 (increment)
[clickhouse-builder-0.clickhouse-builder.ch-builder.svc.cluster.local] 2026.05.13 01:31:28 [ 0 ] OSCPUWaitMicroseconds: 6 (increment)
[clickhouse-builder-0.clickhouse-builder.ch-builder.svc.cluster.local] 2026.05.13 01:31:28 [ 0 ] OSCPUVirtualTimeMicroseconds: 4098 (increment)
[clickhouse-builder-0.clickhouse-builder.ch-builder.svc.cluster.local] 2026.05.13 01:31:28 [ 0 ] OSReadChars: 8008 (increment)
[clickhouse-builder-0.clickhouse-builder.ch-builder.svc.cluster.local] 2026.05.13 01:31:28 [ 0 ] GCSReadRequestsErrors: 4 (increment)
[clickhouse-builder-0.clickhouse-builder.ch-builder.svc.cluster.local] 2026.05.13 01:31:28 [ 0 ] DiskGCSReadRequestsErrors: 4 (increment)
[clickhouse-builder-0.clickhouse-builder.ch-builder.svc.cluster.local] 2026.05.13 01:31:28 [ 0 ] ReadBufferFromGCSMicroseconds: 265908 (increment)
[clickhouse-builder-0.clickhouse-builder.ch-builder.svc.cluster.local] 2026.05.13 01:31:28 [ 0 ] ReadBufferFromGCSBytes: 11258459 (increment)
[clickhouse-builder-0.clickhouse-builder.ch-builder.svc.cluster.local] 2026.05.13 01:31:28 [ 0 ] MemoryAllocatedWithoutCheck: 20 (increment)
[clickhouse-builder-0.clickhouse-builder.ch-builder.svc.cluster.local] 2026.05.13 01:31:28 [ 0 ] MemoryAllocatedWithoutCheckBytes: 1920 (increment)
[clickhouse-builder-0.clickhouse-builder.ch-builder.svc.cluster.local] 2026.05.13 01:31:28 [ 0 ] RemoteFSPrefetches: 10 (increment)
[clickhouse-builder-0.clickhouse-builder.ch-builder.svc.cluster.local] 2026.05.13 01:31:28 [ 0 ] RemoteFSPrefetchedReads: 15 (increment)
[clickhouse-builder-0.clickhouse-builder.ch-builder.svc.cluster.local] 2026.05.13 01:31:28 [ 0 ] RemoteFSPrefetchedBytes: 11656667 (increment)
[clickhouse-builder-0.clickhouse-builder.ch-builder.svc.cluster.local] 2026.05.13 01:31:28 [ 0 ] ThreadpoolReaderTaskMicroseconds: 265926 (increment)
[clickhouse-builder-0.clickhouse-builder.ch-builder.svc.cluster.local] 2026.05.13 01:31:28 [ 0 ] ThreadpoolReaderReadBytes: 11258459 (increment)
[clickhouse-builder-0.clickhouse-builder.ch-builder.svc.cluster.local] 2026.05.13 01:31:28 [ 0 ] ThreadpoolReaderSubmit: 61 (increment)
[clickhouse-builder-0.clickhouse-builder.ch-builder.svc.cluster.local] 2026.05.13 01:31:28 [ 0 ] AsynchronousRemoteReadWaitMicroseconds: 265270 (increment)
[clickhouse-builder-0.clickhouse-builder.ch-builder.svc.cluster.local] 2026.05.13 01:31:28 [ 0 ] InterfaceNativeSendBytes: 3902 (increment)
[clickhouse-builder-0.clickhouse-builder.ch-builder.svc.cluster.local] 2026.05.13 01:31:28 [ 0 ] MemoryTrackerUsage: 0 (gauge)
[clickhouse-builder-0.clickhouse-builder.ch-builder.svc.cluster.local] 2026.05.13 01:31:28 [ 0 ] MemoryTrackerPeakUsage: 327448972 (gauge)
[clickhouse-builder-0.clickhouse-builder.ch-builder.svc.cluster.local] 2026.05.13 01:31:28 [ 0 ] ReadCompressedBytes: 3219637 (increment)
[clickhouse-builder-0.clickhouse-builder.ch-builder.svc.cluster.local] 2026.05.13 01:31:28 [ 0 ] CompressedReadBufferBlocks: 9 (increment)
[clickhouse-builder-0.clickhouse-builder.ch-builder.svc.cluster.local] 2026.05.13 01:31:28 [ 0 ] CompressedReadBufferBytes: 3219412 (increment)
[clickhouse-builder-0.clickhouse-builder.ch-builder.svc.cluster.local] 2026.05.13 01:31:28 [ 0 ] NetworkSendElapsedMicroseconds: 28 (increment)
[clickhouse-builder-0.clickhouse-builder.ch-builder.svc.cluster.local] 2026.05.13 01:31:28 [ 0 ] NetworkSendBytes: 3926 (increment)
[clickhouse-builder-0.clickhouse-builder.ch-builder.svc.cluster.local] 2026.05.13 01:31:28 [ 0 ] LocalThreadPoolJobs: 1 (increment)
[clickhouse-builder-0.clickhouse-builder.ch-builder.svc.cluster.local] 2026.05.13 01:31:28 [ 0 ] SelectedRows: 22417 (increment)
[clickhouse-builder-0.clickhouse-builder.ch-builder.svc.cluster.local] 2026.05.13 01:31:28 [ 0 ] SelectedBytes: 3250465 (increment)
[clickhouse-builder-0.clickhouse-builder.ch-builder.svc.cluster.local] 2026.05.13 01:31:28 [ 0 ] RowsReadByMainReader: 22417 (increment)
[clickhouse-builder-0.clickhouse-builder.ch-builder.svc.cluster.local] 2026.05.13 01:31:28 [ 0 ] RealTimeMicroseconds: 19360572 (increment)
[clickhouse-builder-0.clickhouse-builder.ch-builder.svc.cluster.local] 2026.05.13 01:31:28 [ 0 ] UserTimeMicroseconds: 61769 (increment)
[clickhouse-builder-0.clickhouse-builder.ch-builder.svc.cluster.local] 2026.05.13 01:31:28 [ 0 ] SystemTimeMicroseconds: 9638 (increment)
[clickhouse-builder-0.clickhouse-builder.ch-builder.svc.cluster.local] 2026.05.13 01:31:28 [ 0 ] SoftPageFaults: 2584 (increment)
[clickhouse-builder-0.clickhouse-builder.ch-builder.svc.cluster.local] 2026.05.13 01:31:28 [ 0 ] OSCPUVirtualTimeMicroseconds: 71389 (increment)
[clickhouse-builder-0.clickhouse-builder.ch-builder.svc.cluster.local] 2026.05.13 01:31:28 [ 0 ] OSReadChars: 24091 (increment)
[clickhouse-builder-0.clickhouse-builder.ch-builder.svc.cluster.local] 2026.05.13 01:31:28 [ 0 ] OSWriteChars: 8 (increment)
[clickhouse-builder-0.clickhouse-builder.ch-builder.svc.cluster.local] 2026.05.13 01:31:28 [ 0 ] ReadBufferFromGCSMicroseconds: 95 (increment)
[clickhouse-builder-0.clickhouse-builder.ch-builder.svc.cluster.local] 2026.05.13 01:31:28 [ 0 ] ReadBufferFromGCSBytes: 1821075 (increment)
[clickhouse-builder-0.clickhouse-builder.ch-builder.svc.cluster.local] 2026.05.13 01:31:28 [ 0 ] MemoryAllocatedWithoutCheck: 8 (increment)
[clickhouse-builder-0.clickhouse-builder.ch-builder.svc.cluster.local] 2026.05.13 01:31:28 [ 0 ] MemoryAllocatedWithoutCheckBytes: 214016 (increment)
[clickhouse-builder-0.clickhouse-builder.ch-builder.svc.cluster.local] 2026.05.13 01:31:28 [ 0 ] RemoteFSPrefetches: 1 (increment)
[clickhouse-builder-0.clickhouse-builder.ch-builder.svc.cluster.local] 2026.05.13 01:31:28 [ 0 ] RemoteFSPrefetchedReads: 3 (increment)
[clickhouse-builder-0.clickhouse-builder.ch-builder.svc.cluster.local] 2026.05.13 01:31:28 [ 0 ] RemoteFSPrefetchedBytes: 1878000 (increment)
[clickhouse-builder-0.clickhouse-builder.ch-builder.svc.cluster.local] 2026.05.13 01:31:28 [ 0 ] ThreadpoolReaderTaskMicroseconds: 97 (increment)
[clickhouse-builder-0.clickhouse-builder.ch-builder.svc.cluster.local] 2026.05.13 01:31:28 [ 0 ] ThreadpoolReaderReadBytes: 1821075 (increment)
[clickhouse-builder-0.clickhouse-builder.ch-builder.svc.cluster.local] 2026.05.13 01:31:28 [ 0 ] ThreadpoolReaderSubmit: 5 (increment)
[clickhouse-builder-0.clickhouse-builder.ch-builder.svc.cluster.local] 2026.05.13 01:31:28 [ 0 ] AsynchronousRemoteReadWaitMicroseconds: 44 (increment)
[clickhouse-builder-0.clickhouse-builder.ch-builder.svc.cluster.local] 2026.05.13 01:31:28 [ 0 ] InterfaceNativeSendBytes: 3926 (increment)
[clickhouse-builder-0.clickhouse-builder.ch-builder.svc.cluster.local] 2026.05.13 01:31:28 [ 0 ] MemoryTrackerUsage: 53408 (gauge)
[clickhouse-builder-0.clickhouse-builder.ch-builder.svc.cluster.local] 2026.05.13 01:31:28 [ 0 ] MemoryTrackerPeakUsage: 327448972 (gauge)
1.554
exit_code=0
