Defaulted container "builder" out of: builder, bootstrap (init)
[clickhouse-builder-0.clickhouse-builder.ch-builder.svc.cluster.local] 2026.05.13 01:31:30 [ 0 ] Query: 1 (increment)
[clickhouse-builder-0.clickhouse-builder.ch-builder.svc.cluster.local] 2026.05.13 01:31:30 [ 0 ] SelectQuery: 1 (increment)
[clickhouse-builder-0.clickhouse-builder.ch-builder.svc.cluster.local] 2026.05.13 01:31:30 [ 0 ] InitialQuery: 1 (increment)
[clickhouse-builder-0.clickhouse-builder.ch-builder.svc.cluster.local] 2026.05.13 01:31:30 [ 0 ] InitialSelectQuery: 1 (increment)
[clickhouse-builder-0.clickhouse-builder.ch-builder.svc.cluster.local] 2026.05.13 01:31:30 [ 0 ] QueriesWithSubqueries: 1 (increment)
[clickhouse-builder-0.clickhouse-builder.ch-builder.svc.cluster.local] 2026.05.13 01:31:30 [ 0 ] SelectQueriesWithSubqueries: 1 (increment)
[clickhouse-builder-0.clickhouse-builder.ch-builder.svc.cluster.local] 2026.05.13 01:31:30 [ 0 ] FileOpen: 305 (increment)
[clickhouse-builder-0.clickhouse-builder.ch-builder.svc.cluster.local] 2026.05.13 01:31:30 [ 0 ] ReadBufferFromFileDescriptorRead: 700 (increment)
[clickhouse-builder-0.clickhouse-builder.ch-builder.svc.cluster.local] 2026.05.13 01:31:30 [ 0 ] ReadBufferFromFileDescriptorReadBytes: 25810 (increment)
[clickhouse-builder-0.clickhouse-builder.ch-builder.svc.cluster.local] 2026.05.13 01:31:30 [ 0 ] ReadCompressedBytes: 126636 (increment)
[clickhouse-builder-0.clickhouse-builder.ch-builder.svc.cluster.local] 2026.05.13 01:31:30 [ 0 ] CompressedReadBufferBlocks: 3 (increment)
[clickhouse-builder-0.clickhouse-builder.ch-builder.svc.cluster.local] 2026.05.13 01:31:30 [ 0 ] CompressedReadBufferBytes: 196608 (increment)
[clickhouse-builder-0.clickhouse-builder.ch-builder.svc.cluster.local] 2026.05.13 01:31:30 [ 0 ] OpenedFileCacheHits: 45 (increment)
[clickhouse-builder-0.clickhouse-builder.ch-builder.svc.cluster.local] 2026.05.13 01:31:30 [ 0 ] OpenedFileCacheMisses: 305 (increment)
[clickhouse-builder-0.clickhouse-builder.ch-builder.svc.cluster.local] 2026.05.13 01:31:30 [ 0 ] OpenedFileCacheMicroseconds: 188 (increment)
[clickhouse-builder-0.clickhouse-builder.ch-builder.svc.cluster.local] 2026.05.13 01:31:30 [ 0 ] IOBufferAllocs: 1053 (increment)
[clickhouse-builder-0.clickhouse-builder.ch-builder.svc.cluster.local] 2026.05.13 01:31:30 [ 0 ] IOBufferAllocBytes: 371260555 (increment)
[clickhouse-builder-0.clickhouse-builder.ch-builder.svc.cluster.local] 2026.05.13 01:31:30 [ 0 ] MarkCacheHits: 350 (increment)
[clickhouse-builder-0.clickhouse-builder.ch-builder.svc.cluster.local] 2026.05.13 01:31:30 [ 0 ] CreatedReadBufferOrdinary: 350 (increment)
[clickhouse-builder-0.clickhouse-builder.ch-builder.svc.cluster.local] 2026.05.13 01:31:30 [ 0 ] DiskReadElapsedMicroseconds: 446 (increment)
[clickhouse-builder-0.clickhouse-builder.ch-builder.svc.cluster.local] 2026.05.13 01:31:30 [ 0 ] NetworkReceiveElapsedMicroseconds: 2 (increment)
[clickhouse-builder-0.clickhouse-builder.ch-builder.svc.cluster.local] 2026.05.13 01:31:30 [ 0 ] NetworkSendElapsedMicroseconds: 45 (increment)
[clickhouse-builder-0.clickhouse-builder.ch-builder.svc.cluster.local] 2026.05.13 01:31:30 [ 0 ] NetworkSendBytes: 69 (increment)
[clickhouse-builder-0.clickhouse-builder.ch-builder.svc.cluster.local] 2026.05.13 01:31:30 [ 0 ] GlobalThreadPoolLockWaitMicroseconds: 108 (increment)
[clickhouse-builder-0.clickhouse-builder.ch-builder.svc.cluster.local] 2026.05.13 01:31:30 [ 0 ] GlobalThreadPoolJobs: 54 (increment)
[clickhouse-builder-0.clickhouse-builder.ch-builder.svc.cluster.local] 2026.05.13 01:31:30 [ 0 ] LocalThreadPoolExpansions: 53 (increment)
[clickhouse-builder-0.clickhouse-builder.ch-builder.svc.cluster.local] 2026.05.13 01:31:30 [ 0 ] LocalThreadPoolShrinks: 5 (increment)
[clickhouse-builder-0.clickhouse-builder.ch-builder.svc.cluster.local] 2026.05.13 01:31:30 [ 0 ] LocalThreadPoolThreadCreationMicroseconds: 329 (increment)
[clickhouse-builder-0.clickhouse-builder.ch-builder.svc.cluster.local] 2026.05.13 01:31:30 [ 0 ] LocalThreadPoolLockWaitMicroseconds: 1869 (increment)
[clickhouse-builder-0.clickhouse-builder.ch-builder.svc.cluster.local] 2026.05.13 01:31:30 [ 0 ] LocalThreadPoolJobs: 453 (increment)
[clickhouse-builder-0.clickhouse-builder.ch-builder.svc.cluster.local] 2026.05.13 01:31:30 [ 0 ] QueryPlanOptimizeMicroseconds: 72 (increment)
[clickhouse-builder-0.clickhouse-builder.ch-builder.svc.cluster.local] 2026.05.13 01:31:30 [ 0 ] IndexAnalysisRounds: 1 (increment)
[clickhouse-builder-0.clickhouse-builder.ch-builder.svc.cluster.local] 2026.05.13 01:31:30 [ 0 ] SelectedParts: 5 (increment)
[clickhouse-builder-0.clickhouse-builder.ch-builder.svc.cluster.local] 2026.05.13 01:31:30 [ 0 ] SelectedPartsTotal: 5 (increment)
[clickhouse-builder-0.clickhouse-builder.ch-builder.svc.cluster.local] 2026.05.13 01:31:30 [ 0 ] SelectedRanges: 5 (increment)
[clickhouse-builder-0.clickhouse-builder.ch-builder.svc.cluster.local] 2026.05.13 01:31:30 [ 0 ] SelectedMarks: 612 (increment)
[clickhouse-builder-0.clickhouse-builder.ch-builder.svc.cluster.local] 2026.05.13 01:31:30 [ 0 ] SelectedMarksTotal: 612 (increment)
[clickhouse-builder-0.clickhouse-builder.ch-builder.svc.cluster.local] 2026.05.13 01:31:30 [ 0 ] FilteringMarksWithPrimaryKeyProcessedMarks: 612 (increment)
[clickhouse-builder-0.clickhouse-builder.ch-builder.svc.cluster.local] 2026.05.13 01:31:30 [ 0 ] FilteringMarksWithPrimaryKeyMicroseconds: 10 (increment)
[clickhouse-builder-0.clickhouse-builder.ch-builder.svc.cluster.local] 2026.05.13 01:31:30 [ 0 ] WaitMarksLoadMicroseconds: 1297 (increment)
[clickhouse-builder-0.clickhouse-builder.ch-builder.svc.cluster.local] 2026.05.13 01:31:30 [ 0 ] ContextLock: 382 (increment)
[clickhouse-builder-0.clickhouse-builder.ch-builder.svc.cluster.local] 2026.05.13 01:31:30 [ 0 ] RWLockAcquiredReadLocks: 1 (increment)
[clickhouse-builder-0.clickhouse-builder.ch-builder.svc.cluster.local] 2026.05.13 01:31:30 [ 0 ] SharedPartsLockHoldMicroseconds: 1 (increment)
[clickhouse-builder-0.clickhouse-builder.ch-builder.svc.cluster.local] 2026.05.13 01:31:30 [ 0 ] SharedPartsLocks: 2 (increment)
[clickhouse-builder-0.clickhouse-builder.ch-builder.svc.cluster.local] 2026.05.13 01:31:30 [ 0 ] RealTimeMicroseconds: 282255 (increment)
[clickhouse-builder-0.clickhouse-builder.ch-builder.svc.cluster.local] 2026.05.13 01:31:30 [ 0 ] UserTimeMicroseconds: 7511 (increment)
[clickhouse-builder-0.clickhouse-builder.ch-builder.svc.cluster.local] 2026.05.13 01:31:30 [ 0 ] SystemTimeMicroseconds: 5671 (increment)
[clickhouse-builder-0.clickhouse-builder.ch-builder.svc.cluster.local] 2026.05.13 01:31:30 [ 0 ] SoftPageFaults: 116 (increment)
[clickhouse-builder-0.clickhouse-builder.ch-builder.svc.cluster.local] 2026.05.13 01:31:30 [ 0 ] OSCPUWaitMicroseconds: 1463 (increment)
[clickhouse-builder-0.clickhouse-builder.ch-builder.svc.cluster.local] 2026.05.13 01:31:30 [ 0 ] OSCPUVirtualTimeMicroseconds: 13155 (increment)
[clickhouse-builder-0.clickhouse-builder.ch-builder.svc.cluster.local] 2026.05.13 01:31:30 [ 0 ] OSReadChars: 45324 (increment)
[clickhouse-builder-0.clickhouse-builder.ch-builder.svc.cluster.local] 2026.05.13 01:31:30 [ 0 ] GCSReadMicroseconds: 585491 (increment)
[clickhouse-builder-0.clickhouse-builder.ch-builder.svc.cluster.local] 2026.05.13 01:31:30 [ 0 ] GCSReadRequestsCount: 253 (increment)
[clickhouse-builder-0.clickhouse-builder.ch-builder.svc.cluster.local] 2026.05.13 01:31:30 [ 0 ] GCSReadRequestAttempts: 253 (increment)
[clickhouse-builder-0.clickhouse-builder.ch-builder.svc.cluster.local] 2026.05.13 01:31:30 [ 0 ] DiskGCSReadMicroseconds: 585491 (increment)
[clickhouse-builder-0.clickhouse-builder.ch-builder.svc.cluster.local] 2026.05.13 01:31:30 [ 0 ] DiskGCSReadRequestsCount: 253 (increment)
[clickhouse-builder-0.clickhouse-builder.ch-builder.svc.cluster.local] 2026.05.13 01:31:30 [ 0 ] DiskGCSReadRequestAttempts: 253 (increment)
[clickhouse-builder-0.clickhouse-builder.ch-builder.svc.cluster.local] 2026.05.13 01:31:30 [ 0 ] GCSReadObject: 253 (increment)
[clickhouse-builder-0.clickhouse-builder.ch-builder.svc.cluster.local] 2026.05.13 01:31:30 [ 0 ] DiskGCSReadObject: 253 (increment)
[clickhouse-builder-0.clickhouse-builder.ch-builder.svc.cluster.local] 2026.05.13 01:31:30 [ 0 ] ReadBufferFromGCSMicroseconds: 265059 (increment)
[clickhouse-builder-0.clickhouse-builder.ch-builder.svc.cluster.local] 2026.05.13 01:31:30 [ 0 ] ReadBufferFromGCSInitMicroseconds: 587130 (increment)
[clickhouse-builder-0.clickhouse-builder.ch-builder.svc.cluster.local] 2026.05.13 01:31:30 [ 0 ] ReadBufferFromGCSBytes: 253398 (increment)
[clickhouse-builder-0.clickhouse-builder.ch-builder.svc.cluster.local] 2026.05.13 01:31:30 [ 0 ] MemoryAllocatedWithoutCheck: 361 (increment)
[clickhouse-builder-0.clickhouse-builder.ch-builder.svc.cluster.local] 2026.05.13 01:31:30 [ 0 ] MemoryAllocatedWithoutCheckBytes: 402449784 (increment)
[clickhouse-builder-0.clickhouse-builder.ch-builder.svc.cluster.local] 2026.05.13 01:31:30 [ 0 ] RemoteFSSeeks: 325 (increment)
[clickhouse-builder-0.clickhouse-builder.ch-builder.svc.cluster.local] 2026.05.13 01:31:30 [ 0 ] RemoteFSPrefetches: 350 (increment)
[clickhouse-builder-0.clickhouse-builder.ch-builder.svc.cluster.local] 2026.05.13 01:31:30 [ 0 ] RemoteFSPrefetchedReads: 3 (increment)
[clickhouse-builder-0.clickhouse-builder.ch-builder.svc.cluster.local] 2026.05.13 01:31:30 [ 0 ] RemoteFSPrefetchedBytes: 253398 (increment)
[clickhouse-builder-0.clickhouse-builder.ch-builder.svc.cluster.local] 2026.05.13 01:31:30 [ 0 ] RemoteFSBuffers: 350 (increment)
[clickhouse-builder-0.clickhouse-builder.ch-builder.svc.cluster.local] 2026.05.13 01:31:30 [ 0 ] WaitPrefetchTaskMicroseconds: 26 (increment)
[clickhouse-builder-0.clickhouse-builder.ch-builder.svc.cluster.local] 2026.05.13 01:31:30 [ 0 ] ThreadpoolReaderTaskMicroseconds: 265065 (increment)
[clickhouse-builder-0.clickhouse-builder.ch-builder.svc.cluster.local] 2026.05.13 01:31:30 [ 0 ] ThreadpoolReaderReadBytes: 253398 (increment)
[clickhouse-builder-0.clickhouse-builder.ch-builder.svc.cluster.local] 2026.05.13 01:31:30 [ 0 ] ThreadpoolReaderSubmit: 5061 (increment)
[clickhouse-builder-0.clickhouse-builder.ch-builder.svc.cluster.local] 2026.05.13 01:31:30 [ 0 ] ThreadpoolReaderSubmitLookupInCacheMicroseconds: 599 (increment)
[clickhouse-builder-0.clickhouse-builder.ch-builder.svc.cluster.local] 2026.05.13 01:31:30 [ 0 ] AsynchronousRemoteReadWaitMicroseconds: 262042 (increment)
[clickhouse-builder-0.clickhouse-builder.ch-builder.svc.cluster.local] 2026.05.13 01:31:30 [ 0 ] LogTrace: 9 (increment)
[clickhouse-builder-0.clickhouse-builder.ch-builder.svc.cluster.local] 2026.05.13 01:31:30 [ 0 ] LogDebug: 6 (increment)
[clickhouse-builder-0.clickhouse-builder.ch-builder.svc.cluster.local] 2026.05.13 01:31:30 [ 0 ] LoggerElapsedNanoseconds: 110885 (increment)
[clickhouse-builder-0.clickhouse-builder.ch-builder.svc.cluster.local] 2026.05.13 01:31:30 [ 0 ] InterfaceNativeSendBytes: 69 (increment)
[clickhouse-builder-0.clickhouse-builder.ch-builder.svc.cluster.local] 2026.05.13 01:31:30 [ 0 ] ConcurrencyControlSlotsGranted: 1 (increment)
[clickhouse-builder-0.clickhouse-builder.ch-builder.svc.cluster.local] 2026.05.13 01:31:30 [ 0 ] ConcurrencyControlSlotsAcquired: 47 (increment)
[clickhouse-builder-0.clickhouse-builder.ch-builder.svc.cluster.local] 2026.05.13 01:31:30 [ 0 ] ConcurrencyControlSlotsAcquiredNonCompeting: 1 (increment)
[clickhouse-builder-0.clickhouse-builder.ch-builder.svc.cluster.local] 2026.05.13 01:31:30 [ 0 ] AsyncLoggingConsoleTotalMessages: 15 (increment)
[clickhouse-builder-0.clickhouse-builder.ch-builder.svc.cluster.local] 2026.05.13 01:31:30 [ 0 ] MemoryTrackerUsage: 327218668 (gauge)
[clickhouse-builder-0.clickhouse-builder.ch-builder.svc.cluster.local] 2026.05.13 01:31:30 [ 0 ] MemoryTrackerPeakUsage: 327448540 (gauge)
[clickhouse-builder-0.clickhouse-builder.ch-builder.svc.cluster.local] 2026.05.13 01:31:30 [ 0 ] ReadCompressedBytes: 758533 (increment)
[clickhouse-builder-0.clickhouse-builder.ch-builder.svc.cluster.local] 2026.05.13 01:31:30 [ 0 ] CompressedReadBufferBlocks: 13 (increment)
[clickhouse-builder-0.clickhouse-builder.ch-builder.svc.cluster.local] 2026.05.13 01:31:30 [ 0 ] CompressedReadBufferBytes: 851968 (increment)
[clickhouse-builder-0.clickhouse-builder.ch-builder.svc.cluster.local] 2026.05.13 01:31:30 [ 0 ] IOBufferAllocs: 7 (increment)
[clickhouse-builder-0.clickhouse-builder.ch-builder.svc.cluster.local] 2026.05.13 01:31:30 [ 0 ] IOBufferAllocBytes: 459449 (increment)
[clickhouse-builder-0.clickhouse-builder.ch-builder.svc.cluster.local] 2026.05.13 01:31:30 [ 0 ] NetworkSendElapsedMicroseconds: 28 (increment)
[clickhouse-builder-0.clickhouse-builder.ch-builder.svc.cluster.local] 2026.05.13 01:31:30 [ 0 ] NetworkSendBytes: 9848 (increment)
[clickhouse-builder-0.clickhouse-builder.ch-builder.svc.cluster.local] 2026.05.13 01:31:30 [ 0 ] RealTimeMicroseconds: 2151676 (increment)
[clickhouse-builder-0.clickhouse-builder.ch-builder.svc.cluster.local] 2026.05.13 01:31:30 [ 0 ] UserTimeMicroseconds: 2813 (increment)
[clickhouse-builder-0.clickhouse-builder.ch-builder.svc.cluster.local] 2026.05.13 01:31:30 [ 0 ] SystemTimeMicroseconds: 3701 (increment)
[clickhouse-builder-0.clickhouse-builder.ch-builder.svc.cluster.local] 2026.05.13 01:31:30 [ 0 ] SoftPageFaults: 75 (increment)
[clickhouse-builder-0.clickhouse-builder.ch-builder.svc.cluster.local] 2026.05.13 01:31:30 [ 0 ] OSCPUWaitMicroseconds: 447 (increment)
[clickhouse-builder-0.clickhouse-builder.ch-builder.svc.cluster.local] 2026.05.13 01:31:30 [ 0 ] OSCPUVirtualTimeMicroseconds: 6505 (increment)
[clickhouse-builder-0.clickhouse-builder.ch-builder.svc.cluster.local] 2026.05.13 01:31:30 [ 0 ] OSReadChars: 6554 (increment)
[clickhouse-builder-0.clickhouse-builder.ch-builder.svc.cluster.local] 2026.05.13 01:31:30 [ 0 ] GCSReadMicroseconds: 1461 (increment)
[clickhouse-builder-0.clickhouse-builder.ch-builder.svc.cluster.local] 2026.05.13 01:31:30 [ 0 ] GCSReadRequestsCount: 14 (increment)
[clickhouse-builder-0.clickhouse-builder.ch-builder.svc.cluster.local] 2026.05.13 01:31:30 [ 0 ] GCSReadRequestAttempts: 14 (increment)
[clickhouse-builder-0.clickhouse-builder.ch-builder.svc.cluster.local] 2026.05.13 01:31:30 [ 0 ] DiskGCSReadMicroseconds: 1461 (increment)
[clickhouse-builder-0.clickhouse-builder.ch-builder.svc.cluster.local] 2026.05.13 01:31:30 [ 0 ] DiskGCSReadRequestsCount: 14 (increment)
[clickhouse-builder-0.clickhouse-builder.ch-builder.svc.cluster.local] 2026.05.13 01:31:30 [ 0 ] DiskGCSReadRequestAttempts: 14 (increment)
[clickhouse-builder-0.clickhouse-builder.ch-builder.svc.cluster.local] 2026.05.13 01:31:30 [ 0 ] GCSReadObject: 14 (increment)
[clickhouse-builder-0.clickhouse-builder.ch-builder.svc.cluster.local] 2026.05.13 01:31:30 [ 0 ] DiskGCSReadObject: 14 (increment)
[clickhouse-builder-0.clickhouse-builder.ch-builder.svc.cluster.local] 2026.05.13 01:31:30 [ 0 ] ReadBufferFromGCSMicroseconds: 2151385 (increment)
[clickhouse-builder-0.clickhouse-builder.ch-builder.svc.cluster.local] 2026.05.13 01:31:30 [ 0 ] ReadBufferFromGCSInitMicroseconds: 1531 (increment)
[clickhouse-builder-0.clickhouse-builder.ch-builder.svc.cluster.local] 2026.05.13 01:31:30 [ 0 ] ReadBufferFromGCSBytes: 4725238 (increment)
[clickhouse-builder-0.clickhouse-builder.ch-builder.svc.cluster.local] 2026.05.13 01:31:30 [ 0 ] RemoteFSPrefetchedReads: 13 (increment)
[clickhouse-builder-0.clickhouse-builder.ch-builder.svc.cluster.local] 2026.05.13 01:31:30 [ 0 ] RemoteFSPrefetchedBytes: 4397433 (increment)
[clickhouse-builder-0.clickhouse-builder.ch-builder.svc.cluster.local] 2026.05.13 01:31:30 [ 0 ] ThreadpoolReaderTaskMicroseconds: 2151412 (increment)
[clickhouse-builder-0.clickhouse-builder.ch-builder.svc.cluster.local] 2026.05.13 01:31:30 [ 0 ] ThreadpoolReaderReadBytes: 4725238 (increment)
[clickhouse-builder-0.clickhouse-builder.ch-builder.svc.cluster.local] 2026.05.13 01:31:30 [ 0 ] AsynchronousRemoteReadWaitMicroseconds: 900010 (increment)
[clickhouse-builder-0.clickhouse-builder.ch-builder.svc.cluster.local] 2026.05.13 01:31:30 [ 0 ] InterfaceNativeSendBytes: 9848 (increment)
[clickhouse-builder-0.clickhouse-builder.ch-builder.svc.cluster.local] 2026.05.13 01:31:30 [ 0 ] MemoryTrackerUsage: 321625196 (gauge)
[clickhouse-builder-0.clickhouse-builder.ch-builder.svc.cluster.local] 2026.05.13 01:31:30 [ 0 ] MemoryTrackerPeakUsage: 327448540 (gauge)
[clickhouse-builder-0.clickhouse-builder.ch-builder.svc.cluster.local] 2026.05.13 01:31:30 [ 0 ] ReadCompressedBytes: 1082411 (increment)
[clickhouse-builder-0.clickhouse-builder.ch-builder.svc.cluster.local] 2026.05.13 01:31:30 [ 0 ] CompressedReadBufferBlocks: 24 (increment)
[clickhouse-builder-0.clickhouse-builder.ch-builder.svc.cluster.local] 2026.05.13 01:31:30 [ 0 ] CompressedReadBufferBytes: 1572864 (increment)
[clickhouse-builder-0.clickhouse-builder.ch-builder.svc.cluster.local] 2026.05.13 01:31:30 [ 0 ] IOBufferAllocs: 23 (increment)
[clickhouse-builder-0.clickhouse-builder.ch-builder.svc.cluster.local] 2026.05.13 01:31:30 [ 0 ] IOBufferAllocBytes: 1510121 (increment)
[clickhouse-builder-0.clickhouse-builder.ch-builder.svc.cluster.local] 2026.05.13 01:31:30 [ 0 ] NetworkReceiveElapsedMicroseconds: 2 (increment)
[clickhouse-builder-0.clickhouse-builder.ch-builder.svc.cluster.local] 2026.05.13 01:31:30 [ 0 ] NetworkSendElapsedMicroseconds: 42 (increment)
[clickhouse-builder-0.clickhouse-builder.ch-builder.svc.cluster.local] 2026.05.13 01:31:30 [ 0 ] NetworkSendBytes: 3892 (increment)
[clickhouse-builder-0.clickhouse-builder.ch-builder.svc.cluster.local] 2026.05.13 01:31:30 [ 0 ] RealTimeMicroseconds: 17017227 (increment)
[clickhouse-builder-0.clickhouse-builder.ch-builder.svc.cluster.local] 2026.05.13 01:31:30 [ 0 ] UserTimeMicroseconds: 10887 (increment)
[clickhouse-builder-0.clickhouse-builder.ch-builder.svc.cluster.local] 2026.05.13 01:31:30 [ 0 ] SystemTimeMicroseconds: 12233 (increment)
[clickhouse-builder-0.clickhouse-builder.ch-builder.svc.cluster.local] 2026.05.13 01:31:30 [ 0 ] SoftPageFaults: 455 (increment)
[clickhouse-builder-0.clickhouse-builder.ch-builder.svc.cluster.local] 2026.05.13 01:31:30 [ 0 ] OSCPUWaitMicroseconds: 1172 (increment)
[clickhouse-builder-0.clickhouse-builder.ch-builder.svc.cluster.local] 2026.05.13 01:31:30 [ 0 ] OSCPUVirtualTimeMicroseconds: 23070 (increment)
[clickhouse-builder-0.clickhouse-builder.ch-builder.svc.cluster.local] 2026.05.13 01:31:30 [ 0 ] OSReadChars: 30360 (increment)
[clickhouse-builder-0.clickhouse-builder.ch-builder.svc.cluster.local] 2026.05.13 01:31:30 [ 0 ] GCSReadMicroseconds: 47478 (increment)
[clickhouse-builder-0.clickhouse-builder.ch-builder.svc.cluster.local] 2026.05.13 01:31:30 [ 0 ] GCSReadRequestsCount: 65 (increment)
[clickhouse-builder-0.clickhouse-builder.ch-builder.svc.cluster.local] 2026.05.13 01:31:30 [ 0 ] GCSReadRequestAttempts: 65 (increment)
[clickhouse-builder-0.clickhouse-builder.ch-builder.svc.cluster.local] 2026.05.13 01:31:30 [ 0 ] DiskGCSReadMicroseconds: 47478 (increment)
[clickhouse-builder-0.clickhouse-builder.ch-builder.svc.cluster.local] 2026.05.13 01:31:30 [ 0 ] DiskGCSReadRequestsCount: 65 (increment)
[clickhouse-builder-0.clickhouse-builder.ch-builder.svc.cluster.local] 2026.05.13 01:31:30 [ 0 ] DiskGCSReadRequestAttempts: 65 (increment)
[clickhouse-builder-0.clickhouse-builder.ch-builder.svc.cluster.local] 2026.05.13 01:31:30 [ 0 ] GCSReadObject: 65 (increment)
[clickhouse-builder-0.clickhouse-builder.ch-builder.svc.cluster.local] 2026.05.13 01:31:30 [ 0 ] DiskGCSReadObject: 65 (increment)
[clickhouse-builder-0.clickhouse-builder.ch-builder.svc.cluster.local] 2026.05.13 01:31:30 [ 0 ] ReadBufferFromGCSMicroseconds: 17015989 (increment)
[clickhouse-builder-0.clickhouse-builder.ch-builder.svc.cluster.local] 2026.05.13 01:31:30 [ 0 ] ReadBufferFromGCSInitMicroseconds: 47552 (increment)
[clickhouse-builder-0.clickhouse-builder.ch-builder.svc.cluster.local] 2026.05.13 01:31:30 [ 0 ] ReadBufferFromGCSBytes: 11088637 (increment)
[clickhouse-builder-0.clickhouse-builder.ch-builder.svc.cluster.local] 2026.05.13 01:31:30 [ 0 ] MemoryAllocatedWithoutCheck: 24 (increment)
[clickhouse-builder-0.clickhouse-builder.ch-builder.svc.cluster.local] 2026.05.13 01:31:30 [ 0 ] MemoryAllocatedWithoutCheckBytes: 572768 (increment)
[clickhouse-builder-0.clickhouse-builder.ch-builder.svc.cluster.local] 2026.05.13 01:31:30 [ 0 ] RemoteFSPrefetchedReads: 24 (increment)
[clickhouse-builder-0.clickhouse-builder.ch-builder.svc.cluster.local] 2026.05.13 01:31:30 [ 0 ] RemoteFSPrefetchedBytes: 3107720 (increment)
[clickhouse-builder-0.clickhouse-builder.ch-builder.svc.cluster.local] 2026.05.13 01:31:30 [ 0 ] ThreadpoolReaderTaskMicroseconds: 17016082 (increment)
[clickhouse-builder-0.clickhouse-builder.ch-builder.svc.cluster.local] 2026.05.13 01:31:30 [ 0 ] ThreadpoolReaderReadBytes: 11088637 (increment)
[clickhouse-builder-0.clickhouse-builder.ch-builder.svc.cluster.local] 2026.05.13 01:31:30 [ 0 ] AsynchronousRemoteReadWaitMicroseconds: 5560065 (increment)
[clickhouse-builder-0.clickhouse-builder.ch-builder.svc.cluster.local] 2026.05.13 01:31:30 [ 0 ] InterfaceNativeSendBytes: 3892 (increment)
[clickhouse-builder-0.clickhouse-builder.ch-builder.svc.cluster.local] 2026.05.13 01:31:30 [ 0 ] MemoryTrackerUsage: 311352884 (gauge)
[clickhouse-builder-0.clickhouse-builder.ch-builder.svc.cluster.local] 2026.05.13 01:31:30 [ 0 ] MemoryTrackerPeakUsage: 327448540 (gauge)
[clickhouse-builder-0.clickhouse-builder.ch-builder.svc.cluster.local] 2026.05.13 01:31:30 [ 0 ] ReadCompressedBytes: 7552377 (increment)
[clickhouse-builder-0.clickhouse-builder.ch-builder.svc.cluster.local] 2026.05.13 01:31:30 [ 0 ] CompressedReadBufferBlocks: 72 (increment)
[clickhouse-builder-0.clickhouse-builder.ch-builder.svc.cluster.local] 2026.05.13 01:31:30 [ 0 ] CompressedReadBufferBytes: 7667712 (increment)
[clickhouse-builder-0.clickhouse-builder.ch-builder.svc.cluster.local] 2026.05.13 01:31:30 [ 0 ] IOBufferAllocs: 27 (increment)
[clickhouse-builder-0.clickhouse-builder.ch-builder.svc.cluster.local] 2026.05.13 01:31:30 [ 0 ] IOBufferAllocBytes: 4720613 (increment)
[clickhouse-builder-0.clickhouse-builder.ch-builder.svc.cluster.local] 2026.05.13 01:31:30 [ 0 ] NetworkReceiveElapsedMicroseconds: 2 (increment)
[clickhouse-builder-0.clickhouse-builder.ch-builder.svc.cluster.local] 2026.05.13 01:31:30 [ 0 ] NetworkSendElapsedMicroseconds: 45 (increment)
[clickhouse-builder-0.clickhouse-builder.ch-builder.svc.cluster.local] 2026.05.13 01:31:30 [ 0 ] NetworkSendBytes: 4262 (increment)
[clickhouse-builder-0.clickhouse-builder.ch-builder.svc.cluster.local] 2026.05.13 01:31:30 [ 0 ] LocalThreadPoolJobs: 3 (increment)
[clickhouse-builder-0.clickhouse-builder.ch-builder.svc.cluster.local] 2026.05.13 01:31:30 [ 0 ] SelectedRows: 24576 (increment)
[clickhouse-builder-0.clickhouse-builder.ch-builder.svc.cluster.local] 2026.05.13 01:31:30 [ 0 ] SelectedBytes: 3563520 (increment)
[clickhouse-builder-0.clickhouse-builder.ch-builder.svc.cluster.local] 2026.05.13 01:31:30 [ 0 ] RowsReadByMainReader: 24576 (increment)
[clickhouse-builder-0.clickhouse-builder.ch-builder.svc.cluster.local] 2026.05.13 01:31:30 [ 0 ] RealTimeMicroseconds: 40801232 (increment)
[clickhouse-builder-0.clickhouse-builder.ch-builder.svc.cluster.local] 2026.05.13 01:31:30 [ 0 ] UserTimeMicroseconds: 24080 (increment)
[clickhouse-builder-0.clickhouse-builder.ch-builder.svc.cluster.local] 2026.05.13 01:31:30 [ 0 ] SystemTimeMicroseconds: 15877 (increment)
[clickhouse-builder-0.clickhouse-builder.ch-builder.svc.cluster.local] 2026.05.13 01:31:30 [ 0 ] SoftPageFaults: 3008 (increment)
[clickhouse-builder-0.clickhouse-builder.ch-builder.svc.cluster.local] 2026.05.13 01:31:30 [ 0 ] OSCPUWaitMicroseconds: 1178 (increment)
[clickhouse-builder-0.clickhouse-builder.ch-builder.svc.cluster.local] 2026.05.13 01:31:30 [ 0 ] OSCPUVirtualTimeMicroseconds: 40076 (increment)
[clickhouse-builder-0.clickhouse-builder.ch-builder.svc.cluster.local] 2026.05.13 01:31:30 [ 0 ] OSReadChars: 55623 (increment)
[clickhouse-builder-0.clickhouse-builder.ch-builder.svc.cluster.local] 2026.05.13 01:31:30 [ 0 ] GCSReadMicroseconds: 875002 (increment)
[clickhouse-builder-0.clickhouse-builder.ch-builder.svc.cluster.local] 2026.05.13 01:31:30 [ 0 ] GCSReadRequestsCount: 18 (increment)
[clickhouse-builder-0.clickhouse-builder.ch-builder.svc.cluster.local] 2026.05.13 01:31:30 [ 0 ] GCSReadRequestAttempts: 18 (increment)
[clickhouse-builder-0.clickhouse-builder.ch-builder.svc.cluster.local] 2026.05.13 01:31:30 [ 0 ] DiskGCSReadMicroseconds: 875002 (increment)
[clickhouse-builder-0.clickhouse-builder.ch-builder.svc.cluster.local] 2026.05.13 01:31:30 [ 0 ] DiskGCSReadRequestsCount: 18 (increment)
[clickhouse-builder-0.clickhouse-builder.ch-builder.svc.cluster.local] 2026.05.13 01:31:30 [ 0 ] DiskGCSReadRequestAttempts: 18 (increment)
[clickhouse-builder-0.clickhouse-builder.ch-builder.svc.cluster.local] 2026.05.13 01:31:30 [ 0 ] GCSReadObject: 18 (increment)
[clickhouse-builder-0.clickhouse-builder.ch-builder.svc.cluster.local] 2026.05.13 01:31:30 [ 0 ] DiskGCSReadObject: 18 (increment)
[clickhouse-builder-0.clickhouse-builder.ch-builder.svc.cluster.local] 2026.05.13 01:31:30 [ 0 ] ReadBufferFromGCSMicroseconds: 39620973 (increment)
[clickhouse-builder-0.clickhouse-builder.ch-builder.svc.cluster.local] 2026.05.13 01:31:30 [ 0 ] ReadBufferFromGCSInitMicroseconds: 875070 (increment)
[clickhouse-builder-0.clickhouse-builder.ch-builder.svc.cluster.local] 2026.05.13 01:31:30 [ 0 ] ReadBufferFromGCSBytes: 46608252 (increment)
[clickhouse-builder-0.clickhouse-builder.ch-builder.svc.cluster.local] 2026.05.13 01:31:30 [ 0 ] MemoryAllocatedWithoutCheck: 8 (increment)
[clickhouse-builder-0.clickhouse-builder.ch-builder.svc.cluster.local] 2026.05.13 01:31:30 [ 0 ] MemoryAllocatedWithoutCheckBytes: 203936 (increment)
[clickhouse-builder-0.clickhouse-builder.ch-builder.svc.cluster.local] 2026.05.13 01:31:30 [ 0 ] RemoteFSPrefetches: 3 (increment)
[clickhouse-builder-0.clickhouse-builder.ch-builder.svc.cluster.local] 2026.05.13 01:31:30 [ 0 ] RemoteFSPrefetchedReads: 66 (increment)
[clickhouse-builder-0.clickhouse-builder.ch-builder.svc.cluster.local] 2026.05.13 01:31:30 [ 0 ] RemoteFSPrefetchedBytes: 28691326 (increment)
[clickhouse-builder-0.clickhouse-builder.ch-builder.svc.cluster.local] 2026.05.13 01:31:30 [ 0 ] RemoteFSUnprefetchedReads: 3 (increment)
[clickhouse-builder-0.clickhouse-builder.ch-builder.svc.cluster.local] 2026.05.13 01:31:30 [ 0 ] RemoteFSUnprefetchedBytes: 3145728 (increment)
[clickhouse-builder-0.clickhouse-builder.ch-builder.svc.cluster.local] 2026.05.13 01:31:30 [ 0 ] ThreadpoolReaderTaskMicroseconds: 39621129 (increment)
[clickhouse-builder-0.clickhouse-builder.ch-builder.svc.cluster.local] 2026.05.13 01:31:30 [ 0 ] ThreadpoolReaderReadBytes: 46608252 (increment)
[clickhouse-builder-0.clickhouse-builder.ch-builder.svc.cluster.local] 2026.05.13 01:31:30 [ 0 ] ThreadpoolReaderSubmit: 25 (increment)
[clickhouse-builder-0.clickhouse-builder.ch-builder.svc.cluster.local] 2026.05.13 01:31:30 [ 0 ] AsynchronousRemoteReadWaitMicroseconds: 4588846 (increment)
[clickhouse-builder-0.clickhouse-builder.ch-builder.svc.cluster.local] 2026.05.13 01:31:30 [ 0 ] SynchronousRemoteReadWaitMicroseconds: 89 (increment)
[clickhouse-builder-0.clickhouse-builder.ch-builder.svc.cluster.local] 2026.05.13 01:31:30 [ 0 ] InterfaceNativeSendBytes: 4262 (increment)
[clickhouse-builder-0.clickhouse-builder.ch-builder.svc.cluster.local] 2026.05.13 01:31:30 [ 0 ] MemoryTrackerUsage: 281100766 (gauge)
[clickhouse-builder-0.clickhouse-builder.ch-builder.svc.cluster.local] 2026.05.13 01:31:30 [ 0 ] MemoryTrackerPeakUsage: 327448540 (gauge)
[clickhouse-builder-0.clickhouse-builder.ch-builder.svc.cluster.local] 2026.05.13 01:31:31 [ 0 ] ReadCompressedBytes: 16531208 (increment)
[clickhouse-builder-0.clickhouse-builder.ch-builder.svc.cluster.local] 2026.05.13 01:31:31 [ 0 ] CompressedReadBufferBlocks: 74 (increment)
[clickhouse-builder-0.clickhouse-builder.ch-builder.svc.cluster.local] 2026.05.13 01:31:31 [ 0 ] CompressedReadBufferBytes: 16646144 (increment)
[clickhouse-builder-0.clickhouse-builder.ch-builder.svc.cluster.local] 2026.05.13 01:31:31 [ 0 ] IOBufferAllocs: 20 (increment)
[clickhouse-builder-0.clickhouse-builder.ch-builder.svc.cluster.local] 2026.05.13 01:31:31 [ 0 ] IOBufferAllocBytes: 11142444 (increment)
[clickhouse-builder-0.clickhouse-builder.ch-builder.svc.cluster.local] 2026.05.13 01:31:31 [ 0 ] NetworkReceiveElapsedMicroseconds: 2 (increment)
[clickhouse-builder-0.clickhouse-builder.ch-builder.svc.cluster.local] 2026.05.13 01:31:31 [ 0 ] NetworkSendElapsedMicroseconds: 34 (increment)
[clickhouse-builder-0.clickhouse-builder.ch-builder.svc.cluster.local] 2026.05.13 01:31:31 [ 0 ] NetworkSendBytes: 5272 (increment)
[clickhouse-builder-0.clickhouse-builder.ch-builder.svc.cluster.local] 2026.05.13 01:31:31 [ 0 ] LocalThreadPoolJobs: 11 (increment)
[clickhouse-builder-0.clickhouse-builder.ch-builder.svc.cluster.local] 2026.05.13 01:31:31 [ 0 ] SelectedRows: 98304 (increment)
[clickhouse-builder-0.clickhouse-builder.ch-builder.svc.cluster.local] 2026.05.13 01:31:31 [ 0 ] SelectedBytes: 14254080 (increment)
[clickhouse-builder-0.clickhouse-builder.ch-builder.svc.cluster.local] 2026.05.13 01:31:31 [ 0 ] RowsReadByMainReader: 98304 (increment)
[clickhouse-builder-0.clickhouse-builder.ch-builder.svc.cluster.local] 2026.05.13 01:31:31 [ 0 ] RealTimeMicroseconds: 22988526 (increment)
[clickhouse-builder-0.clickhouse-builder.ch-builder.svc.cluster.local] 2026.05.13 01:31:31 [ 0 ] UserTimeMicroseconds: 16431 (increment)
[clickhouse-builder-0.clickhouse-builder.ch-builder.svc.cluster.local] 2026.05.13 01:31:31 [ 0 ] SystemTimeMicroseconds: 7937 (increment)
[clickhouse-builder-0.clickhouse-builder.ch-builder.svc.cluster.local] 2026.05.13 01:31:31 [ 0 ] SoftPageFaults: 5658 (increment)
[clickhouse-builder-0.clickhouse-builder.ch-builder.svc.cluster.local] 2026.05.13 01:31:31 [ 0 ] OSCPUWaitMicroseconds: 265 (increment)
[clickhouse-builder-0.clickhouse-builder.ch-builder.svc.cluster.local] 2026.05.13 01:31:31 [ 0 ] OSCPUVirtualTimeMicroseconds: 24336 (increment)
[clickhouse-builder-0.clickhouse-builder.ch-builder.svc.cluster.local] 2026.05.13 01:31:31 [ 0 ] OSReadChars: 27630 (increment)
[clickhouse-builder-0.clickhouse-builder.ch-builder.svc.cluster.local] 2026.05.13 01:31:31 [ 0 ] GCSReadMicroseconds: 1258170 (increment)
[clickhouse-builder-0.clickhouse-builder.ch-builder.svc.cluster.local] 2026.05.13 01:31:31 [ 0 ] DiskGCSReadMicroseconds: 1258170 (increment)
[clickhouse-builder-0.clickhouse-builder.ch-builder.svc.cluster.local] 2026.05.13 01:31:31 [ 0 ] ReadBufferFromGCSMicroseconds: 18200345 (increment)
[clickhouse-builder-0.clickhouse-builder.ch-builder.svc.cluster.local] 2026.05.13 01:31:31 [ 0 ] ReadBufferFromGCSInitMicroseconds: 1258215 (increment)
[clickhouse-builder-0.clickhouse-builder.ch-builder.svc.cluster.local] 2026.05.13 01:31:31 [ 0 ] ReadBufferFromGCSBytes: 44077018 (increment)
[clickhouse-builder-0.clickhouse-builder.ch-builder.svc.cluster.local] 2026.05.13 01:31:31 [ 0 ] MemoryAllocatedWithoutCheck: 12 (increment)
[clickhouse-builder-0.clickhouse-builder.ch-builder.svc.cluster.local] 2026.05.13 01:31:31 [ 0 ] MemoryAllocatedWithoutCheckBytes: 1254432 (increment)
[clickhouse-builder-0.clickhouse-builder.ch-builder.svc.cluster.local] 2026.05.13 01:31:31 [ 0 ] RemoteFSPrefetches: 11 (increment)
[clickhouse-builder-0.clickhouse-builder.ch-builder.svc.cluster.local] 2026.05.13 01:31:31 [ 0 ] RemoteFSPrefetchedReads: 41 (increment)
[clickhouse-builder-0.clickhouse-builder.ch-builder.svc.cluster.local] 2026.05.13 01:31:31 [ 0 ] RemoteFSPrefetchedBytes: 25385988 (increment)
[clickhouse-builder-0.clickhouse-builder.ch-builder.svc.cluster.local] 2026.05.13 01:31:31 [ 0 ] RemoteFSUnprefetchedReads: 10 (increment)
[clickhouse-builder-0.clickhouse-builder.ch-builder.svc.cluster.local] 2026.05.13 01:31:31 [ 0 ] RemoteFSUnprefetchedBytes: 10485760 (increment)
[clickhouse-builder-0.clickhouse-builder.ch-builder.svc.cluster.local] 2026.05.13 01:31:31 [ 0 ] ThreadpoolReaderTaskMicroseconds: 18200422 (increment)
[clickhouse-builder-0.clickhouse-builder.ch-builder.svc.cluster.local] 2026.05.13 01:31:31 [ 0 ] ThreadpoolReaderReadBytes: 44077018 (increment)
[clickhouse-builder-0.clickhouse-builder.ch-builder.svc.cluster.local] 2026.05.13 01:31:31 [ 0 ] ThreadpoolReaderSubmit: 69 (increment)
[clickhouse-builder-0.clickhouse-builder.ch-builder.svc.cluster.local] 2026.05.13 01:31:31 [ 0 ] AsynchronousRemoteReadWaitMicroseconds: 2963478 (increment)
[clickhouse-builder-0.clickhouse-builder.ch-builder.svc.cluster.local] 2026.05.13 01:31:31 [ 0 ] SynchronousRemoteReadWaitMicroseconds: 382 (increment)
[clickhouse-builder-0.clickhouse-builder.ch-builder.svc.cluster.local] 2026.05.13 01:31:31 [ 0 ] InterfaceNativeSendBytes: 5272 (increment)
[clickhouse-builder-0.clickhouse-builder.ch-builder.svc.cluster.local] 2026.05.13 01:31:31 [ 0 ] MemoryTrackerUsage: 283979589 (gauge)
[clickhouse-builder-0.clickhouse-builder.ch-builder.svc.cluster.local] 2026.05.13 01:31:31 [ 0 ] MemoryTrackerPeakUsage: 327448540 (gauge)
[clickhouse-builder-0.clickhouse-builder.ch-builder.svc.cluster.local] 2026.05.13 01:31:31 [ 0 ] ReadCompressedBytes: 43444115 (increment)
[clickhouse-builder-0.clickhouse-builder.ch-builder.svc.cluster.local] 2026.05.13 01:31:31 [ 0 ] CompressedReadBufferBlocks: 125 (increment)
[clickhouse-builder-0.clickhouse-builder.ch-builder.svc.cluster.local] 2026.05.13 01:31:31 [ 0 ] CompressedReadBufferBytes: 43581440 (increment)
[clickhouse-builder-0.clickhouse-builder.ch-builder.svc.cluster.local] 2026.05.13 01:31:31 [ 0 ] IOBufferAllocs: 14 (increment)
[clickhouse-builder-0.clickhouse-builder.ch-builder.svc.cluster.local] 2026.05.13 01:31:31 [ 0 ] IOBufferAllocBytes: 13697970 (increment)
[clickhouse-builder-0.clickhouse-builder.ch-builder.svc.cluster.local] 2026.05.13 01:31:31 [ 0 ] NetworkReceiveElapsedMicroseconds: 1 (increment)
[clickhouse-builder-0.clickhouse-builder.ch-builder.svc.cluster.local] 2026.05.13 01:31:31 [ 0 ] NetworkSendElapsedMicroseconds: 34 (increment)
[clickhouse-builder-0.clickhouse-builder.ch-builder.svc.cluster.local] 2026.05.13 01:31:31 [ 0 ] NetworkSendBytes: 4607 (increment)
[clickhouse-builder-0.clickhouse-builder.ch-builder.svc.cluster.local] 2026.05.13 01:31:31 [ 0 ] LocalThreadPoolLockWaitMicroseconds: 12 (increment)
[clickhouse-builder-0.clickhouse-builder.ch-builder.svc.cluster.local] 2026.05.13 01:31:31 [ 0 ] LocalThreadPoolJobs: 34 (increment)
[clickhouse-builder-0.clickhouse-builder.ch-builder.svc.cluster.local] 2026.05.13 01:31:31 [ 0 ] SelectedRows: 294912 (increment)
[clickhouse-builder-0.clickhouse-builder.ch-builder.svc.cluster.local] 2026.05.13 01:31:31 [ 0 ] SelectedBytes: 42762240 (increment)
[clickhouse-builder-0.clickhouse-builder.ch-builder.svc.cluster.local] 2026.05.13 01:31:31 [ 0 ] RowsReadByMainReader: 294912 (increment)
[clickhouse-builder-0.clickhouse-builder.ch-builder.svc.cluster.local] 2026.05.13 01:31:31 [ 0 ] RealTimeMicroseconds: 20493000 (increment)
[clickhouse-builder-0.clickhouse-builder.ch-builder.svc.cluster.local] 2026.05.13 01:31:31 [ 0 ] UserTimeMicroseconds: 21755 (increment)
[clickhouse-builder-0.clickhouse-builder.ch-builder.svc.cluster.local] 2026.05.13 01:31:31 [ 0 ] SystemTimeMicroseconds: 8614 (increment)
[clickhouse-builder-0.clickhouse-builder.ch-builder.svc.cluster.local] 2026.05.13 01:31:31 [ 0 ] SoftPageFaults: 6548 (increment)
[clickhouse-builder-0.clickhouse-builder.ch-builder.svc.cluster.local] 2026.05.13 01:31:31 [ 0 ] OSCPUWaitMicroseconds: 311 (increment)
[clickhouse-builder-0.clickhouse-builder.ch-builder.svc.cluster.local] 2026.05.13 01:31:31 [ 0 ] OSCPUVirtualTimeMicroseconds: 30341 (increment)
[clickhouse-builder-0.clickhouse-builder.ch-builder.svc.cluster.local] 2026.05.13 01:31:31 [ 0 ] OSReadChars: 32723 (increment)
[clickhouse-builder-0.clickhouse-builder.ch-builder.svc.cluster.local] 2026.05.13 01:31:31 [ 0 ] GCSReadMicroseconds: 3032877 (increment)
[clickhouse-builder-0.clickhouse-builder.ch-builder.svc.cluster.local] 2026.05.13 01:31:31 [ 0 ] GCSReadRequestsErrors: 1 (increment)
[clickhouse-builder-0.clickhouse-builder.ch-builder.svc.cluster.local] 2026.05.13 01:31:31 [ 0 ] DiskGCSReadMicroseconds: 3032877 (increment)
[clickhouse-builder-0.clickhouse-builder.ch-builder.svc.cluster.local] 2026.05.13 01:31:31 [ 0 ] DiskGCSReadRequestsErrors: 1 (increment)
[clickhouse-builder-0.clickhouse-builder.ch-builder.svc.cluster.local] 2026.05.13 01:31:31 [ 0 ] ReadBufferFromGCSMicroseconds: 12368053 (increment)
[clickhouse-builder-0.clickhouse-builder.ch-builder.svc.cluster.local] 2026.05.13 01:31:31 [ 0 ] ReadBufferFromGCSInitMicroseconds: 3032924 (increment)
[clickhouse-builder-0.clickhouse-builder.ch-builder.svc.cluster.local] 2026.05.13 01:31:31 [ 0 ] ReadBufferFromGCSBytes: 57274439 (increment)
[clickhouse-builder-0.clickhouse-builder.ch-builder.svc.cluster.local] 2026.05.13 01:31:31 [ 0 ] MemoryAllocatedWithoutCheck: 56 (increment)
[clickhouse-builder-0.clickhouse-builder.ch-builder.svc.cluster.local] 2026.05.13 01:31:31 [ 0 ] MemoryAllocatedWithoutCheckBytes: 4461056 (increment)
[clickhouse-builder-0.clickhouse-builder.ch-builder.svc.cluster.local] 2026.05.13 01:31:31 [ 0 ] RemoteFSPrefetches: 34 (increment)
[clickhouse-builder-0.clickhouse-builder.ch-builder.svc.cluster.local] 2026.05.13 01:31:31 [ 0 ] RemoteFSPrefetchedReads: 37 (increment)
[clickhouse-builder-0.clickhouse-builder.ch-builder.svc.cluster.local] 2026.05.13 01:31:31 [ 0 ] RemoteFSPrefetchedBytes: 35778431 (increment)
[clickhouse-builder-0.clickhouse-builder.ch-builder.svc.cluster.local] 2026.05.13 01:31:31 [ 0 ] RemoteFSUnprefetchedReads: 13 (increment)
[clickhouse-builder-0.clickhouse-builder.ch-builder.svc.cluster.local] 2026.05.13 01:31:31 [ 0 ] RemoteFSUnprefetchedBytes: 13631488 (increment)
[clickhouse-builder-0.clickhouse-builder.ch-builder.svc.cluster.local] 2026.05.13 01:31:31 [ 0 ] WaitPrefetchTaskMicroseconds: 4 (increment)
[clickhouse-builder-0.clickhouse-builder.ch-builder.svc.cluster.local] 2026.05.13 01:31:31 [ 0 ] ThreadpoolReaderTaskMicroseconds: 12368133 (increment)
[clickhouse-builder-0.clickhouse-builder.ch-builder.svc.cluster.local] 2026.05.13 01:31:31 [ 0 ] ThreadpoolReaderReadBytes: 57274439 (increment)
[clickhouse-builder-0.clickhouse-builder.ch-builder.svc.cluster.local] 2026.05.13 01:31:31 [ 0 ] ThreadpoolReaderSubmit: 369 (increment)
[clickhouse-builder-0.clickhouse-builder.ch-builder.svc.cluster.local] 2026.05.13 01:31:31 [ 0 ] AsynchronousRemoteReadWaitMicroseconds: 3778870 (increment)
[clickhouse-builder-0.clickhouse-builder.ch-builder.svc.cluster.local] 2026.05.13 01:31:31 [ 0 ] SynchronousRemoteReadWaitMicroseconds: 390 (increment)
[clickhouse-builder-0.clickhouse-builder.ch-builder.svc.cluster.local] 2026.05.13 01:31:31 [ 0 ] InterfaceNativeSendBytes: 4607 (increment)
[clickhouse-builder-0.clickhouse-builder.ch-builder.svc.cluster.local] 2026.05.13 01:31:31 [ 0 ] MemoryTrackerUsage: 306203567 (gauge)
[clickhouse-builder-0.clickhouse-builder.ch-builder.svc.cluster.local] 2026.05.13 01:31:31 [ 0 ] MemoryTrackerPeakUsage: 327448540 (gauge)
[clickhouse-builder-0.clickhouse-builder.ch-builder.svc.cluster.local] 2026.05.13 01:31:31 [ 0 ] ReadCompressedBytes: 36460987 (increment)
[clickhouse-builder-0.clickhouse-builder.ch-builder.svc.cluster.local] 2026.05.13 01:31:31 [ 0 ] CompressedReadBufferBlocks: 127 (increment)
[clickhouse-builder-0.clickhouse-builder.ch-builder.svc.cluster.local] 2026.05.13 01:31:31 [ 0 ] CompressedReadBufferBytes: 36831232 (increment)
[clickhouse-builder-0.clickhouse-builder.ch-builder.svc.cluster.local] 2026.05.13 01:31:31 [ 0 ] IOBufferAllocs: 16 (increment)
[clickhouse-builder-0.clickhouse-builder.ch-builder.svc.cluster.local] 2026.05.13 01:31:31 [ 0 ] IOBufferAllocBytes: 7931312 (increment)
[clickhouse-builder-0.clickhouse-builder.ch-builder.svc.cluster.local] 2026.05.13 01:31:31 [ 0 ] NetworkReceiveElapsedMicroseconds: 2 (increment)
[clickhouse-builder-0.clickhouse-builder.ch-builder.svc.cluster.local] 2026.05.13 01:31:31 [ 0 ] NetworkSendElapsedMicroseconds: 42 (increment)
[clickhouse-builder-0.clickhouse-builder.ch-builder.svc.cluster.local] 2026.05.13 01:31:31 [ 0 ] NetworkSendBytes: 5077 (increment)
[clickhouse-builder-0.clickhouse-builder.ch-builder.svc.cluster.local] 2026.05.13 01:31:31 [ 0 ] LocalThreadPoolJobs: 29 (increment)
[clickhouse-builder-0.clickhouse-builder.ch-builder.svc.cluster.local] 2026.05.13 01:31:31 [ 0 ] SelectedRows: 237568 (increment)
[clickhouse-builder-0.clickhouse-builder.ch-builder.svc.cluster.local] 2026.05.13 01:31:31 [ 0 ] SelectedBytes: 34447360 (increment)
[clickhouse-builder-0.clickhouse-builder.ch-builder.svc.cluster.local] 2026.05.13 01:31:31 [ 0 ] RowsReadByMainReader: 237568 (increment)
[clickhouse-builder-0.clickhouse-builder.ch-builder.svc.cluster.local] 2026.05.13 01:31:31 [ 0 ] RealTimeMicroseconds: 16784303 (increment)
[clickhouse-builder-0.clickhouse-builder.ch-builder.svc.cluster.local] 2026.05.13 01:31:31 [ 0 ] UserTimeMicroseconds: 16860 (increment)
[clickhouse-builder-0.clickhouse-builder.ch-builder.svc.cluster.local] 2026.05.13 01:31:31 [ 0 ] SystemTimeMicroseconds: 7967 (increment)
[clickhouse-builder-0.clickhouse-builder.ch-builder.svc.cluster.local] 2026.05.13 01:31:31 [ 0 ] SoftPageFaults: 4139 (increment)
[clickhouse-builder-0.clickhouse-builder.ch-builder.svc.cluster.local] 2026.05.13 01:31:31 [ 0 ] OSCPUWaitMicroseconds: 146 (increment)
[clickhouse-builder-0.clickhouse-builder.ch-builder.svc.cluster.local] 2026.05.13 01:31:31 [ 0 ] OSCPUVirtualTimeMicroseconds: 24777 (increment)
[clickhouse-builder-0.clickhouse-builder.ch-builder.svc.cluster.local] 2026.05.13 01:31:31 [ 0 ] OSReadChars: 29329 (increment)
[clickhouse-builder-0.clickhouse-builder.ch-builder.svc.cluster.local] 2026.05.13 01:31:31 [ 0 ] GCSReadMicroseconds: 1062072 (increment)
[clickhouse-builder-0.clickhouse-builder.ch-builder.svc.cluster.local] 2026.05.13 01:31:31 [ 0 ] GCSReadRequestsErrors: 9 (increment)
[clickhouse-builder-0.clickhouse-builder.ch-builder.svc.cluster.local] 2026.05.13 01:31:31 [ 0 ] DiskGCSReadMicroseconds: 1062072 (increment)
[clickhouse-builder-0.clickhouse-builder.ch-builder.svc.cluster.local] 2026.05.13 01:31:31 [ 0 ] DiskGCSReadRequestsErrors: 9 (increment)
[clickhouse-builder-0.clickhouse-builder.ch-builder.svc.cluster.local] 2026.05.13 01:31:31 [ 0 ] ReadBufferFromGCSMicroseconds: 11985675 (increment)
[clickhouse-builder-0.clickhouse-builder.ch-builder.svc.cluster.local] 2026.05.13 01:31:31 [ 0 ] ReadBufferFromGCSInitMicroseconds: 1062094 (increment)
[clickhouse-builder-0.clickhouse-builder.ch-builder.svc.cluster.local] 2026.05.13 01:31:31 [ 0 ] ReadBufferFromGCSBytes: 44327822 (increment)
[clickhouse-builder-0.clickhouse-builder.ch-builder.svc.cluster.local] 2026.05.13 01:31:31 [ 0 ] MemoryAllocatedWithoutCheck: 48 (increment)
[clickhouse-builder-0.clickhouse-builder.ch-builder.svc.cluster.local] 2026.05.13 01:31:31 [ 0 ] MemoryAllocatedWithoutCheckBytes: 4749024 (increment)
[clickhouse-builder-0.clickhouse-builder.ch-builder.svc.cluster.local] 2026.05.13 01:31:31 [ 0 ] RemoteFSPrefetches: 29 (increment)
[clickhouse-builder-0.clickhouse-builder.ch-builder.svc.cluster.local] 2026.05.13 01:31:31 [ 0 ] RemoteFSPrefetchedReads: 45 (increment)
[clickhouse-builder-0.clickhouse-builder.ch-builder.svc.cluster.local] 2026.05.13 01:31:31 [ 0 ] RemoteFSPrefetchedBytes: 33355402 (increment)
[clickhouse-builder-0.clickhouse-builder.ch-builder.svc.cluster.local] 2026.05.13 01:31:31 [ 0 ] RemoteFSUnprefetchedReads: 7 (increment)
[clickhouse-builder-0.clickhouse-builder.ch-builder.svc.cluster.local] 2026.05.13 01:31:31 [ 0 ] RemoteFSUnprefetchedBytes: 7340032 (increment)
[clickhouse-builder-0.clickhouse-builder.ch-builder.svc.cluster.local] 2026.05.13 01:31:31 [ 0 ] WaitPrefetchTaskMicroseconds: 2 (increment)
[clickhouse-builder-0.clickhouse-builder.ch-builder.svc.cluster.local] 2026.05.13 01:31:31 [ 0 ] ThreadpoolReaderTaskMicroseconds: 11985743 (increment)
[clickhouse-builder-0.clickhouse-builder.ch-builder.svc.cluster.local] 2026.05.13 01:31:31 [ 0 ] ThreadpoolReaderPrepareMicroseconds: 118 (increment)
[clickhouse-builder-0.clickhouse-builder.ch-builder.svc.cluster.local] 2026.05.13 01:31:31 [ 0 ] ThreadpoolReaderReadBytes: 44327822 (increment)
[clickhouse-builder-0.clickhouse-builder.ch-builder.svc.cluster.local] 2026.05.13 01:31:31 [ 0 ] ThreadpoolReaderSubmit: 224 (increment)
[clickhouse-builder-0.clickhouse-builder.ch-builder.svc.cluster.local] 2026.05.13 01:31:31 [ 0 ] AsynchronousRemoteReadWaitMicroseconds: 6005691 (increment)
[clickhouse-builder-0.clickhouse-builder.ch-builder.svc.cluster.local] 2026.05.13 01:31:31 [ 0 ] SynchronousRemoteReadWaitMicroseconds: 330 (increment)
[clickhouse-builder-0.clickhouse-builder.ch-builder.svc.cluster.local] 2026.05.13 01:31:31 [ 0 ] InterfaceNativeSendBytes: 5077 (increment)
[clickhouse-builder-0.clickhouse-builder.ch-builder.svc.cluster.local] 2026.05.13 01:31:31 [ 0 ] MemoryTrackerUsage: 269525941 (gauge)
[clickhouse-builder-0.clickhouse-builder.ch-builder.svc.cluster.local] 2026.05.13 01:31:31 [ 0 ] MemoryTrackerPeakUsage: 327448540 (gauge)
[clickhouse-builder-0.clickhouse-builder.ch-builder.svc.cluster.local] 2026.05.13 01:31:31 [ 0 ] ReadCompressedBytes: 136396821 (increment)
[clickhouse-builder-0.clickhouse-builder.ch-builder.svc.cluster.local] 2026.05.13 01:31:31 [ 0 ] CompressedReadBufferBlocks: 430 (increment)
[clickhouse-builder-0.clickhouse-builder.ch-builder.svc.cluster.local] 2026.05.13 01:31:31 [ 0 ] CompressedReadBufferBytes: 137297920 (increment)
[clickhouse-builder-0.clickhouse-builder.ch-builder.svc.cluster.local] 2026.05.13 01:31:31 [ 0 ] IOBufferAllocs: 41 (increment)
[clickhouse-builder-0.clickhouse-builder.ch-builder.svc.cluster.local] 2026.05.13 01:31:31 [ 0 ] IOBufferAllocBytes: 15470039 (increment)
[clickhouse-builder-0.clickhouse-builder.ch-builder.svc.cluster.local] 2026.05.13 01:31:31 [ 0 ] NetworkReceiveElapsedMicroseconds: 2 (increment)
[clickhouse-builder-0.clickhouse-builder.ch-builder.svc.cluster.local] 2026.05.13 01:31:31 [ 0 ] NetworkSendElapsedMicroseconds: 40 (increment)
[clickhouse-builder-0.clickhouse-builder.ch-builder.svc.cluster.local] 2026.05.13 01:31:31 [ 0 ] NetworkSendBytes: 5077 (increment)
[clickhouse-builder-0.clickhouse-builder.ch-builder.svc.cluster.local] 2026.05.13 01:31:31 [ 0 ] LocalThreadPoolJobs: 94 (increment)
[clickhouse-builder-0.clickhouse-builder.ch-builder.svc.cluster.local] 2026.05.13 01:31:31 [ 0 ] SelectedRows: 909312 (increment)
[clickhouse-builder-0.clickhouse-builder.ch-builder.svc.cluster.local] 2026.05.13 01:31:31 [ 0 ] SelectedBytes: 131850240 (increment)
[clickhouse-builder-0.clickhouse-builder.ch-builder.svc.cluster.local] 2026.05.13 01:31:31 [ 0 ] RowsReadByMainReader: 909312 (increment)
[clickhouse-builder-0.clickhouse-builder.ch-builder.svc.cluster.local] 2026.05.13 01:31:31 [ 0 ] RealTimeMicroseconds: 11253222 (increment)
[clickhouse-builder-0.clickhouse-builder.ch-builder.svc.cluster.local] 2026.05.13 01:31:31 [ 0 ] UserTimeMicroseconds: 40888 (increment)
[clickhouse-builder-0.clickhouse-builder.ch-builder.svc.cluster.local] 2026.05.13 01:31:31 [ 0 ] SystemTimeMicroseconds: 13329 (increment)
[clickhouse-builder-0.clickhouse-builder.ch-builder.svc.cluster.local] 2026.05.13 01:31:31 [ 0 ] SoftPageFaults: 7596 (increment)
[clickhouse-builder-0.clickhouse-builder.ch-builder.svc.cluster.local] 2026.05.13 01:31:31 [ 0 ] OSCPUVirtualTimeMicroseconds: 54165 (increment)
[clickhouse-builder-0.clickhouse-builder.ch-builder.svc.cluster.local] 2026.05.13 01:31:31 [ 0 ] OSReadChars: 70811 (increment)
[clickhouse-builder-0.clickhouse-builder.ch-builder.svc.cluster.local] 2026.05.13 01:31:31 [ 0 ] GCSReadMicroseconds: 6189705 (increment)
[clickhouse-builder-0.clickhouse-builder.ch-builder.svc.cluster.local] 2026.05.13 01:31:31 [ 0 ] GCSReadRequestsErrors: 53 (increment)
[clickhouse-builder-0.clickhouse-builder.ch-builder.svc.cluster.local] 2026.05.13 01:31:31 [ 0 ] DiskGCSReadMicroseconds: 6189705 (increment)
[clickhouse-builder-0.clickhouse-builder.ch-builder.svc.cluster.local] 2026.05.13 01:31:31 [ 0 ] DiskGCSReadRequestsErrors: 53 (increment)
[clickhouse-builder-0.clickhouse-builder.ch-builder.svc.cluster.local] 2026.05.13 01:31:31 [ 0 ] ReadBufferFromGCSMicroseconds: 7330439 (increment)
[clickhouse-builder-0.clickhouse-builder.ch-builder.svc.cluster.local] 2026.05.13 01:31:31 [ 0 ] ReadBufferFromGCSInitMicroseconds: 6189765 (increment)
[clickhouse-builder-0.clickhouse-builder.ch-builder.svc.cluster.local] 2026.05.13 01:31:31 [ 0 ] ReadBufferFromGCSBytes: 103279083 (increment)
[clickhouse-builder-0.clickhouse-builder.ch-builder.svc.cluster.local] 2026.05.13 01:31:31 [ 0 ] MemoryAllocatedWithoutCheck: 136 (increment)
[clickhouse-builder-0.clickhouse-builder.ch-builder.svc.cluster.local] 2026.05.13 01:31:31 [ 0 ] MemoryAllocatedWithoutCheckBytes: 1962112 (increment)
[clickhouse-builder-0.clickhouse-builder.ch-builder.svc.cluster.local] 2026.05.13 01:31:31 [ 0 ] RemoteFSPrefetches: 94 (increment)
[clickhouse-builder-0.clickhouse-builder.ch-builder.svc.cluster.local] 2026.05.13 01:31:31 [ 0 ] RemoteFSPrefetchedReads: 166 (increment)
[clickhouse-builder-0.clickhouse-builder.ch-builder.svc.cluster.local] 2026.05.13 01:31:31 [ 0 ] RemoteFSPrefetchedBytes: 111523416 (increment)
[clickhouse-builder-0.clickhouse-builder.ch-builder.svc.cluster.local] 2026.05.13 01:31:31 [ 0 ] RemoteFSUnprefetchedReads: 13 (increment)
[clickhouse-builder-0.clickhouse-builder.ch-builder.svc.cluster.local] 2026.05.13 01:31:31 [ 0 ] RemoteFSUnprefetchedBytes: 13631488 (increment)
[clickhouse-builder-0.clickhouse-builder.ch-builder.svc.cluster.local] 2026.05.13 01:31:31 [ 0 ] WaitPrefetchTaskMicroseconds: 22 (increment)
[clickhouse-builder-0.clickhouse-builder.ch-builder.svc.cluster.local] 2026.05.13 01:31:31 [ 0 ] ThreadpoolReaderTaskMicroseconds: 7330585 (increment)
[clickhouse-builder-0.clickhouse-builder.ch-builder.svc.cluster.local] 2026.05.13 01:31:31 [ 0 ] ThreadpoolReaderPrepareMicroseconds: 9 (increment)
[clickhouse-builder-0.clickhouse-builder.ch-builder.svc.cluster.local] 2026.05.13 01:31:31 [ 0 ] ThreadpoolReaderReadBytes: 103279083 (increment)
[clickhouse-builder-0.clickhouse-builder.ch-builder.svc.cluster.local] 2026.05.13 01:31:31 [ 0 ] ThreadpoolReaderSubmit: 589 (increment)
[clickhouse-builder-0.clickhouse-builder.ch-builder.svc.cluster.local] 2026.05.13 01:31:31 [ 0 ] AsynchronousRemoteReadWaitMicroseconds: 5021856 (increment)
[clickhouse-builder-0.clickhouse-builder.ch-builder.svc.cluster.local] 2026.05.13 01:31:31 [ 0 ] SynchronousRemoteReadWaitMicroseconds: 668 (increment)
[clickhouse-builder-0.clickhouse-builder.ch-builder.svc.cluster.local] 2026.05.13 01:31:31 [ 0 ] InterfaceNativeSendBytes: 5077 (increment)
[clickhouse-builder-0.clickhouse-builder.ch-builder.svc.cluster.local] 2026.05.13 01:31:31 [ 0 ] MemoryTrackerUsage: 58517666 (gauge)
[clickhouse-builder-0.clickhouse-builder.ch-builder.svc.cluster.local] 2026.05.13 01:31:31 [ 0 ] MemoryTrackerPeakUsage: 327448540 (gauge)
[clickhouse-builder-0.clickhouse-builder.ch-builder.svc.cluster.local] 2026.05.13 01:31:31 [ 0 ] FileOpen: 85 (increment)
[clickhouse-builder-0.clickhouse-builder.ch-builder.svc.cluster.local] 2026.05.13 01:31:31 [ 0 ] ReadBufferFromFileDescriptorRead: 180 (increment)
[clickhouse-builder-0.clickhouse-builder.ch-builder.svc.cluster.local] 2026.05.13 01:31:31 [ 0 ] ReadBufferFromFileDescriptorReadBytes: 6622 (increment)
[clickhouse-builder-0.clickhouse-builder.ch-builder.svc.cluster.local] 2026.05.13 01:31:31 [ 0 ] ReadCompressedBytes: 204827092 (increment)
[clickhouse-builder-0.clickhouse-builder.ch-builder.svc.cluster.local] 2026.05.13 01:31:31 [ 0 ] CompressedReadBufferBlocks: 585 (increment)
[clickhouse-builder-0.clickhouse-builder.ch-builder.svc.cluster.local] 2026.05.13 01:31:31 [ 0 ] CompressedReadBufferBytes: 205790700 (increment)
[clickhouse-builder-0.clickhouse-builder.ch-builder.svc.cluster.local] 2026.05.13 01:31:31 [ 0 ] OpenedFileCacheHits: 5 (increment)
[clickhouse-builder-0.clickhouse-builder.ch-builder.svc.cluster.local] 2026.05.13 01:31:31 [ 0 ] OpenedFileCacheMisses: 85 (increment)
[clickhouse-builder-0.clickhouse-builder.ch-builder.svc.cluster.local] 2026.05.13 01:31:31 [ 0 ] OpenedFileCacheMicroseconds: 48 (increment)
[clickhouse-builder-0.clickhouse-builder.ch-builder.svc.cluster.local] 2026.05.13 01:31:31 [ 0 ] IOBufferAllocs: 325 (increment)
[clickhouse-builder-0.clickhouse-builder.ch-builder.svc.cluster.local] 2026.05.13 01:31:31 [ 0 ] IOBufferAllocBytes: 102142685 (increment)
[clickhouse-builder-0.clickhouse-builder.ch-builder.svc.cluster.local] 2026.05.13 01:31:31 [ 0 ] MarkCacheHits: 90 (increment)
[clickhouse-builder-0.clickhouse-builder.ch-builder.svc.cluster.local] 2026.05.13 01:31:31 [ 0 ] CreatedReadBufferOrdinary: 90 (increment)
[clickhouse-builder-0.clickhouse-builder.ch-builder.svc.cluster.local] 2026.05.13 01:31:31 [ 0 ] DiskReadElapsedMicroseconds: 130 (increment)
[clickhouse-builder-0.clickhouse-builder.ch-builder.svc.cluster.local] 2026.05.13 01:31:31 [ 0 ] NetworkReceiveElapsedMicroseconds: 3 (increment)
[clickhouse-builder-0.clickhouse-builder.ch-builder.svc.cluster.local] 2026.05.13 01:31:31 [ 0 ] NetworkSendElapsedMicroseconds: 36 (increment)
[clickhouse-builder-0.clickhouse-builder.ch-builder.svc.cluster.local] 2026.05.13 01:31:31 [ 0 ] NetworkSendBytes: 4965 (increment)
[clickhouse-builder-0.clickhouse-builder.ch-builder.svc.cluster.local] 2026.05.13 01:31:31 [ 0 ] LocalThreadPoolLockWaitMicroseconds: 21 (increment)
[clickhouse-builder-0.clickhouse-builder.ch-builder.svc.cluster.local] 2026.05.13 01:31:31 [ 0 ] LocalThreadPoolJobs: 244 (increment)
[clickhouse-builder-0.clickhouse-builder.ch-builder.svc.cluster.local] 2026.05.13 01:31:31 [ 0 ] SelectedRows: 1396514 (increment)
[clickhouse-builder-0.clickhouse-builder.ch-builder.svc.cluster.local] 2026.05.13 01:31:31 [ 0 ] SelectedBytes: 202494530 (increment)
[clickhouse-builder-0.clickhouse-builder.ch-builder.svc.cluster.local] 2026.05.13 01:31:31 [ 0 ] RowsReadByMainReader: 1396514 (increment)
[clickhouse-builder-0.clickhouse-builder.ch-builder.svc.cluster.local] 2026.05.13 01:31:31 [ 0 ] WaitMarksLoadMicroseconds: 248 (increment)
[clickhouse-builder-0.clickhouse-builder.ch-builder.svc.cluster.local] 2026.05.13 01:31:31 [ 0 ] ContextLock: 90 (increment)
[clickhouse-builder-0.clickhouse-builder.ch-builder.svc.cluster.local] 2026.05.13 01:31:31 [ 0 ] RealTimeMicroseconds: 20743612 (increment)
[clickhouse-builder-0.clickhouse-builder.ch-builder.svc.cluster.local] 2026.05.13 01:31:31 [ 0 ] UserTimeMicroseconds: 64913 (increment)
[clickhouse-builder-0.clickhouse-builder.ch-builder.svc.cluster.local] 2026.05.13 01:31:31 [ 0 ] SystemTimeMicroseconds: 13768 (increment)
[clickhouse-builder-0.clickhouse-builder.ch-builder.svc.cluster.local] 2026.05.13 01:31:31 [ 0 ] SoftPageFaults: 9040 (increment)
[clickhouse-builder-0.clickhouse-builder.ch-builder.svc.cluster.local] 2026.05.13 01:31:31 [ 0 ] OSCPUVirtualTimeMicroseconds: 78583 (increment)
[clickhouse-builder-0.clickhouse-builder.ch-builder.svc.cluster.local] 2026.05.13 01:31:31 [ 0 ] OSReadChars: 120319 (increment)
[clickhouse-builder-0.clickhouse-builder.ch-builder.svc.cluster.local] 2026.05.13 01:31:31 [ 0 ] GCSReadMicroseconds: 14291934 (increment)
[clickhouse-builder-0.clickhouse-builder.ch-builder.svc.cluster.local] 2026.05.13 01:31:31 [ 0 ] GCSReadRequestsCount: 100 (increment)
[clickhouse-builder-0.clickhouse-builder.ch-builder.svc.cluster.local] 2026.05.13 01:31:31 [ 0 ] GCSReadRequestsErrors: 141 (increment)
[clickhouse-builder-0.clickhouse-builder.ch-builder.svc.cluster.local] 2026.05.13 01:31:31 [ 0 ] GCSReadRequestAttempts: 100 (increment)
[clickhouse-builder-0.clickhouse-builder.ch-builder.svc.cluster.local] 2026.05.13 01:31:31 [ 0 ] DiskGCSReadMicroseconds: 14291934 (increment)
[clickhouse-builder-0.clickhouse-builder.ch-builder.svc.cluster.local] 2026.05.13 01:31:31 [ 0 ] DiskGCSReadRequestsCount: 100 (increment)
[clickhouse-builder-0.clickhouse-builder.ch-builder.svc.cluster.local] 2026.05.13 01:31:31 [ 0 ] DiskGCSReadRequestsErrors: 141 (increment)
[clickhouse-builder-0.clickhouse-builder.ch-builder.svc.cluster.local] 2026.05.13 01:31:31 [ 0 ] DiskGCSReadRequestAttempts: 100 (increment)
[clickhouse-builder-0.clickhouse-builder.ch-builder.svc.cluster.local] 2026.05.13 01:31:31 [ 0 ] GCSReadObject: 100 (increment)
[clickhouse-builder-0.clickhouse-builder.ch-builder.svc.cluster.local] 2026.05.13 01:31:31 [ 0 ] DiskGCSReadObject: 100 (increment)
[clickhouse-builder-0.clickhouse-builder.ch-builder.svc.cluster.local] 2026.05.13 01:31:31 [ 0 ] ReadBufferFromGCSMicroseconds: 16153742 (increment)
[clickhouse-builder-0.clickhouse-builder.ch-builder.svc.cluster.local] 2026.05.13 01:31:31 [ 0 ] ReadBufferFromGCSInitMicroseconds: 14292721 (increment)
[clickhouse-builder-0.clickhouse-builder.ch-builder.svc.cluster.local] 2026.05.13 01:31:31 [ 0 ] ReadBufferFromGCSBytes: 157665476 (increment)
[clickhouse-builder-0.clickhouse-builder.ch-builder.svc.cluster.local] 2026.05.13 01:31:31 [ 0 ] MemoryAllocatedWithoutCheck: 224 (increment)
[clickhouse-builder-0.clickhouse-builder.ch-builder.svc.cluster.local] 2026.05.13 01:31:31 [ 0 ] MemoryAllocatedWithoutCheckBytes: 4251584 (increment)
[clickhouse-builder-0.clickhouse-builder.ch-builder.svc.cluster.local] 2026.05.13 01:31:31 [ 0 ] RemoteFSSeeks: 98 (increment)
[clickhouse-builder-0.clickhouse-builder.ch-builder.svc.cluster.local] 2026.05.13 01:31:31 [ 0 ] RemoteFSPrefetches: 244 (increment)
[clickhouse-builder-0.clickhouse-builder.ch-builder.svc.cluster.local] 2026.05.13 01:31:31 [ 0 ] RemoteFSPrefetchedReads: 219 (increment)
[clickhouse-builder-0.clickhouse-builder.ch-builder.svc.cluster.local] 2026.05.13 01:31:31 [ 0 ] RemoteFSPrefetchedBytes: 157818726 (increment)
[clickhouse-builder-0.clickhouse-builder.ch-builder.svc.cluster.local] 2026.05.13 01:31:31 [ 0 ] RemoteFSUnprefetchedReads: 8 (increment)
[clickhouse-builder-0.clickhouse-builder.ch-builder.svc.cluster.local] 2026.05.13 01:31:31 [ 0 ] RemoteFSUnprefetchedBytes: 8388608 (increment)
[clickhouse-builder-0.clickhouse-builder.ch-builder.svc.cluster.local] 2026.05.13 01:31:31 [ 0 ] RemoteFSBuffers: 90 (increment)
[clickhouse-builder-0.clickhouse-builder.ch-builder.svc.cluster.local] 2026.05.13 01:31:31 [ 0 ] WaitPrefetchTaskMicroseconds: 2 (increment)
[clickhouse-builder-0.clickhouse-builder.ch-builder.svc.cluster.local] 2026.05.13 01:31:31 [ 0 ] ThreadpoolReaderTaskMicroseconds: 16153984 (increment)
[clickhouse-builder-0.clickhouse-builder.ch-builder.svc.cluster.local] 2026.05.13 01:31:31 [ 0 ] ThreadpoolReaderReadBytes: 157665476 (increment)
[clickhouse-builder-0.clickhouse-builder.ch-builder.svc.cluster.local] 2026.05.13 01:31:31 [ 0 ] ThreadpoolReaderSubmit: 1551 (increment)
[clickhouse-builder-0.clickhouse-builder.ch-builder.svc.cluster.local] 2026.05.13 01:31:31 [ 0 ] ThreadpoolReaderSubmitLookupInCacheMicroseconds: 128 (increment)
[clickhouse-builder-0.clickhouse-builder.ch-builder.svc.cluster.local] 2026.05.13 01:31:31 [ 0 ] AsynchronousRemoteReadWaitMicroseconds: 6741584 (increment)
[clickhouse-builder-0.clickhouse-builder.ch-builder.svc.cluster.local] 2026.05.13 01:31:31 [ 0 ] SynchronousRemoteReadWaitMicroseconds: 438 (increment)
[clickhouse-builder-0.clickhouse-builder.ch-builder.svc.cluster.local] 2026.05.13 01:31:31 [ 0 ] InterfaceNativeSendBytes: 4965 (increment)
[clickhouse-builder-0.clickhouse-builder.ch-builder.svc.cluster.local] 2026.05.13 01:31:31 [ 0 ] MemoryTrackerUsage: 4820254 (gauge)
[clickhouse-builder-0.clickhouse-builder.ch-builder.svc.cluster.local] 2026.05.13 01:31:31 [ 0 ] MemoryTrackerPeakUsage: 327448540 (gauge)
[clickhouse-builder-0.clickhouse-builder.ch-builder.svc.cluster.local] 2026.05.13 01:31:31 [ 0 ] ReadCompressedBytes: 31174639 (increment)
[clickhouse-builder-0.clickhouse-builder.ch-builder.svc.cluster.local] 2026.05.13 01:31:31 [ 0 ] CompressedReadBufferBlocks: 106 (increment)
[clickhouse-builder-0.clickhouse-builder.ch-builder.svc.cluster.local] 2026.05.13 01:31:31 [ 0 ] CompressedReadBufferBytes: 31522816 (increment)
[clickhouse-builder-0.clickhouse-builder.ch-builder.svc.cluster.local] 2026.05.13 01:31:31 [ 0 ] IOBufferAllocs: 16 (increment)
[clickhouse-builder-0.clickhouse-builder.ch-builder.svc.cluster.local] 2026.05.13 01:31:31 [ 0 ] IOBufferAllocBytes: 4982256 (increment)
[clickhouse-builder-0.clickhouse-builder.ch-builder.svc.cluster.local] 2026.05.13 01:31:31 [ 0 ] NetworkReceiveElapsedMicroseconds: 1 (increment)
[clickhouse-builder-0.clickhouse-builder.ch-builder.svc.cluster.local] 2026.05.13 01:31:31 [ 0 ] NetworkSendElapsedMicroseconds: 30 (increment)
[clickhouse-builder-0.clickhouse-builder.ch-builder.svc.cluster.local] 2026.05.13 01:31:31 [ 0 ] NetworkSendBytes: 7227 (increment)
[clickhouse-builder-0.clickhouse-builder.ch-builder.svc.cluster.local] 2026.05.13 01:31:31 [ 0 ] LocalThreadPoolJobs: 22 (increment)
[clickhouse-builder-0.clickhouse-builder.ch-builder.svc.cluster.local] 2026.05.13 01:31:31 [ 0 ] SelectedRows: 204800 (increment)
[clickhouse-builder-0.clickhouse-builder.ch-builder.svc.cluster.local] 2026.05.13 01:31:31 [ 0 ] SelectedBytes: 29696000 (increment)
[clickhouse-builder-0.clickhouse-builder.ch-builder.svc.cluster.local] 2026.05.13 01:31:31 [ 0 ] RowsReadByMainReader: 204800 (increment)
[clickhouse-builder-0.clickhouse-builder.ch-builder.svc.cluster.local] 2026.05.13 01:31:31 [ 0 ] RealTimeMicroseconds: 15287255 (increment)
[clickhouse-builder-0.clickhouse-builder.ch-builder.svc.cluster.local] 2026.05.13 01:31:31 [ 0 ] UserTimeMicroseconds: 7441 (increment)
[clickhouse-builder-0.clickhouse-builder.ch-builder.svc.cluster.local] 2026.05.13 01:31:31 [ 0 ] SystemTimeMicroseconds: 1727 (increment)
[clickhouse-builder-0.clickhouse-builder.ch-builder.svc.cluster.local] 2026.05.13 01:31:31 [ 0 ] SoftPageFaults: 536 (increment)
[clickhouse-builder-0.clickhouse-builder.ch-builder.svc.cluster.local] 2026.05.13 01:31:31 [ 0 ] OSCPUVirtualTimeMicroseconds: 9156 (increment)
[clickhouse-builder-0.clickhouse-builder.ch-builder.svc.cluster.local] 2026.05.13 01:31:31 [ 0 ] OSReadChars: 24391 (increment)
[clickhouse-builder-0.clickhouse-builder.ch-builder.svc.cluster.local] 2026.05.13 01:31:31 [ 0 ] GCSReadRequestsErrors: 12 (increment)
[clickhouse-builder-0.clickhouse-builder.ch-builder.svc.cluster.local] 2026.05.13 01:31:31 [ 0 ] DiskGCSReadRequestsErrors: 12 (increment)
[clickhouse-builder-0.clickhouse-builder.ch-builder.svc.cluster.local] 2026.05.13 01:31:31 [ 0 ] ReadBufferFromGCSMicroseconds: 11158641 (increment)
[clickhouse-builder-0.clickhouse-builder.ch-builder.svc.cluster.local] 2026.05.13 01:31:31 [ 0 ] ReadBufferFromGCSBytes: 30468011 (increment)
[clickhouse-builder-0.clickhouse-builder.ch-builder.svc.cluster.local] 2026.05.13 01:31:31 [ 0 ] MemoryAllocatedWithoutCheck: 32 (increment)
[clickhouse-builder-0.clickhouse-builder.ch-builder.svc.cluster.local] 2026.05.13 01:31:31 [ 0 ] MemoryAllocatedWithoutCheckBytes: 3072 (increment)
[clickhouse-builder-0.clickhouse-builder.ch-builder.svc.cluster.local] 2026.05.13 01:31:31 [ 0 ] RemoteFSPrefetches: 22 (increment)
[clickhouse-builder-0.clickhouse-builder.ch-builder.svc.cluster.local] 2026.05.13 01:31:31 [ 0 ] RemoteFSPrefetchedReads: 45 (increment)
[clickhouse-builder-0.clickhouse-builder.ch-builder.svc.cluster.local] 2026.05.13 01:31:31 [ 0 ] RemoteFSPrefetchedBytes: 28501981 (increment)
[clickhouse-builder-0.clickhouse-builder.ch-builder.svc.cluster.local] 2026.05.13 01:31:31 [ 0 ] RemoteFSUnprefetchedReads: 4 (increment)
[clickhouse-builder-0.clickhouse-builder.ch-builder.svc.cluster.local] 2026.05.13 01:31:31 [ 0 ] RemoteFSUnprefetchedBytes: 4194304 (increment)
[clickhouse-builder-0.clickhouse-builder.ch-builder.svc.cluster.local] 2026.05.13 01:31:31 [ 0 ] ThreadpoolReaderTaskMicroseconds: 11158720 (increment)
[clickhouse-builder-0.clickhouse-builder.ch-builder.svc.cluster.local] 2026.05.13 01:31:31 [ 0 ] ThreadpoolReaderReadBytes: 30468011 (increment)
[clickhouse-builder-0.clickhouse-builder.ch-builder.svc.cluster.local] 2026.05.13 01:31:31 [ 0 ] ThreadpoolReaderSubmit: 132 (increment)
[clickhouse-builder-0.clickhouse-builder.ch-builder.svc.cluster.local] 2026.05.13 01:31:31 [ 0 ] AsynchronousRemoteReadWaitMicroseconds: 5198149 (increment)
[clickhouse-builder-0.clickhouse-builder.ch-builder.svc.cluster.local] 2026.05.13 01:31:31 [ 0 ] SynchronousRemoteReadWaitMicroseconds: 185 (increment)
[clickhouse-builder-0.clickhouse-builder.ch-builder.svc.cluster.local] 2026.05.13 01:31:31 [ 0 ] InterfaceNativeSendBytes: 7227 (increment)
[clickhouse-builder-0.clickhouse-builder.ch-builder.svc.cluster.local] 2026.05.13 01:31:31 [ 0 ] MemoryTrackerUsage: 4820254 (gauge)
[clickhouse-builder-0.clickhouse-builder.ch-builder.svc.cluster.local] 2026.05.13 01:31:31 [ 0 ] MemoryTrackerPeakUsage: 327448540 (gauge)
[clickhouse-builder-0.clickhouse-builder.ch-builder.svc.cluster.local] 2026.05.13 01:31:31 [ 0 ] ReadCompressedBytes: 70832693 (increment)
[clickhouse-builder-0.clickhouse-builder.ch-builder.svc.cluster.local] 2026.05.13 01:31:31 [ 0 ] CompressedReadBufferBlocks: 265 (increment)
[clickhouse-builder-0.clickhouse-builder.ch-builder.svc.cluster.local] 2026.05.13 01:31:31 [ 0 ] CompressedReadBufferBytes: 71434240 (increment)
[clickhouse-builder-0.clickhouse-builder.ch-builder.svc.cluster.local] 2026.05.13 01:31:31 [ 0 ] IOBufferAllocs: 44 (increment)
[clickhouse-builder-0.clickhouse-builder.ch-builder.svc.cluster.local] 2026.05.13 01:31:31 [ 0 ] IOBufferAllocBytes: 12717588 (increment)
[clickhouse-builder-0.clickhouse-builder.ch-builder.svc.cluster.local] 2026.05.13 01:31:31 [ 0 ] NetworkReceiveElapsedMicroseconds: 3 (increment)
[clickhouse-builder-0.clickhouse-builder.ch-builder.svc.cluster.local] 2026.05.13 01:31:31 [ 0 ] NetworkSendElapsedMicroseconds: 43 (increment)
[clickhouse-builder-0.clickhouse-builder.ch-builder.svc.cluster.local] 2026.05.13 01:31:31 [ 0 ] NetworkSendBytes: 4372 (increment)
[clickhouse-builder-0.clickhouse-builder.ch-builder.svc.cluster.local] 2026.05.13 01:31:31 [ 0 ] LocalThreadPoolJobs: 50 (increment)
[clickhouse-builder-0.clickhouse-builder.ch-builder.svc.cluster.local] 2026.05.13 01:31:31 [ 0 ] SelectedRows: 450560 (increment)
[clickhouse-builder-0.clickhouse-builder.ch-builder.svc.cluster.local] 2026.05.13 01:31:31 [ 0 ] SelectedBytes: 65331200 (increment)
[clickhouse-builder-0.clickhouse-builder.ch-builder.svc.cluster.local] 2026.05.13 01:31:31 [ 0 ] RowsReadByMainReader: 450560 (increment)
[clickhouse-builder-0.clickhouse-builder.ch-builder.svc.cluster.local] 2026.05.13 01:31:31 [ 0 ] RealTimeMicroseconds: 41470622 (increment)
[clickhouse-builder-0.clickhouse-builder.ch-builder.svc.cluster.local] 2026.05.13 01:31:31 [ 0 ] UserTimeMicroseconds: 25768 (increment)
[clickhouse-builder-0.clickhouse-builder.ch-builder.svc.cluster.local] 2026.05.13 01:31:31 [ 0 ] SystemTimeMicroseconds: 11103 (increment)
[clickhouse-builder-0.clickhouse-builder.ch-builder.svc.cluster.local] 2026.05.13 01:31:31 [ 0 ] SoftPageFaults: 5389 (increment)
[clickhouse-builder-0.clickhouse-builder.ch-builder.svc.cluster.local] 2026.05.13 01:31:31 [ 0 ] OSCPUVirtualTimeMicroseconds: 37818 (increment)
[clickhouse-builder-0.clickhouse-builder.ch-builder.svc.cluster.local] 2026.05.13 01:31:31 [ 0 ] OSReadChars: 67335 (increment)
[clickhouse-builder-0.clickhouse-builder.ch-builder.svc.cluster.local] 2026.05.13 01:31:31 [ 0 ] GCSReadRequestsErrors: 20 (increment)
[clickhouse-builder-0.clickhouse-builder.ch-builder.svc.cluster.local] 2026.05.13 01:31:31 [ 0 ] DiskGCSReadRequestsErrors: 20 (increment)
[clickhouse-builder-0.clickhouse-builder.ch-builder.svc.cluster.local] 2026.05.13 01:31:31 [ 0 ] ReadBufferFromGCSMicroseconds: 31267129 (increment)
[clickhouse-builder-0.clickhouse-builder.ch-builder.svc.cluster.local] 2026.05.13 01:31:31 [ 0 ] ReadBufferFromGCSBytes: 78079167 (increment)
[clickhouse-builder-0.clickhouse-builder.ch-builder.svc.cluster.local] 2026.05.13 01:31:31 [ 0 ] MemoryAllocatedWithoutCheck: 72 (increment)
[clickhouse-builder-0.clickhouse-builder.ch-builder.svc.cluster.local] 2026.05.13 01:31:31 [ 0 ] MemoryAllocatedWithoutCheckBytes: 48480 (increment)
[clickhouse-builder-0.clickhouse-builder.ch-builder.svc.cluster.local] 2026.05.13 01:31:31 [ 0 ] RemoteFSPrefetches: 50 (increment)
[clickhouse-builder-0.clickhouse-builder.ch-builder.svc.cluster.local] 2026.05.13 01:31:31 [ 0 ] RemoteFSPrefetchedReads: 131 (increment)
[clickhouse-builder-0.clickhouse-builder.ch-builder.svc.cluster.local] 2026.05.13 01:31:31 [ 0 ] RemoteFSPrefetchedBytes: 73862253 (increment)
[clickhouse-builder-0.clickhouse-builder.ch-builder.svc.cluster.local] 2026.05.13 01:31:31 [ 0 ] RemoteFSUnprefetchedReads: 11 (increment)
[clickhouse-builder-0.clickhouse-builder.ch-builder.svc.cluster.local] 2026.05.13 01:31:31 [ 0 ] RemoteFSUnprefetchedBytes: 11534336 (increment)
[clickhouse-builder-0.clickhouse-builder.ch-builder.svc.cluster.local] 2026.05.13 01:31:31 [ 0 ] ThreadpoolReaderTaskMicroseconds: 31267301 (increment)
[clickhouse-builder-0.clickhouse-builder.ch-builder.svc.cluster.local] 2026.05.13 01:31:31 [ 0 ] ThreadpoolReaderReadBytes: 78079167 (increment)
[clickhouse-builder-0.clickhouse-builder.ch-builder.svc.cluster.local] 2026.05.13 01:31:31 [ 0 ] ThreadpoolReaderSubmit: 305 (increment)
[clickhouse-builder-0.clickhouse-builder.ch-builder.svc.cluster.local] 2026.05.13 01:31:31 [ 0 ] AsynchronousRemoteReadWaitMicroseconds: 8322120 (increment)
[clickhouse-builder-0.clickhouse-builder.ch-builder.svc.cluster.local] 2026.05.13 01:31:31 [ 0 ] SynchronousRemoteReadWaitMicroseconds: 485 (increment)
[clickhouse-builder-0.clickhouse-builder.ch-builder.svc.cluster.local] 2026.05.13 01:31:31 [ 0 ] InterfaceNativeSendBytes: 4372 (increment)
[clickhouse-builder-0.clickhouse-builder.ch-builder.svc.cluster.local] 2026.05.13 01:31:31 [ 0 ] MemoryTrackerUsage: 22012074 (gauge)
[clickhouse-builder-0.clickhouse-builder.ch-builder.svc.cluster.local] 2026.05.13 01:31:31 [ 0 ] MemoryTrackerPeakUsage: 327448540 (gauge)
[clickhouse-builder-0.clickhouse-builder.ch-builder.svc.cluster.local] 2026.05.13 01:31:31 [ 0 ] ReadCompressedBytes: 61397827 (increment)
[clickhouse-builder-0.clickhouse-builder.ch-builder.svc.cluster.local] 2026.05.13 01:31:31 [ 0 ] CompressedReadBufferBlocks: 190 (increment)
[clickhouse-builder-0.clickhouse-builder.ch-builder.svc.cluster.local] 2026.05.13 01:31:31 [ 0 ] CompressedReadBufferBytes: 61603840 (increment)
[clickhouse-builder-0.clickhouse-builder.ch-builder.svc.cluster.local] 2026.05.13 01:31:31 [ 0 ] IOBufferAllocs: 18 (increment)
[clickhouse-builder-0.clickhouse-builder.ch-builder.svc.cluster.local] 2026.05.13 01:31:31 [ 0 ] IOBufferAllocBytes: 14943342 (increment)
[clickhouse-builder-0.clickhouse-builder.ch-builder.svc.cluster.local] 2026.05.13 01:31:31 [ 0 ] NetworkReceiveElapsedMicroseconds: 2 (increment)
[clickhouse-builder-0.clickhouse-builder.ch-builder.svc.cluster.local] 2026.05.13 01:31:31 [ 0 ] NetworkSendElapsedMicroseconds: 36 (increment)
[clickhouse-builder-0.clickhouse-builder.ch-builder.svc.cluster.local] 2026.05.13 01:31:31 [ 0 ] NetworkSendBytes: 4372 (increment)
[clickhouse-builder-0.clickhouse-builder.ch-builder.svc.cluster.local] 2026.05.13 01:31:31 [ 0 ] LocalThreadPoolJobs: 48 (increment)
[clickhouse-builder-0.clickhouse-builder.ch-builder.svc.cluster.local] 2026.05.13 01:31:31 [ 0 ] SelectedRows: 409600 (increment)
[clickhouse-builder-0.clickhouse-builder.ch-builder.svc.cluster.local] 2026.05.13 01:31:31 [ 0 ] SelectedBytes: 59392000 (increment)
[clickhouse-builder-0.clickhouse-builder.ch-builder.svc.cluster.local] 2026.05.13 01:31:31 [ 0 ] RowsReadByMainReader: 409600 (increment)
[clickhouse-builder-0.clickhouse-builder.ch-builder.svc.cluster.local] 2026.05.13 01:31:31 [ 0 ] RealTimeMicroseconds: 22326805 (increment)
[clickhouse-builder-0.clickhouse-builder.ch-builder.svc.cluster.local] 2026.05.13 01:31:31 [ 0 ] UserTimeMicroseconds: 31134 (increment)
[clickhouse-builder-0.clickhouse-builder.ch-builder.svc.cluster.local] 2026.05.13 01:31:31 [ 0 ] SystemTimeMicroseconds: 8175 (increment)
[clickhouse-builder-0.clickhouse-builder.ch-builder.svc.cluster.local] 2026.05.13 01:31:31 [ 0 ] SoftPageFaults: 4192 (increment)
[clickhouse-builder-0.clickhouse-builder.ch-builder.svc.cluster.local] 2026.05.13 01:31:31 [ 0 ] OSCPUWaitMicroseconds: 4 (increment)
[clickhouse-builder-0.clickhouse-builder.ch-builder.svc.cluster.local] 2026.05.13 01:31:31 [ 0 ] OSCPUVirtualTimeMicroseconds: 40251 (increment)
[clickhouse-builder-0.clickhouse-builder.ch-builder.svc.cluster.local] 2026.05.13 01:31:31 [ 0 ] OSReadChars: 48317 (increment)
[clickhouse-builder-0.clickhouse-builder.ch-builder.svc.cluster.local] 2026.05.13 01:31:31 [ 0 ] GCSReadRequestsErrors: 20 (increment)
[clickhouse-builder-0.clickhouse-builder.ch-builder.svc.cluster.local] 2026.05.13 01:31:31 [ 0 ] DiskGCSReadRequestsErrors: 20 (increment)
[clickhouse-builder-0.clickhouse-builder.ch-builder.svc.cluster.local] 2026.05.13 01:31:31 [ 0 ] ReadBufferFromGCSMicroseconds: 12378184 (increment)
[clickhouse-builder-0.clickhouse-builder.ch-builder.svc.cluster.local] 2026.05.13 01:31:31 [ 0 ] ReadBufferFromGCSBytes: 65928022 (increment)
[clickhouse-builder-0.clickhouse-builder.ch-builder.svc.cluster.local] 2026.05.13 01:31:31 [ 0 ] MemoryAllocatedWithoutCheck: 56 (increment)
[clickhouse-builder-0.clickhouse-builder.ch-builder.svc.cluster.local] 2026.05.13 01:31:31 [ 0 ] MemoryAllocatedWithoutCheckBytes: 5376 (increment)
[clickhouse-builder-0.clickhouse-builder.ch-builder.svc.cluster.local] 2026.05.13 01:31:31 [ 0 ] RemoteFSPrefetches: 48 (increment)
[clickhouse-builder-0.clickhouse-builder.ch-builder.svc.cluster.local] 2026.05.13 01:31:31 [ 0 ] RemoteFSPrefetchedReads: 68 (increment)
[clickhouse-builder-0.clickhouse-builder.ch-builder.svc.cluster.local] 2026.05.13 01:31:31 [ 0 ] RemoteFSPrefetchedBytes: 52135387 (increment)
[clickhouse-builder-0.clickhouse-builder.ch-builder.svc.cluster.local] 2026.05.13 01:31:31 [ 0 ] RemoteFSUnprefetchedReads: 15 (increment)
[clickhouse-builder-0.clickhouse-builder.ch-builder.svc.cluster.local] 2026.05.13 01:31:31 [ 0 ] RemoteFSUnprefetchedBytes: 15728640 (increment)
[clickhouse-builder-0.clickhouse-builder.ch-builder.svc.cluster.local] 2026.05.13 01:31:31 [ 0 ] ThreadpoolReaderTaskMicroseconds: 12378285 (increment)
[clickhouse-builder-0.clickhouse-builder.ch-builder.svc.cluster.local] 2026.05.13 01:31:31 [ 0 ] ThreadpoolReaderReadBytes: 65928022 (increment)
[clickhouse-builder-0.clickhouse-builder.ch-builder.svc.cluster.local] 2026.05.13 01:31:31 [ 0 ] ThreadpoolReaderSubmit: 287 (increment)
[clickhouse-builder-0.clickhouse-builder.ch-builder.svc.cluster.local] 2026.05.13 01:31:31 [ 0 ] AsynchronousRemoteReadWaitMicroseconds: 3240242 (increment)
[clickhouse-builder-0.clickhouse-builder.ch-builder.svc.cluster.local] 2026.05.13 01:31:31 [ 0 ] SynchronousRemoteReadWaitMicroseconds: 495 (increment)
[clickhouse-builder-0.clickhouse-builder.ch-builder.svc.cluster.local] 2026.05.13 01:31:31 [ 0 ] InterfaceNativeSendBytes: 4372 (increment)
[clickhouse-builder-0.clickhouse-builder.ch-builder.svc.cluster.local] 2026.05.13 01:31:31 [ 0 ] MemoryTrackerUsage: 20236270 (gauge)
[clickhouse-builder-0.clickhouse-builder.ch-builder.svc.cluster.local] 2026.05.13 01:31:31 [ 0 ] MemoryTrackerPeakUsage: 327448540 (gauge)
[clickhouse-builder-0.clickhouse-builder.ch-builder.svc.cluster.local] 2026.05.13 01:31:31 [ 0 ] ReadCompressedBytes: 84589308 (increment)
[clickhouse-builder-0.clickhouse-builder.ch-builder.svc.cluster.local] 2026.05.13 01:31:31 [ 0 ] CompressedReadBufferBlocks: 231 (increment)
[clickhouse-builder-0.clickhouse-builder.ch-builder.svc.cluster.local] 2026.05.13 01:31:31 [ 0 ] CompressedReadBufferBytes: 84934656 (increment)
[clickhouse-builder-0.clickhouse-builder.ch-builder.svc.cluster.local] 2026.05.13 01:31:31 [ 0 ] IOBufferAllocs: 13 (increment)
[clickhouse-builder-0.clickhouse-builder.ch-builder.svc.cluster.local] 2026.05.13 01:31:31 [ 0 ] IOBufferAllocBytes: 8177826 (increment)
[clickhouse-builder-0.clickhouse-builder.ch-builder.svc.cluster.local] 2026.05.13 01:31:31 [ 0 ] NetworkReceiveElapsedMicroseconds: 2 (increment)
[clickhouse-builder-0.clickhouse-builder.ch-builder.svc.cluster.local] 2026.05.13 01:31:31 [ 0 ] NetworkSendElapsedMicroseconds: 40 (increment)
[clickhouse-builder-0.clickhouse-builder.ch-builder.svc.cluster.local] 2026.05.13 01:31:31 [ 0 ] NetworkSendBytes: 4484 (increment)
[clickhouse-builder-0.clickhouse-builder.ch-builder.svc.cluster.local] 2026.05.13 01:31:31 [ 0 ] LocalThreadPoolJobs: 64 (increment)
[clickhouse-builder-0.clickhouse-builder.ch-builder.svc.cluster.local] 2026.05.13 01:31:31 [ 0 ] SelectedRows: 581632 (increment)
[clickhouse-builder-0.clickhouse-builder.ch-builder.svc.cluster.local] 2026.05.13 01:31:31 [ 0 ] SelectedBytes: 84336640 (increment)
[clickhouse-builder-0.clickhouse-builder.ch-builder.svc.cluster.local] 2026.05.13 01:31:31 [ 0 ] RowsReadByMainReader: 581632 (increment)
[clickhouse-builder-0.clickhouse-builder.ch-builder.svc.cluster.local] 2026.05.13 01:31:31 [ 0 ] RealTimeMicroseconds: 8445675 (increment)
[clickhouse-builder-0.clickhouse-builder.ch-builder.svc.cluster.local] 2026.05.13 01:31:31 [ 0 ] UserTimeMicroseconds: 24845 (increment)
[clickhouse-builder-0.clickhouse-builder.ch-builder.svc.cluster.local] 2026.05.13 01:31:31 [ 0 ] SystemTimeMicroseconds: 8848 (increment)
[clickhouse-builder-0.clickhouse-builder.ch-builder.svc.cluster.local] 2026.05.13 01:31:31 [ 0 ] SoftPageFaults: 2760 (increment)
[clickhouse-builder-0.clickhouse-builder.ch-builder.svc.cluster.local] 2026.05.13 01:31:31 [ 0 ] OSCPUVirtualTimeMicroseconds: 33658 (increment)
[clickhouse-builder-0.clickhouse-builder.ch-builder.svc.cluster.local] 2026.05.13 01:31:31 [ 0 ] OSReadChars: 53820 (increment)
[clickhouse-builder-0.clickhouse-builder.ch-builder.svc.cluster.local] 2026.05.13 01:31:31 [ 0 ] GCSReadRequestsErrors: 56 (increment)
[clickhouse-builder-0.clickhouse-builder.ch-builder.svc.cluster.local] 2026.05.13 01:31:31 [ 0 ] DiskGCSReadRequestsErrors: 56 (increment)
[clickhouse-builder-0.clickhouse-builder.ch-builder.svc.cluster.local] 2026.05.13 01:31:31 [ 0 ] ReadBufferFromGCSMicroseconds: 4174483 (increment)
[clickhouse-builder-0.clickhouse-builder.ch-builder.svc.cluster.local] 2026.05.13 01:31:31 [ 0 ] ReadBufferFromGCSBytes: 67306948 (increment)
[clickhouse-builder-0.clickhouse-builder.ch-builder.svc.cluster.local] 2026.05.13 01:31:31 [ 0 ] MemoryAllocatedWithoutCheck: 76 (increment)
[clickhouse-builder-0.clickhouse-builder.ch-builder.svc.cluster.local] 2026.05.13 01:31:31 [ 0 ] MemoryAllocatedWithoutCheckBytes: 7296 (increment)
[clickhouse-builder-0.clickhouse-builder.ch-builder.svc.cluster.local] 2026.05.13 01:31:31 [ 0 ] RemoteFSPrefetches: 64 (increment)
[clickhouse-builder-0.clickhouse-builder.ch-builder.svc.cluster.local] 2026.05.13 01:31:31 [ 0 ] RemoteFSPrefetchedReads: 71 (increment)
[clickhouse-builder-0.clickhouse-builder.ch-builder.svc.cluster.local] 2026.05.13 01:31:31 [ 0 ] RemoteFSPrefetchedBytes: 59770882 (increment)
[clickhouse-builder-0.clickhouse-builder.ch-builder.svc.cluster.local] 2026.05.13 01:31:31 [ 0 ] RemoteFSUnprefetchedReads: 6 (increment)
[clickhouse-builder-0.clickhouse-builder.ch-builder.svc.cluster.local] 2026.05.13 01:31:31 [ 0 ] RemoteFSUnprefetchedBytes: 6291456 (increment)
[clickhouse-builder-0.clickhouse-builder.ch-builder.svc.cluster.local] 2026.05.13 01:31:31 [ 0 ] ThreadpoolReaderTaskMicroseconds: 4174601 (increment)
[clickhouse-builder-0.clickhouse-builder.ch-builder.svc.cluster.local] 2026.05.13 01:31:31 [ 0 ] ThreadpoolReaderReadBytes: 67306948 (increment)
[clickhouse-builder-0.clickhouse-builder.ch-builder.svc.cluster.local] 2026.05.13 01:31:31 [ 0 ] ThreadpoolReaderSubmit: 389 (increment)
[clickhouse-builder-0.clickhouse-builder.ch-builder.svc.cluster.local] 2026.05.13 01:31:31 [ 0 ] AsynchronousRemoteReadWaitMicroseconds: 2229108 (increment)
[clickhouse-builder-0.clickhouse-builder.ch-builder.svc.cluster.local] 2026.05.13 01:31:31 [ 0 ] SynchronousRemoteReadWaitMicroseconds: 176 (increment)
[clickhouse-builder-0.clickhouse-builder.ch-builder.svc.cluster.local] 2026.05.13 01:31:31 [ 0 ] InterfaceNativeSendBytes: 4484 (increment)
[clickhouse-builder-0.clickhouse-builder.ch-builder.svc.cluster.local] 2026.05.13 01:31:31 [ 0 ] MemoryTrackerUsage: 0 (gauge)
[clickhouse-builder-0.clickhouse-builder.ch-builder.svc.cluster.local] 2026.05.13 01:31:31 [ 0 ] MemoryTrackerPeakUsage: 327448540 (gauge)
[clickhouse-builder-0.clickhouse-builder.ch-builder.svc.cluster.local] 2026.05.13 01:31:32 [ 0 ] ReadCompressedBytes: 42821628 (increment)
[clickhouse-builder-0.clickhouse-builder.ch-builder.svc.cluster.local] 2026.05.13 01:31:32 [ 0 ] CompressedReadBufferBlocks: 116 (increment)
[clickhouse-builder-0.clickhouse-builder.ch-builder.svc.cluster.local] 2026.05.13 01:31:32 [ 0 ] CompressedReadBufferBytes: 42977562 (increment)
[clickhouse-builder-0.clickhouse-builder.ch-builder.svc.cluster.local] 2026.05.13 01:31:32 [ 0 ] NetworkReceiveElapsedMicroseconds: 2 (increment)
[clickhouse-builder-0.clickhouse-builder.ch-builder.svc.cluster.local] 2026.05.13 01:31:32 [ 0 ] NetworkSendElapsedMicroseconds: 45 (increment)
[clickhouse-builder-0.clickhouse-builder.ch-builder.svc.cluster.local] 2026.05.13 01:31:32 [ 0 ] NetworkSendBytes: 4372 (increment)
[clickhouse-builder-0.clickhouse-builder.ch-builder.svc.cluster.local] 2026.05.13 01:31:32 [ 0 ] LocalThreadPoolLockWaitMicroseconds: 1 (increment)
[clickhouse-builder-0.clickhouse-builder.ch-builder.svc.cluster.local] 2026.05.13 01:31:32 [ 0 ] LocalThreadPoolJobs: 32 (increment)
[clickhouse-builder-0.clickhouse-builder.ch-builder.svc.cluster.local] 2026.05.13 01:31:32 [ 0 ] SelectedRows: 294912 (increment)
[clickhouse-builder-0.clickhouse-builder.ch-builder.svc.cluster.local] 2026.05.13 01:31:32 [ 0 ] SelectedBytes: 42762240 (increment)
[clickhouse-builder-0.clickhouse-builder.ch-builder.svc.cluster.local] 2026.05.13 01:31:32 [ 0 ] RowsReadByMainReader: 294912 (increment)
[clickhouse-builder-0.clickhouse-builder.ch-builder.svc.cluster.local] 2026.05.13 01:31:32 [ 0 ] RealTimeMicroseconds: 1946241 (increment)
[clickhouse-builder-0.clickhouse-builder.ch-builder.svc.cluster.local] 2026.05.13 01:31:32 [ 0 ] UserTimeMicroseconds: 11149 (increment)
[clickhouse-builder-0.clickhouse-builder.ch-builder.svc.cluster.local] 2026.05.13 01:31:32 [ 0 ] SystemTimeMicroseconds: 3530 (increment)
[clickhouse-builder-0.clickhouse-builder.ch-builder.svc.cluster.local] 2026.05.13 01:31:32 [ 0 ] SoftPageFaults: 2092 (increment)
[clickhouse-builder-0.clickhouse-builder.ch-builder.svc.cluster.local] 2026.05.13 01:31:32 [ 0 ] OSCPUVirtualTimeMicroseconds: 14660 (increment)
[clickhouse-builder-0.clickhouse-builder.ch-builder.svc.cluster.local] 2026.05.13 01:31:32 [ 0 ] OSReadChars: 24427 (increment)
[clickhouse-builder-0.clickhouse-builder.ch-builder.svc.cluster.local] 2026.05.13 01:31:32 [ 0 ] GCSReadRequestsErrors: 24 (increment)
[clickhouse-builder-0.clickhouse-builder.ch-builder.svc.cluster.local] 2026.05.13 01:31:32 [ 0 ] DiskGCSReadRequestsErrors: 24 (increment)
[clickhouse-builder-0.clickhouse-builder.ch-builder.svc.cluster.local] 2026.05.13 01:31:32 [ 0 ] ReadBufferFromGCSMicroseconds: 964824 (increment)
[clickhouse-builder-0.clickhouse-builder.ch-builder.svc.cluster.local] 2026.05.13 01:31:32 [ 0 ] ReadBufferFromGCSBytes: 31554758 (increment)
[clickhouse-builder-0.clickhouse-builder.ch-builder.svc.cluster.local] 2026.05.13 01:31:32 [ 0 ] MemoryAllocatedWithoutCheck: 56 (increment)
[clickhouse-builder-0.clickhouse-builder.ch-builder.svc.cluster.local] 2026.05.13 01:31:32 [ 0 ] MemoryAllocatedWithoutCheckBytes: 5376 (increment)
[clickhouse-builder-0.clickhouse-builder.ch-builder.svc.cluster.local] 2026.05.13 01:31:32 [ 0 ] RemoteFSSeeks: 2 (increment)
[clickhouse-builder-0.clickhouse-builder.ch-builder.svc.cluster.local] 2026.05.13 01:31:32 [ 0 ] RemoteFSPrefetches: 32 (increment)
[clickhouse-builder-0.clickhouse-builder.ch-builder.svc.cluster.local] 2026.05.13 01:31:32 [ 0 ] RemoteFSPrefetchedReads: 43 (increment)
[clickhouse-builder-0.clickhouse-builder.ch-builder.svc.cluster.local] 2026.05.13 01:31:32 [ 0 ] RemoteFSPrefetchedBytes: 33184555 (increment)
[clickhouse-builder-0.clickhouse-builder.ch-builder.svc.cluster.local] 2026.05.13 01:31:32 [ 0 ] ThreadpoolReaderTaskMicroseconds: 964877 (increment)
[clickhouse-builder-0.clickhouse-builder.ch-builder.svc.cluster.local] 2026.05.13 01:31:32 [ 0 ] ThreadpoolReaderReadBytes: 31554758 (increment)
[clickhouse-builder-0.clickhouse-builder.ch-builder.svc.cluster.local] 2026.05.13 01:31:32 [ 0 ] ThreadpoolReaderSubmit: 260 (increment)
[clickhouse-builder-0.clickhouse-builder.ch-builder.svc.cluster.local] 2026.05.13 01:31:32 [ 0 ] ThreadpoolReaderSubmitLookupInCacheMicroseconds: 115 (increment)
[clickhouse-builder-0.clickhouse-builder.ch-builder.svc.cluster.local] 2026.05.13 01:31:32 [ 0 ] AsynchronousRemoteReadWaitMicroseconds: 962732 (increment)
[clickhouse-builder-0.clickhouse-builder.ch-builder.svc.cluster.local] 2026.05.13 01:31:32 [ 0 ] InterfaceNativeSendBytes: 4372 (increment)
[clickhouse-builder-0.clickhouse-builder.ch-builder.svc.cluster.local] 2026.05.13 01:31:32 [ 0 ] MemoryTrackerUsage: 0 (gauge)
[clickhouse-builder-0.clickhouse-builder.ch-builder.svc.cluster.local] 2026.05.13 01:31:32 [ 0 ] MemoryTrackerPeakUsage: 327448540 (gauge)
[clickhouse-builder-0.clickhouse-builder.ch-builder.svc.cluster.local] 2026.05.13 01:31:32 [ 0 ] ReadCompressedBytes: 13950696 (increment)
[clickhouse-builder-0.clickhouse-builder.ch-builder.svc.cluster.local] 2026.05.13 01:31:32 [ 0 ] CompressedReadBufferBlocks: 39 (increment)
[clickhouse-builder-0.clickhouse-builder.ch-builder.svc.cluster.local] 2026.05.13 01:31:32 [ 0 ] CompressedReadBufferBytes: 13971578 (increment)
[clickhouse-builder-0.clickhouse-builder.ch-builder.svc.cluster.local] 2026.05.13 01:31:32 [ 0 ] NetworkSendElapsedMicroseconds: 27 (increment)
[clickhouse-builder-0.clickhouse-builder.ch-builder.svc.cluster.local] 2026.05.13 01:31:32 [ 0 ] NetworkSendBytes: 4183 (increment)
[clickhouse-builder-0.clickhouse-builder.ch-builder.svc.cluster.local] 2026.05.13 01:31:32 [ 0 ] LocalThreadPoolJobs: 7 (increment)
[clickhouse-builder-0.clickhouse-builder.ch-builder.svc.cluster.local] 2026.05.13 01:31:32 [ 0 ] SelectedRows: 97310 (increment)
[clickhouse-builder-0.clickhouse-builder.ch-builder.svc.cluster.local] 2026.05.13 01:31:32 [ 0 ] SelectedBytes: 14109950 (increment)
[clickhouse-builder-0.clickhouse-builder.ch-builder.svc.cluster.local] 2026.05.13 01:31:32 [ 0 ] RowsReadByMainReader: 97310 (increment)
[clickhouse-builder-0.clickhouse-builder.ch-builder.svc.cluster.local] 2026.05.13 01:31:32 [ 0 ] RealTimeMicroseconds: 19468565 (increment)
[clickhouse-builder-0.clickhouse-builder.ch-builder.svc.cluster.local] 2026.05.13 01:31:32 [ 0 ] UserTimeMicroseconds: 65420 (increment)
[clickhouse-builder-0.clickhouse-builder.ch-builder.svc.cluster.local] 2026.05.13 01:31:32 [ 0 ] SystemTimeMicroseconds: 9542 (increment)
[clickhouse-builder-0.clickhouse-builder.ch-builder.svc.cluster.local] 2026.05.13 01:31:32 [ 0 ] SoftPageFaults: 1899 (increment)
[clickhouse-builder-0.clickhouse-builder.ch-builder.svc.cluster.local] 2026.05.13 01:31:32 [ 0 ] OSCPUVirtualTimeMicroseconds: 73934 (increment)
[clickhouse-builder-0.clickhouse-builder.ch-builder.svc.cluster.local] 2026.05.13 01:31:32 [ 0 ] OSReadChars: 29278 (increment)
[clickhouse-builder-0.clickhouse-builder.ch-builder.svc.cluster.local] 2026.05.13 01:31:32 [ 0 ] OSWriteChars: 8 (increment)
[clickhouse-builder-0.clickhouse-builder.ch-builder.svc.cluster.local] 2026.05.13 01:31:32 [ 0 ] GCSReadRequestsErrors: 1 (increment)
[clickhouse-builder-0.clickhouse-builder.ch-builder.svc.cluster.local] 2026.05.13 01:31:32 [ 0 ] DiskGCSReadRequestsErrors: 1 (increment)
[clickhouse-builder-0.clickhouse-builder.ch-builder.svc.cluster.local] 2026.05.13 01:31:32 [ 0 ] ReadBufferFromGCSMicroseconds: 149599 (increment)
[clickhouse-builder-0.clickhouse-builder.ch-builder.svc.cluster.local] 2026.05.13 01:31:32 [ 0 ] ReadBufferFromGCSBytes: 9310702 (increment)
[clickhouse-builder-0.clickhouse-builder.ch-builder.svc.cluster.local] 2026.05.13 01:31:32 [ 0 ] MemoryAllocatedWithoutCheck: 24 (increment)
[clickhouse-builder-0.clickhouse-builder.ch-builder.svc.cluster.local] 2026.05.13 01:31:32 [ 0 ] MemoryAllocatedWithoutCheckBytes: 3642468 (increment)
[clickhouse-builder-0.clickhouse-builder.ch-builder.svc.cluster.local] 2026.05.13 01:31:32 [ 0 ] RemoteFSPrefetches: 7 (increment)
[clickhouse-builder-0.clickhouse-builder.ch-builder.svc.cluster.local] 2026.05.13 01:31:32 [ 0 ] RemoteFSPrefetchedReads: 16 (increment)
[clickhouse-builder-0.clickhouse-builder.ch-builder.svc.cluster.local] 2026.05.13 01:31:32 [ 0 ] RemoteFSPrefetchedBytes: 9808233 (increment)
[clickhouse-builder-0.clickhouse-builder.ch-builder.svc.cluster.local] 2026.05.13 01:31:32 [ 0 ] ThreadpoolReaderTaskMicroseconds: 149611 (increment)
[clickhouse-builder-0.clickhouse-builder.ch-builder.svc.cluster.local] 2026.05.13 01:31:32 [ 0 ] ThreadpoolReaderReadBytes: 9310702 (increment)
[clickhouse-builder-0.clickhouse-builder.ch-builder.svc.cluster.local] 2026.05.13 01:31:32 [ 0 ] ThreadpoolReaderSubmit: 45 (increment)
[clickhouse-builder-0.clickhouse-builder.ch-builder.svc.cluster.local] 2026.05.13 01:31:32 [ 0 ] AsynchronousRemoteReadWaitMicroseconds: 149003 (increment)
[clickhouse-builder-0.clickhouse-builder.ch-builder.svc.cluster.local] 2026.05.13 01:31:32 [ 0 ] InterfaceNativeSendBytes: 4183 (increment)
[clickhouse-builder-0.clickhouse-builder.ch-builder.svc.cluster.local] 2026.05.13 01:31:32 [ 0 ] MemoryTrackerUsage: 53408 (gauge)
[clickhouse-builder-0.clickhouse-builder.ch-builder.svc.cluster.local] 2026.05.13 01:31:32 [ 0 ] MemoryTrackerPeakUsage: 327448540 (gauge)
1.559
exit_code=0
